Archive member included to satisfy reference by file (symbol)

/home/konrad/.pebble-sdk/SDKs/current/sdk-core/pebble/aplite/lib/libpebble.a(tmp7jpKUopebble.o)
                              src/simply/simply_accel.c.42.o (accel_data_service_unsubscribe)
/usr/lib/gcc/arm-none-eabi/6.3.0/armv7-m/libgcc.a(_aeabi_ldivmod.o)
                              src/simply/simply_menu.c.42.o (__aeabi_ldivmod)
/usr/lib/gcc/arm-none-eabi/6.3.0/armv7-m/libgcc.a(_udivmoddi4.o)
                              /usr/lib/gcc/arm-none-eabi/6.3.0/armv7-m/libgcc.a(_aeabi_ldivmod.o) (__udivmoddi4)
/usr/lib/gcc/arm-none-eabi/6.3.0/armv7-m/libgcc.a(_dvmd_tls.o)
                              /usr/lib/gcc/arm-none-eabi/6.3.0/armv7-m/libgcc.a(_aeabi_ldivmod.o) (__aeabi_ldiv0)
/usr/lib/gcc/arm-none-eabi/6.3.0/../../../../arm-none-eabi/lib/armv7-m/libc.a(lib_a-atexit.o)
                              /usr/lib/gcc/arm-none-eabi/6.3.0/../../../../arm-none-eabi/lib/armv7-m/crt0.o (atexit)
/usr/lib/gcc/arm-none-eabi/6.3.0/../../../../arm-none-eabi/lib/armv7-m/libc.a(lib_a-exit.o)
                              /usr/lib/gcc/arm-none-eabi/6.3.0/../../../../arm-none-eabi/lib/armv7-m/crt0.o (exit)
/usr/lib/gcc/arm-none-eabi/6.3.0/../../../../arm-none-eabi/lib/armv7-m/libc.a(lib_a-fini.o)
                              /usr/lib/gcc/arm-none-eabi/6.3.0/../../../../arm-none-eabi/lib/armv7-m/crt0.o (__libc_fini_array)
/usr/lib/gcc/arm-none-eabi/6.3.0/../../../../arm-none-eabi/lib/armv7-m/libc.a(lib_a-impure.o)
                              /usr/lib/gcc/arm-none-eabi/6.3.0/../../../../arm-none-eabi/lib/armv7-m/libc.a(lib_a-exit.o) (_global_impure_ptr)
/usr/lib/gcc/arm-none-eabi/6.3.0/../../../../arm-none-eabi/lib/armv7-m/libc.a(lib_a-init.o)
                              /usr/lib/gcc/arm-none-eabi/6.3.0/../../../../arm-none-eabi/lib/armv7-m/crt0.o (__libc_init_array)
/usr/lib/gcc/arm-none-eabi/6.3.0/../../../../arm-none-eabi/lib/armv7-m/libc.a(lib_a-__atexit.o)
                              /usr/lib/gcc/arm-none-eabi/6.3.0/../../../../arm-none-eabi/lib/armv7-m/libc.a(lib_a-atexit.o) (__register_exitproc)
/usr/lib/gcc/arm-none-eabi/6.3.0/../../../../arm-none-eabi/lib/armv7-m/libc.a(lib_a-__call_atexit.o)
                              /usr/lib/gcc/arm-none-eabi/6.3.0/../../../../arm-none-eabi/lib/armv7-m/libc.a(lib_a-exit.o) (__call_exitprocs)

Discarded input sections

 .text          0x0000000000000000        0x0 /usr/lib/gcc/arm-none-eabi/6.3.0/armv7-m/crti.o
 .bss           0x0000000000000000        0x0 /usr/lib/gcc/arm-none-eabi/6.3.0/armv7-m/crti.o
 .text          0x0000000000000000        0x0 /usr/lib/gcc/arm-none-eabi/6.3.0/armv7-m/crtbegin.o
 .bss           0x0000000000000000        0x0 /usr/lib/gcc/arm-none-eabi/6.3.0/armv7-m/crtbegin.o
 .init_array    0x0000000000000000        0x4 /usr/lib/gcc/arm-none-eabi/6.3.0/armv7-m/crtbegin.o
 .fini_array    0x0000000000000000        0x4 /usr/lib/gcc/arm-none-eabi/6.3.0/armv7-m/crtbegin.o
 .eh_frame      0x0000000000000000        0x0 /usr/lib/gcc/arm-none-eabi/6.3.0/armv7-m/crtbegin.o
 .jcr           0x0000000000000000        0x0 /usr/lib/gcc/arm-none-eabi/6.3.0/armv7-m/crtbegin.o
 .data.__dso_handle
                0x0000000000000000        0x4 /usr/lib/gcc/arm-none-eabi/6.3.0/armv7-m/crtbegin.o
 .text.__do_global_dtors_aux
                0x0000000000000000       0x24 /usr/lib/gcc/arm-none-eabi/6.3.0/armv7-m/crtbegin.o
 .text.frame_dummy
                0x0000000000000000       0x34 /usr/lib/gcc/arm-none-eabi/6.3.0/armv7-m/crtbegin.o
 .bss.completed.8585
                0x0000000000000000        0x1 /usr/lib/gcc/arm-none-eabi/6.3.0/armv7-m/crtbegin.o
 .bss.object.8590
                0x0000000000000000       0x18 /usr/lib/gcc/arm-none-eabi/6.3.0/armv7-m/crtbegin.o
 .text          0x0000000000000000       0x68 /usr/lib/gcc/arm-none-eabi/6.3.0/../../../../arm-none-eabi/lib/armv7-m/crt0.o
 .bss           0x0000000000000000        0x0 /usr/lib/gcc/arm-none-eabi/6.3.0/../../../../arm-none-eabi/lib/armv7-m/crt0.o
 .ARM.extab     0x0000000000000000        0x0 /usr/lib/gcc/arm-none-eabi/6.3.0/../../../../arm-none-eabi/lib/armv7-m/crt0.o
 .ARM.exidx     0x0000000000000000        0x8 /usr/lib/gcc/arm-none-eabi/6.3.0/../../../../arm-none-eabi/lib/armv7-m/crt0.o
 .text          0x0000000000000000        0x0 src/main.c.42.o
 .bss           0x0000000000000000        0x0 src/main.c.42.o
 .text          0x0000000000000000        0x0 src/simply/simply.c.42.o
 .bss           0x0000000000000000        0x0 src/simply/simply.c.42.o
 .text          0x0000000000000000        0x0 src/simply/simply_accel.c.42.o
 .bss           0x0000000000000000        0x0 src/simply/simply_accel.c.42.o
 .text          0x0000000000000000        0x0 src/simply/simply_menu.c.42.o
 .bss           0x0000000000000000        0x0 src/simply/simply_menu.c.42.o
 .text          0x0000000000000000        0x0 src/simply/simply_msg.c.42.o
 .bss           0x0000000000000000        0x0 src/simply/simply_msg.c.42.o
[...]
Memory Configuration

Name             Origin             Length             Attributes
APP              0x0000000000000000 0x0000000000006000 xrw
*default*        0x0000000000000000 0xffffffffffffffff

Linker script and memory map

LOAD /usr/lib/gcc/arm-none-eabi/6.3.0/armv7-m/crti.o
LOAD /usr/lib/gcc/arm-none-eabi/6.3.0/armv7-m/crtbegin.o
LOAD /usr/lib/gcc/arm-none-eabi/6.3.0/../../../../arm-none-eabi/lib/armv7-m/crt0.o
LOAD src/main.c.42.o
LOAD src/simply/simply.c.42.o
LOAD src/simply/simply_accel.c.42.o
LOAD src/simply/simply_menu.c.42.o
LOAD src/simply/simply_msg.c.42.o
LOAD src/simply/simply_res.c.42.o
LOAD src/simply/simply_splash.c.42.o
LOAD src/simply/simply_stage.c.42.o
LOAD src/simply/simply_ui.c.42.o
LOAD src/simply/simply_voice.c.42.o
LOAD src/simply/simply_wakeup.c.42.o
LOAD src/simply/simply_window.c.42.o
LOAD src/simply/simply_window_stack.c.42.o
LOAD aplite/appinfo.auto.c.42.o
LOAD aplite/src/resource_ids.auto.c.42.o
LOAD /home/konrad/.pebble-sdk/SDKs/current/sdk-core/pebble/aplite/lib/libpebble.a
START GROUP
LOAD /usr/lib/gcc/arm-none-eabi/6.3.0/armv7-m/libgcc.a
LOAD /usr/lib/gcc/arm-none-eabi/6.3.0/../../../../arm-none-eabi/lib/armv7-m/libc.a
END GROUP
LOAD /usr/lib/gcc/arm-none-eabi/6.3.0/armv7-m/crtend.o
LOAD /usr/lib/gcc/arm-none-eabi/6.3.0/armv7-m/crtn.o

.header         0x0000000000000000       0x82
 *(.pbl_header)
 .pbl_header    0x0000000000000000       0x82 aplite/appinfo.auto.c.42.o
                0x0000000000000000                __pbl_app_info

.note.gnu.build-id
                0x0000000000000082       0x26
                [!provide]                        PROVIDE (BUILD_ID, .)
 *(.note.gnu.build-id)
 *fill*         0x0000000000000082        0x2 
 .note.gnu.build-id
                0x0000000000000084       0x24 linker stubs

.text           0x00000000000000a8     0x3aaf
 *(.text)
 .text          0x00000000000000a8       0x14 /home/konrad/.pebble-sdk/SDKs/current/sdk-core/pebble/aplite/lib/libpebble.a(tmp7jpKUopebble.o)
 .text          0x00000000000000bc       0xa0 /usr/lib/gcc/arm-none-eabi/6.3.0/armv7-m/libgcc.a(_aeabi_ldivmod.o)
                0x00000000000000bc                __aeabi_ldivmod
 .text          0x000000000000015c        0x4 /usr/lib/gcc/arm-none-eabi/6.3.0/armv7-m/libgcc.a(_dvmd_tls.o)
                0x000000000000015c                __aeabi_ldiv0
                0x000000000000015c                __aeabi_idiv0
 *(.text.*)
 .text.startup.main
                0x0000000000000160       0x16 src/main.c.42.o
                0x0000000000000160                main
 .text.simply_init
                0x0000000000000176       0x60 src/simply/simply.c.42.o
                0x0000000000000176                simply_init
 .text.simply_deinit
                0x00000000000001d6       0x38 src/simply/simply.c.42.o
                0x00000000000001d6                simply_deinit
 .text.handle_accel_tap
                0x000000000000020e       0x22 src/simply/simply_accel.c.42.o
 .text.send_accel_data.isra.1
                0x0000000000000230       0x4a src/simply/simply_accel.c.42.o
 .text.handle_accel_data
                0x000000000000027a        0x6 src/simply/simply_accel.c.42.o
 .text.accel_peek_timer_callback
                0x0000000000000280       0x48 src/simply/simply_accel.c.42.o
 .text.simply_accel_handle_packet
                0x00000000000002c8       0x68 src/simply/simply_accel.c.42.o
                0x00000000000002c8                simply_accel_handle_packet
 .text.simply_accel_create
                0x0000000000000330       0x38 src/simply/simply_accel.c.42.o
                0x0000000000000330                simply_accel_create
 .text.simply_accel_destroy
                0x0000000000000368       0x20 src/simply/simply_accel.c.42.o
                0x0000000000000368                simply_accel_destroy
 .text.list1_remove
                0x0000000000000388       0x36 src/simply/simply_menu.c.42.o
 .text.prv_menu_get_num_sections_callback
                0x00000000000003be        0x4 src/simply/simply_menu.c.42.o
 *fill*         0x00000000000003c2        0x2 
 .text.prv_free_title
                0x00000000000003c4       0x20 src/simply/simply_menu.c.42.o
 .text.prv_destroy_section
                0x00000000000003e4       0x20 src/simply/simply_menu.c.42.o
 .text.prv_destroy_item
                0x0000000000000404       0x28 src/simply/simply_menu.c.42.o
 .text.strdup2  0x000000000000042c       0x32 src/simply/simply_menu.c.42.o
 .text.prv_menu_window_unload
                0x000000000000045e       0x1c src/simply/simply_menu.c.42.o
 .text.prv_menu_window_appear
                0x000000000000047a        0xe src/simply/simply_menu.c.42.o
 .text.prv_click_config_provider
                0x0000000000000488       0x24 src/simply/simply_menu.c.42.o
 .text.prv_single_click_handler
                0x00000000000004ac       0x1a src/simply/simply_menu.c.42.o
 .text.gpoint_polar
                0x00000000000004c6       0x34 src/simply/simply_menu.c.42.o
 .text.simply_menu_clear
                0x00000000000004fa       0x2a src/simply/simply_menu.c.42.o
 .text.prv_menu_window_disappear
                0x0000000000000524       0x22 src/simply/simply_menu.c.42.o
 *fill*         0x0000000000000546        0x2 
 .text.prv_menu_window_load
                0x0000000000000548       0xf0 src/simply/simply_menu.c.42.o
 .text.prv_get_menu_section.isra.1
                0x0000000000000638       0x10 src/simply/simply_menu.c.42.o
 .text.prv_menu_get_num_rows_callback
                0x0000000000000648       0x12 src/simply/simply_menu.c.42.o
 *fill*         0x000000000000065a        0x2 
 .text.prv_menu_get_header_height_callback
                0x000000000000065c       0x20 src/simply/simply_menu.c.42.o
 .text.refresh_spinner_timer
                0x000000000000067c       0x2c src/simply/simply_menu.c.42.o
 .text.prv_add_section
                0x00000000000006a8       0x48 src/simply/simply_menu.c.42.o
 .text.prv_menu_select_long_click_callback
                0x00000000000006f0       0x26 src/simply/simply_menu.c.42.o
 .text.prv_request_menu_section
                0x0000000000000716       0x48 src/simply/simply_menu.c.42.o
 *fill*         0x000000000000075e        0x2 
 .text.prv_menu_draw_header_callback
                0x0000000000000760       0xb0 src/simply/simply_menu.c.42.o
 .text.prv_menu_select_click_callback
                0x0000000000000810       0x26 src/simply/simply_menu.c.42.o
 .text.spinner_timer_callback
                0x0000000000000836       0x1e src/simply/simply_menu.c.42.o
 .text.prv_add_item
                0x0000000000000854       0x58 src/simply/simply_menu.c.42.o
 .text.prv_menu_draw_row_callback
                0x00000000000008ac      0x238 src/simply/simply_menu.c.42.o
 .text.simply_menu_handle_packet
                0x0000000000000ae4      0x1d4 src/simply/simply_menu.c.42.o
                0x0000000000000ae4                simply_menu_handle_packet
 .text.simply_menu_create
                0x0000000000000cb8       0x3c src/simply/simply_menu.c.42.o
                0x0000000000000cb8                simply_menu_create
 .text.simply_menu_destroy
                0x0000000000000cf4       0x16 src/simply/simply_menu.c.42.o
                0x0000000000000cf4                simply_menu_destroy
 .text.list1_remove
                0x0000000000000d0a       0x36 src/simply/simply_msg.c.42.o
 .text.dropped_callback
                0x0000000000000d40        0x2 src/simply/simply_msg.c.42.o
 .text.sent_callback
                0x0000000000000d42        0x2 src/simply/simply_msg.c.42.o
 .text.send_msg
                0x0000000000000d44       0x32 src/simply/simply_msg.c.42.o
 .text.handle_packet
                0x0000000000000d76      0x17c src/simply/simply_msg.c.42.o
 *fill*         0x0000000000000ef2        0x2 
 .text.received_callback
                0x0000000000000ef4       0x38 src/simply/simply_msg.c.42.o
 .text.send_msg_retry
                0x0000000000000f2c       0xac src/simply/simply_msg.c.42.o
 .text.simply_msg_has_communicated
                0x0000000000000fd8        0xc src/simply/simply_msg.c.42.o
                0x0000000000000fd8                simply_msg_has_communicated
 .text.simply_msg_show_disconnected
                0x0000000000000fe4       0x58 src/simply/simply_msg.c.42.o
                0x0000000000000fe4                simply_msg_show_disconnected
 .text.failed_callback
                0x000000000000103c       0x18 src/simply/simply_msg.c.42.o
 .text.simply_msg_create
                0x0000000000001054       0x6c src/simply/simply_msg.c.42.o
                0x0000000000001054                simply_msg_create
 .text.simply_msg_destroy
                0x00000000000010c0       0x1c src/simply/simply_msg.c.42.o
                0x00000000000010c0                simply_msg_destroy
 .text.simply_msg_send
                0x00000000000010dc        0x4 src/simply/simply_msg.c.42.o
                0x00000000000010dc                simply_msg_send
 .text.simply_msg_send_packet
                0x00000000000010e0       0x80 src/simply/simply_msg.c.42.o
                0x00000000000010e0                simply_msg_send_packet
 .text.list1_remove
                0x0000000000001160       0x36 src/simply/simply_res.c.42.o
 .text.destroy_image
                0x0000000000001196       0x22 src/simply/simply_res.c.42.o
 .text.create_bitmap_with_id
                0x00000000000011b8       0x12 src/simply/simply_res.c.42.o
 .text.malloc0  0x00000000000011ca       0x18 src/simply/simply_res.c.42.o
 .text.setup_image
                0x00000000000011e2       0x62 src/simply/simply_res.c.42.o
 .text.window_stack_schedule_top_window_render
                0x0000000000001244       0x12 src/simply/simply_res.c.42.o
 .text.create_bitmap_with_png_data
                0x0000000000001256        0xc src/simply/simply_res.c.42.o
 .text.simply_res_evict_image
                0x0000000000001262       0x1a src/simply/simply_res.c.42.o
                0x0000000000001262                simply_res_evict_image
 .text.create_image
                0x000000000000127c       0x46 src/simply/simply_res.c.42.o
 *fill*         0x00000000000012c2        0x2 
 .text.simply_res_add_bundled_image
                0x00000000000012c4       0x28 src/simply/simply_res.c.42.o
                0x00000000000012c4                simply_res_add_bundled_image
 .text.simply_res_add_image
                0x00000000000012ec       0x60 src/simply/simply_res.c.42.o
                0x00000000000012ec                simply_res_add_image
 .text.simply_res_auto_image
                0x000000000000134c       0x3e src/simply/simply_res.c.42.o
                0x000000000000134c                simply_res_auto_image
 .text.simply_res_add_custom_font
                0x000000000000138a       0x42 src/simply/simply_res.c.42.o
                0x000000000000138a                simply_res_add_custom_font
 .text.simply_res_auto_font
                0x00000000000013cc       0x26 src/simply/simply_res.c.42.o
                0x00000000000013cc                simply_res_auto_font
 .text.simply_res_clear
                0x00000000000013f2       0x2e src/simply/simply_res.c.42.o
                0x00000000000013f2                simply_res_clear
 .text.simply_res_create
                0x0000000000001420       0x26 src/simply/simply_res.c.42.o
                0x0000000000001420                simply_res_create
 .text.simply_res_destroy
                0x0000000000001446       0x12 src/simply/simply_res.c.42.o
                0x0000000000001446                simply_res_destroy
 .text.layer_update_callback
                0x0000000000001458       0x24 src/simply/simply_splash.c.42.o
                0x0000000000001458                layer_update_callback
 .text.window_load
                0x000000000000147c       0x12 src/simply/simply_splash.c.42.o
 *fill*         0x000000000000148e        0x2 
 .text.simply_splash_create
                0x0000000000001490       0x74 src/simply/simply_splash.c.42.o
                0x0000000000001490                simply_splash_create
 .text.simply_splash_destroy
                0x0000000000001504       0x20 src/simply/simply_splash.c.42.o
                0x0000000000001504                simply_splash_destroy
 .text.window_disappear
                0x0000000000001524       0x1a src/simply/simply_splash.c.42.o
 .text.list1_remove
                0x000000000000153e       0x36 src/simply/simply_stage.c.42.o
 .text.element_frame_getter
                0x0000000000001574       0x10 src/simply/simply_stage.c.42.o
 .text.destroy_animation
                0x0000000000001584       0x24 src/simply/simply_stage.c.42.o
 .text.handle_tick
                0x00000000000015a8       0x12 src/simply/simply_stage.c.42.o
 .text.simply_stage_remove_element
                0x00000000000015ba       0x24 src/simply/simply_stage.c.42.o
 .text.window_unload
                0x00000000000015de       0x1e src/simply/simply_stage.c.42.o
 .text.window_load
                0x00000000000015fc       0x68 src/simply/simply_stage.c.42.o
 .text.simply_stage_update_ticker.isra.0
                0x0000000000001664       0x2c src/simply/simply_stage.c.42.o
 .text.simply_stage_clear
                0x0000000000001690       0x50 src/simply/simply_stage.c.42.o
 .text.window_disappear
                0x00000000000016e0       0x22 src/simply/simply_stage.c.42.o
 .text.window_appear
                0x0000000000001702       0x16 src/simply/simply_stage.c.42.o
 .text.simply_stage_update.isra.2
                0x0000000000001718        0x8 src/simply/simply_stage.c.42.o
 .text.simply_stage_set_element_frame.isra.10
                0x0000000000001720       0x3c src/simply/simply_stage.c.42.o
 .text.element_frame_setter
                0x000000000000175c       0x20 src/simply/simply_stage.c.42.o
 .text.prv_draw_line_polar.constprop.26
                0x000000000000177c       0x2e src/simply/simply_stage.c.42.o
 .text.animation_stopped
                0x00000000000017aa       0x34 src/simply/simply_stage.c.42.o
 *fill*         0x00000000000017de        0x2 
 .text.simply_stage_auto_element
                0x00000000000017e0       0x78 src/simply/simply_stage.c.42.o
 .text.rect_element_draw.isra.20
                0x0000000000001858       0x42 src/simply/simply_stage.c.42.o
 *fill*         0x000000000000189a        0x2 
 .text.layer_update_callback
                0x000000000000189c      0x378 src/simply/simply_stage.c.42.o
 .text.simply_stage_handle_packet
                0x0000000000001c14      0x2dc src/simply/simply_stage.c.42.o
                0x0000000000001c14                simply_stage_handle_packet
 .text.simply_stage_create
                0x0000000000001ef0       0x38 src/simply/simply_stage.c.42.o
                0x0000000000001ef0                simply_stage_create
 .text.simply_stage_destroy
                0x0000000000001f28       0x16 src/simply/simply_stage.c.42.o
                0x0000000000001f28                simply_stage_destroy
 .text.is_string
                0x0000000000001f3e        0xc src/simply/simply_ui.c.42.o
 .text.window_unload
                0x0000000000001f4a       0x1e src/simply/simply_ui.c.42.o
 .text.window_disappear
                0x0000000000001f68       0x1c src/simply/simply_ui.c.42.o
 .text.window_appear
                0x0000000000001f84        0xe src/simply/simply_ui.c.42.o
 .text.graphics_draw_bitmap_centered
                0x0000000000001f92       0x5e src/simply/simply_ui.c.42.o
 .text.layer_update_callback
                0x0000000000001ff0      0x534 src/simply/simply_ui.c.42.o
 .text.mark_dirty.isra.1
                0x0000000000002524        0x8 src/simply/simply_ui.c.42.o
 .text.show_welcome_text
                0x000000000000252c       0x18 src/simply/simply_ui.c.42.o
 .text.simply_ui_set_style
                0x0000000000002544       0x3c src/simply/simply_ui.c.42.o
                0x0000000000002544                simply_ui_set_style
 .text.window_load
                0x0000000000002580       0x6c src/simply/simply_ui.c.42.o
 .text.simply_ui_set_text
                0x00000000000025ec       0x6e src/simply/simply_ui.c.42.o
                0x00000000000025ec                simply_ui_set_text
 .text.simply_ui_clear
                0x000000000000265a       0x54 src/simply/simply_ui.c.42.o
                0x000000000000265a                simply_ui_clear
 .text.simply_ui_handle_packet
                0x00000000000026ae       0x76 src/simply/simply_ui.c.42.o
                0x00000000000026ae                simply_ui_handle_packet
 .text.simply_ui_create
                0x0000000000002724       0x48 src/simply/simply_ui.c.42.o
                0x0000000000002724                simply_ui_create
 .text.simply_ui_destroy
                0x000000000000276c       0x2a src/simply/simply_ui.c.42.o
                0x000000000000276c                simply_ui_destroy
 .text.wakeup_set_timer_callback
                0x0000000000002796       0x22 src/simply/simply_wakeup.c.42.o
 .text.wakeup_handler
                0x00000000000027b8       0x1e src/simply/simply_wakeup.c.42.o
 *fill*         0x00000000000027d6        0x2 
 .text.simply_wakeup_handle_packet
                0x00000000000027d8       0xa8 src/simply/simply_wakeup.c.42.o
                0x00000000000027d8                simply_wakeup_handle_packet
 .text.simply_wakeup_init
                0x0000000000002880        0xc src/simply/simply_wakeup.c.42.o
                0x0000000000002880                simply_wakeup_init
 .text.click_config_provider
                0x000000000000288c       0x80 src/simply/simply_window.c.42.o
 .text.prv_update_layer_placement
                0x000000000000290c       0xb6 src/simply/simply_window.c.42.o
 .text.simply_window_single_click_handler
                0x00000000000029c2       0x54 src/simply/simply_window.c.42.o
                0x00000000000029c2                simply_window_single_click_handler
 *fill*         0x0000000000002a16        0x2 
 .text.prv_set_scroll_layer_click_config
                0x0000000000002a18       0x38 src/simply/simply_window.c.42.o
 .text.long_click_handler
                0x0000000000002a50       0x32 src/simply/simply_window.c.42.o
 .text.simply_window_set_scrollable
                0x0000000000002a82       0x82 src/simply/simply_window.c.42.o
                0x0000000000002a82                simply_window_set_scrollable
 .text.simply_window_set_status_bar
                0x0000000000002b04       0x46 src/simply/simply_window.c.42.o
                0x0000000000002b04                simply_window_set_status_bar
 .text.simply_window_set_background_color
                0x0000000000002b4a        0xe src/simply/simply_window.c.42.o
                0x0000000000002b4a                simply_window_set_background_color
 .text.simply_window_set_status_bar_colors
                0x0000000000002b58        0xa src/simply/simply_window.c.42.o
                0x0000000000002b58                simply_window_set_status_bar_colors
 .text.simply_window_set_status_bar_separator_mode
                0x0000000000002b62        0xa src/simply/simply_window.c.42.o
                0x0000000000002b62                simply_window_set_status_bar_separator_mode
 .text.simply_window_set_action_bar
                0x0000000000002b6c       0x50 src/simply/simply_window.c.42.o
                0x0000000000002b6c                simply_window_set_action_bar
 .text.simply_window_set_action_bar_icon
                0x0000000000002bbc       0x54 src/simply/simply_window.c.42.o
                0x0000000000002bbc                simply_window_set_action_bar_icon
 .text.simply_window_set_action_bar_background_color
                0x0000000000002c10       0x38 src/simply/simply_window.c.42.o
                0x0000000000002c10                simply_window_set_action_bar_background_color
 .text.simply_window_action_bar_clear
                0x0000000000002c48       0x22 src/simply/simply_window.c.42.o
                0x0000000000002c48                simply_window_action_bar_clear
 .text.simply_window_preload
                0x0000000000002c6a       0x32 src/simply/simply_window.c.42.o
                0x0000000000002c6a                simply_window_preload
 .text.simply_window_load
                0x0000000000002c9c       0x90 src/simply/simply_window.c.42.o
                0x0000000000002c9c                simply_window_load
 .text.simply_window_appear
                0x0000000000002d2c       0x22 src/simply/simply_window.c.42.o
                0x0000000000002d2c                simply_window_appear
 .text.simply_window_disappear
                0x0000000000002d4e       0x22 src/simply/simply_window.c.42.o
                0x0000000000002d4e                simply_window_disappear
 .text.simply_window_unload
                0x0000000000002d70       0x32 src/simply/simply_window.c.42.o
                0x0000000000002d70                simply_window_unload
 .text.simply_window_handle_packet
                0x0000000000002da2       0xbe src/simply/simply_window.c.42.o
                0x0000000000002da2                simply_window_handle_packet
 .text.simply_window_init
                0x0000000000002e60       0x26 src/simply/simply_window.c.42.o
                0x0000000000002e60                simply_window_init
 .text.simply_window_deinit
                0x0000000000002e86       0x12 src/simply/simply_window.c.42.o
                0x0000000000002e86                simply_window_deinit
 .text.show_window_sdk_3.isra.0
                0x0000000000002e98       0x50 src/simply/simply_window_stack.c.42.o
 .text.simply_window_stack_set_broadcast
                0x0000000000002ee8       0x10 src/simply/simply_window_stack.c.42.o
                0x0000000000002ee8                simply_window_stack_set_broadcast
 .text.simply_window_stack_get_top_window
                0x0000000000002ef8       0x1a src/simply/simply_window_stack.c.42.o
                0x0000000000002ef8                simply_window_stack_get_top_window
 .text.simply_window_stack_show
                0x0000000000002f12        0x4 src/simply/simply_window_stack.c.42.o
                0x0000000000002f12                simply_window_stack_show
 .text.simply_window_stack_pop
                0x0000000000002f16       0x26 src/simply/simply_window_stack.c.42.o
                0x0000000000002f16                simply_window_stack_pop
 .text.simply_window_stack_send_show
                0x0000000000002f3c       0x34 src/simply/simply_window_stack.c.42.o
                0x0000000000002f3c                simply_window_stack_send_show
 .text.simply_window_stack_send_hide
                0x0000000000002f70       0x34 src/simply/simply_window_stack.c.42.o
                0x0000000000002f70                simply_window_stack_send_hide
 .text.simply_window_stack_back
                0x0000000000002fa4       0x1a src/simply/simply_window_stack.c.42.o
                0x0000000000002fa4                simply_window_stack_back
 .text.simply_window_stack_handle_packet
                0x0000000000002fbe       0x46 src/simply/simply_window_stack.c.42.o
                0x0000000000002fbe                simply_window_stack_handle_packet
 .text.simply_window_stack_create
                0x0000000000003004       0x12 src/simply/simply_window_stack.c.42.o
                0x0000000000003004                simply_window_stack_create
 .text.simply_window_stack_destroy
                0x0000000000003016        0x8 src/simply/simply_window_stack.c.42.o
                0x0000000000003016                simply_window_stack_destroy
 *fill*         0x000000000000301e        0x2 
 .text.accel_data_service_unsubscribe
                0x0000000000003020        0xc /home/konrad/.pebble-sdk/SDKs/current/sdk-core/pebble/aplite/lib/libpebble.a(tmp7jpKUopebble.o)
                0x0000000000003020                accel_data_service_unsubscribe
 .text.accel_service_peek
                0x000000000000302c        0xc /home/konrad/.pebble-sdk/SDKs/current/sdk-core/pebble/aplite/lib/libpebble.a(tmp7jpKUopebble.o)
                0x000000000000302c                accel_service_peek
 .text.accel_service_set_sampling_rate
                0x0000000000003038        0xc /home/konrad/.pebble-sdk/SDKs/current/sdk-core/pebble/aplite/lib/libpebble.a(tmp7jpKUopebble.o)
                0x0000000000003038                accel_service_set_sampling_rate
 .text.accel_tap_service_subscribe
                0x0000000000003044        0xc /home/konrad/.pebble-sdk/SDKs/current/sdk-core/pebble/aplite/lib/libpebble.a(tmp7jpKUopebble.o)
                0x0000000000003044                accel_tap_service_subscribe
 .text.accel_tap_service_unsubscribe
                0x0000000000003050        0xc /home/konrad/.pebble-sdk/SDKs/current/sdk-core/pebble/aplite/lib/libpebble.a(tmp7jpKUopebble.o)
                0x0000000000003050                accel_tap_service_unsubscribe
 .text.app_event_loop
                0x000000000000305c        0xc /home/konrad/.pebble-sdk/SDKs/current/sdk-core/pebble/aplite/lib/libpebble.a(tmp7jpKUopebble.o)
                0x000000000000305c                app_event_loop
 .text.app_message_deregister_callbacks
                0x0000000000003068        0xc /home/konrad/.pebble-sdk/SDKs/current/sdk-core/pebble/aplite/lib/libpebble.a(tmp7jpKUopebble.o)
                0x0000000000003068                app_message_deregister_callbacks
 .text.app_message_open
                0x0000000000003074        0xc /home/konrad/.pebble-sdk/SDKs/current/sdk-core/pebble/aplite/lib/libpebble.a(tmp7jpKUopebble.o)
                0x0000000000003074                app_message_open
 .text.app_timer_cancel
                0x0000000000003080        0xc /home/konrad/.pebble-sdk/SDKs/current/sdk-core/pebble/aplite/lib/libpebble.a(tmp7jpKUopebble.o)
                0x0000000000003080                app_timer_cancel
 .text.app_timer_register
                0x000000000000308c        0xc /home/konrad/.pebble-sdk/SDKs/current/sdk-core/pebble/aplite/lib/libpebble.a(tmp7jpKUopebble.o)
                0x000000000000308c                app_timer_register
 .text.click_recognizer_get_button_id
                0x0000000000003098        0xc /home/konrad/.pebble-sdk/SDKs/current/sdk-core/pebble/aplite/lib/libpebble.a(tmp7jpKUopebble.o)
                0x0000000000003098                click_recognizer_get_button_id
 .text.cos_lookup
                0x00000000000030a4        0xc /home/konrad/.pebble-sdk/SDKs/current/sdk-core/pebble/aplite/lib/libpebble.a(tmp7jpKUopebble.o)
                0x00000000000030a4                cos_lookup
 .text.dict_find
                0x00000000000030b0        0xc /home/konrad/.pebble-sdk/SDKs/current/sdk-core/pebble/aplite/lib/libpebble.a(tmp7jpKUopebble.o)
                0x00000000000030b0                dict_find
 .text.dict_write_data
                0x00000000000030bc        0xc /home/konrad/.pebble-sdk/SDKs/current/sdk-core/pebble/aplite/lib/libpebble.a(tmp7jpKUopebble.o)
                0x00000000000030bc                dict_write_data
 .text.fonts_get_system_font
                0x00000000000030c8        0xc /home/konrad/.pebble-sdk/SDKs/current/sdk-core/pebble/aplite/lib/libpebble.a(tmp7jpKUopebble.o)
                0x00000000000030c8                fonts_get_system_font
 .text.fonts_load_custom_font
                0x00000000000030d4        0xc /home/konrad/.pebble-sdk/SDKs/current/sdk-core/pebble/aplite/lib/libpebble.a(tmp7jpKUopebble.o)
                0x00000000000030d4                fonts_load_custom_font
 .text.fonts_unload_custom_font
                0x00000000000030e0        0xc /home/konrad/.pebble-sdk/SDKs/current/sdk-core/pebble/aplite/lib/libpebble.a(tmp7jpKUopebble.o)
                0x00000000000030e0                fonts_unload_custom_font
 .text.free     0x00000000000030ec        0xc /home/konrad/.pebble-sdk/SDKs/current/sdk-core/pebble/aplite/lib/libpebble.a(tmp7jpKUopebble.o)
                0x00000000000030ec                free
 .text.gbitmap_create_with_resource
                0x00000000000030f8        0xc /home/konrad/.pebble-sdk/SDKs/current/sdk-core/pebble/aplite/lib/libpebble.a(tmp7jpKUopebble.o)
                0x00000000000030f8                gbitmap_create_with_resource
 .text.gbitmap_destroy
                0x0000000000003104        0xc /home/konrad/.pebble-sdk/SDKs/current/sdk-core/pebble/aplite/lib/libpebble.a(tmp7jpKUopebble.o)
                0x0000000000003104                gbitmap_destroy
 .text.graphics_context_set_compositing_mode
                0x0000000000003110        0xc /home/konrad/.pebble-sdk/SDKs/current/sdk-core/pebble/aplite/lib/libpebble.a(tmp7jpKUopebble.o)
                0x0000000000003110                graphics_context_set_compositing_mode
 .text.graphics_draw_bitmap_in_rect
                0x000000000000311c        0xc /home/konrad/.pebble-sdk/SDKs/current/sdk-core/pebble/aplite/lib/libpebble.a(tmp7jpKUopebble.o)
                0x000000000000311c                graphics_draw_bitmap_in_rect
 .text.graphics_draw_circle
                0x0000000000003128        0xc /home/konrad/.pebble-sdk/SDKs/current/sdk-core/pebble/aplite/lib/libpebble.a(tmp7jpKUopebble.o)
                0x0000000000003128                graphics_draw_circle
 .text.graphics_draw_line
                0x0000000000003134        0xc /home/konrad/.pebble-sdk/SDKs/current/sdk-core/pebble/aplite/lib/libpebble.a(tmp7jpKUopebble.o)
                0x0000000000003134                graphics_draw_line
 .text.graphics_draw_round_rect
                0x0000000000003140        0xc /home/konrad/.pebble-sdk/SDKs/current/sdk-core/pebble/aplite/lib/libpebble.a(tmp7jpKUopebble.o)
                0x0000000000003140                graphics_draw_round_rect
 .text.graphics_fill_circle
                0x000000000000314c        0xc /home/konrad/.pebble-sdk/SDKs/current/sdk-core/pebble/aplite/lib/libpebble.a(tmp7jpKUopebble.o)
                0x000000000000314c                graphics_fill_circle
 .text.graphics_fill_rect
                0x0000000000003158        0xc /home/konrad/.pebble-sdk/SDKs/current/sdk-core/pebble/aplite/lib/libpebble.a(tmp7jpKUopebble.o)
                0x0000000000003158                graphics_fill_rect
 .text.grect_center_point
                0x0000000000003164        0xc /home/konrad/.pebble-sdk/SDKs/current/sdk-core/pebble/aplite/lib/libpebble.a(tmp7jpKUopebble.o)
                0x0000000000003164                grect_center_point
 .text.grect_standardize
                0x0000000000003170        0xc /home/konrad/.pebble-sdk/SDKs/current/sdk-core/pebble/aplite/lib/libpebble.a(tmp7jpKUopebble.o)
                0x0000000000003170                grect_standardize
 .text.gsize_equal
                0x000000000000317c        0xc /home/konrad/.pebble-sdk/SDKs/current/sdk-core/pebble/aplite/lib/libpebble.a(tmp7jpKUopebble.o)
                0x000000000000317c                gsize_equal
 .text.inverter_layer_create
                0x0000000000003188        0xc /home/konrad/.pebble-sdk/SDKs/current/sdk-core/pebble/aplite/lib/libpebble.a(tmp7jpKUopebble.o)
                0x0000000000003188                inverter_layer_create
 .text.inverter_layer_destroy
                0x0000000000003194        0xc /home/konrad/.pebble-sdk/SDKs/current/sdk-core/pebble/aplite/lib/libpebble.a(tmp7jpKUopebble.o)
                0x0000000000003194                inverter_layer_destroy
 .text.inverter_layer_get_layer
                0x00000000000031a0        0xc /home/konrad/.pebble-sdk/SDKs/current/sdk-core/pebble/aplite/lib/libpebble.a(tmp7jpKUopebble.o)
                0x00000000000031a0                inverter_layer_get_layer
 .text.layer_add_child
                0x00000000000031ac        0xc /home/konrad/.pebble-sdk/SDKs/current/sdk-core/pebble/aplite/lib/libpebble.a(tmp7jpKUopebble.o)
                0x00000000000031ac                layer_add_child
 .text.layer_create_with_data
                0x00000000000031b8        0xc /home/konrad/.pebble-sdk/SDKs/current/sdk-core/pebble/aplite/lib/libpebble.a(tmp7jpKUopebble.o)
                0x00000000000031b8                layer_create_with_data
 .text.layer_destroy
                0x00000000000031c4        0xc /home/konrad/.pebble-sdk/SDKs/current/sdk-core/pebble/aplite/lib/libpebble.a(tmp7jpKUopebble.o)
                0x00000000000031c4                layer_destroy
 .text.layer_get_bounds
                0x00000000000031d0        0xc /home/konrad/.pebble-sdk/SDKs/current/sdk-core/pebble/aplite/lib/libpebble.a(tmp7jpKUopebble.o)
                0x00000000000031d0                layer_get_bounds
 .text.layer_get_data
                0x00000000000031dc        0xc /home/konrad/.pebble-sdk/SDKs/current/sdk-core/pebble/aplite/lib/libpebble.a(tmp7jpKUopebble.o)
                0x00000000000031dc                layer_get_data
 .text.layer_get_frame
                0x00000000000031e8        0xc /home/konrad/.pebble-sdk/SDKs/current/sdk-core/pebble/aplite/lib/libpebble.a(tmp7jpKUopebble.o)
                0x00000000000031e8                layer_get_frame
 .text.layer_get_window
                0x00000000000031f4        0xc /home/konrad/.pebble-sdk/SDKs/current/sdk-core/pebble/aplite/lib/libpebble.a(tmp7jpKUopebble.o)
                0x00000000000031f4                layer_get_window
 .text.layer_mark_dirty
                0x0000000000003200        0xc /home/konrad/.pebble-sdk/SDKs/current/sdk-core/pebble/aplite/lib/libpebble.a(tmp7jpKUopebble.o)
                0x0000000000003200                layer_mark_dirty
 .text.layer_remove_from_parent
                0x000000000000320c        0xc /home/konrad/.pebble-sdk/SDKs/current/sdk-core/pebble/aplite/lib/libpebble.a(tmp7jpKUopebble.o)
                0x000000000000320c                layer_remove_from_parent
 .text.layer_set_frame
                0x0000000000003218        0xc /home/konrad/.pebble-sdk/SDKs/current/sdk-core/pebble/aplite/lib/libpebble.a(tmp7jpKUopebble.o)
                0x0000000000003218                layer_set_frame
 .text.layer_set_update_proc
                0x0000000000003224        0xc /home/konrad/.pebble-sdk/SDKs/current/sdk-core/pebble/aplite/lib/libpebble.a(tmp7jpKUopebble.o)
                0x0000000000003224                layer_set_update_proc
 .text.light_enable
                0x0000000000003230        0xc /home/konrad/.pebble-sdk/SDKs/current/sdk-core/pebble/aplite/lib/libpebble.a(tmp7jpKUopebble.o)
                0x0000000000003230                light_enable
 .text.light_enable_interaction
                0x000000000000323c        0xc /home/konrad/.pebble-sdk/SDKs/current/sdk-core/pebble/aplite/lib/libpebble.a(tmp7jpKUopebble.o)
                0x000000000000323c                light_enable_interaction
 .text.malloc   0x0000000000003248        0xc /home/konrad/.pebble-sdk/SDKs/current/sdk-core/pebble/aplite/lib/libpebble.a(tmp7jpKUopebble.o)
                0x0000000000003248                malloc
 .text.memcpy   0x0000000000003254        0xc /home/konrad/.pebble-sdk/SDKs/current/sdk-core/pebble/aplite/lib/libpebble.a(tmp7jpKUopebble.o)
                0x0000000000003254                memcpy
 .text.memset   0x0000000000003260        0xc /home/konrad/.pebble-sdk/SDKs/current/sdk-core/pebble/aplite/lib/libpebble.a(tmp7jpKUopebble.o)
                0x0000000000003260                memset
 .text.menu_cell_basic_draw
                0x000000000000326c        0xc /home/konrad/.pebble-sdk/SDKs/current/sdk-core/pebble/aplite/lib/libpebble.a(tmp7jpKUopebble.o)
                0x000000000000326c                menu_cell_basic_draw
 .text.menu_layer_destroy
                0x0000000000003278        0xc /home/konrad/.pebble-sdk/SDKs/current/sdk-core/pebble/aplite/lib/libpebble.a(tmp7jpKUopebble.o)
                0x0000000000003278                menu_layer_destroy
 .text.menu_layer_get_layer
                0x0000000000003284        0xc /home/konrad/.pebble-sdk/SDKs/current/sdk-core/pebble/aplite/lib/libpebble.a(tmp7jpKUopebble.o)
                0x0000000000003284                menu_layer_get_layer
 .text.menu_layer_get_selected_index
                0x0000000000003290        0xc /home/konrad/.pebble-sdk/SDKs/current/sdk-core/pebble/aplite/lib/libpebble.a(tmp7jpKUopebble.o)
                0x0000000000003290                menu_layer_get_selected_index
 .text.menu_layer_reload_data
                0x000000000000329c        0xc /home/konrad/.pebble-sdk/SDKs/current/sdk-core/pebble/aplite/lib/libpebble.a(tmp7jpKUopebble.o)
                0x000000000000329c                menu_layer_reload_data
 .text.menu_layer_set_click_config_onto_window
                0x00000000000032a8        0xc /home/konrad/.pebble-sdk/SDKs/current/sdk-core/pebble/aplite/lib/libpebble.a(tmp7jpKUopebble.o)
                0x00000000000032a8                menu_layer_set_click_config_onto_window
 .text.menu_layer_set_selected_index
                0x00000000000032b4        0xc /home/konrad/.pebble-sdk/SDKs/current/sdk-core/pebble/aplite/lib/libpebble.a(tmp7jpKUopebble.o)
                0x00000000000032b4                menu_layer_set_selected_index
 .text.resource_get_handle
                0x00000000000032c0        0xc /home/konrad/.pebble-sdk/SDKs/current/sdk-core/pebble/aplite/lib/libpebble.a(tmp7jpKUopebble.o)
                0x00000000000032c0                resource_get_handle
 .text.scroll_layer_add_child
                0x00000000000032cc        0xc /home/konrad/.pebble-sdk/SDKs/current/sdk-core/pebble/aplite/lib/libpebble.a(tmp7jpKUopebble.o)
                0x00000000000032cc                scroll_layer_add_child
 .text.scroll_layer_create
                0x00000000000032d8        0xc /home/konrad/.pebble-sdk/SDKs/current/sdk-core/pebble/aplite/lib/libpebble.a(tmp7jpKUopebble.o)
                0x00000000000032d8                scroll_layer_create
 .text.scroll_layer_destroy
                0x00000000000032e4        0xc /home/konrad/.pebble-sdk/SDKs/current/sdk-core/pebble/aplite/lib/libpebble.a(tmp7jpKUopebble.o)
                0x00000000000032e4                scroll_layer_destroy
 .text.scroll_layer_get_content_offset
                0x00000000000032f0        0xc /home/konrad/.pebble-sdk/SDKs/current/sdk-core/pebble/aplite/lib/libpebble.a(tmp7jpKUopebble.o)
                0x00000000000032f0                scroll_layer_get_content_offset
 .text.scroll_layer_get_content_size
                0x00000000000032fc        0xc /home/konrad/.pebble-sdk/SDKs/current/sdk-core/pebble/aplite/lib/libpebble.a(tmp7jpKUopebble.o)
                0x00000000000032fc                scroll_layer_get_content_size
 .text.scroll_layer_get_layer
                0x0000000000003308        0xc /home/konrad/.pebble-sdk/SDKs/current/sdk-core/pebble/aplite/lib/libpebble.a(tmp7jpKUopebble.o)
                0x0000000000003308                scroll_layer_get_layer
 .text.scroll_layer_set_click_config_onto_window
                0x0000000000003314        0xc /home/konrad/.pebble-sdk/SDKs/current/sdk-core/pebble/aplite/lib/libpebble.a(tmp7jpKUopebble.o)
                0x0000000000003314                scroll_layer_set_click_config_onto_window
 .text.scroll_layer_set_content_offset
                0x0000000000003320        0xc /home/konrad/.pebble-sdk/SDKs/current/sdk-core/pebble/aplite/lib/libpebble.a(tmp7jpKUopebble.o)
                0x0000000000003320                scroll_layer_set_content_offset
 .text.scroll_layer_set_content_size
                0x000000000000332c        0xc /home/konrad/.pebble-sdk/SDKs/current/sdk-core/pebble/aplite/lib/libpebble.a(tmp7jpKUopebble.o)
                0x000000000000332c                scroll_layer_set_content_size
 .text.scroll_layer_set_context
                0x0000000000003338        0xc /home/konrad/.pebble-sdk/SDKs/current/sdk-core/pebble/aplite/lib/libpebble.a(tmp7jpKUopebble.o)
                0x0000000000003338                scroll_layer_set_context
 .text.scroll_layer_set_shadow_hidden
                0x0000000000003344        0xc /home/konrad/.pebble-sdk/SDKs/current/sdk-core/pebble/aplite/lib/libpebble.a(tmp7jpKUopebble.o)
                0x0000000000003344                scroll_layer_set_shadow_hidden
 .text.sin_lookup
                0x0000000000003350        0xc /home/konrad/.pebble-sdk/SDKs/current/sdk-core/pebble/aplite/lib/libpebble.a(tmp7jpKUopebble.o)
                0x0000000000003350                sin_lookup
 .text.strftime
                0x000000000000335c        0xc /home/konrad/.pebble-sdk/SDKs/current/sdk-core/pebble/aplite/lib/libpebble.a(tmp7jpKUopebble.o)
                0x000000000000335c                strftime
 .text.strlen   0x0000000000003368        0xc /home/konrad/.pebble-sdk/SDKs/current/sdk-core/pebble/aplite/lib/libpebble.a(tmp7jpKUopebble.o)
                0x0000000000003368                strlen
 .text.strncpy  0x0000000000003374        0xc /home/konrad/.pebble-sdk/SDKs/current/sdk-core/pebble/aplite/lib/libpebble.a(tmp7jpKUopebble.o)
                0x0000000000003374                strncpy
 .text.tick_timer_service_subscribe
                0x0000000000003380        0xc /home/konrad/.pebble-sdk/SDKs/current/sdk-core/pebble/aplite/lib/libpebble.a(tmp7jpKUopebble.o)
                0x0000000000003380                tick_timer_service_subscribe
 .text.tick_timer_service_unsubscribe
                0x000000000000338c        0xc /home/konrad/.pebble-sdk/SDKs/current/sdk-core/pebble/aplite/lib/libpebble.a(tmp7jpKUopebble.o)
                0x000000000000338c                tick_timer_service_unsubscribe
 .text.vibes_double_pulse
                0x0000000000003398        0xc /home/konrad/.pebble-sdk/SDKs/current/sdk-core/pebble/aplite/lib/libpebble.a(tmp7jpKUopebble.o)
                0x0000000000003398                vibes_double_pulse
 .text.vibes_long_pulse
                0x00000000000033a4        0xc /home/konrad/.pebble-sdk/SDKs/current/sdk-core/pebble/aplite/lib/libpebble.a(tmp7jpKUopebble.o)
                0x00000000000033a4                vibes_long_pulse
 .text.vibes_short_pulse
                0x00000000000033b0        0xc /home/konrad/.pebble-sdk/SDKs/current/sdk-core/pebble/aplite/lib/libpebble.a(tmp7jpKUopebble.o)
                0x00000000000033b0                vibes_short_pulse
 .text.window_create
                0x00000000000033bc        0xc /home/konrad/.pebble-sdk/SDKs/current/sdk-core/pebble/aplite/lib/libpebble.a(tmp7jpKUopebble.o)
                0x00000000000033bc                window_create
 .text.window_destroy
                0x00000000000033c8        0xc /home/konrad/.pebble-sdk/SDKs/current/sdk-core/pebble/aplite/lib/libpebble.a(tmp7jpKUopebble.o)
                0x00000000000033c8                window_destroy
 .text.window_get_click_config_provider
                0x00000000000033d4        0xc /home/konrad/.pebble-sdk/SDKs/current/sdk-core/pebble/aplite/lib/libpebble.a(tmp7jpKUopebble.o)
                0x00000000000033d4                window_get_click_config_provider
 .text.window_get_root_layer
                0x00000000000033e0        0xc /home/konrad/.pebble-sdk/SDKs/current/sdk-core/pebble/aplite/lib/libpebble.a(tmp7jpKUopebble.o)
                0x00000000000033e0                window_get_root_layer
 .text.window_set_click_config_provider_with_context
                0x00000000000033ec        0xc /home/konrad/.pebble-sdk/SDKs/current/sdk-core/pebble/aplite/lib/libpebble.a(tmp7jpKUopebble.o)
                0x00000000000033ec                window_set_click_config_provider_with_context
 .text.window_set_window_handlers
                0x00000000000033f8        0xc /home/konrad/.pebble-sdk/SDKs/current/sdk-core/pebble/aplite/lib/libpebble.a(tmp7jpKUopebble.o)
                0x00000000000033f8                window_set_window_handlers
 .text.window_stack_get_top_window
                0x0000000000003404        0xc /home/konrad/.pebble-sdk/SDKs/current/sdk-core/pebble/aplite/lib/libpebble.a(tmp7jpKUopebble.o)
                0x0000000000003404                window_stack_get_top_window
 .text.window_stack_pop
                0x0000000000003410        0xc /home/konrad/.pebble-sdk/SDKs/current/sdk-core/pebble/aplite/lib/libpebble.a(tmp7jpKUopebble.o)
                0x0000000000003410                window_stack_pop
 .text.window_stack_pop_all
                0x000000000000341c        0xc /home/konrad/.pebble-sdk/SDKs/current/sdk-core/pebble/aplite/lib/libpebble.a(tmp7jpKUopebble.o)
                0x000000000000341c                window_stack_pop_all
 .text.window_stack_push
                0x0000000000003428        0xc /home/konrad/.pebble-sdk/SDKs/current/sdk-core/pebble/aplite/lib/libpebble.a(tmp7jpKUopebble.o)
                0x0000000000003428                window_stack_push
 .text.window_stack_remove
                0x0000000000003434        0xc /home/konrad/.pebble-sdk/SDKs/current/sdk-core/pebble/aplite/lib/libpebble.a(tmp7jpKUopebble.o)
                0x0000000000003434                window_stack_remove
 .text.window_get_user_data
                0x0000000000003440        0xc /home/konrad/.pebble-sdk/SDKs/current/sdk-core/pebble/aplite/lib/libpebble.a(tmp7jpKUopebble.o)
                0x0000000000003440                window_get_user_data
 .text.window_set_user_data
                0x000000000000344c        0xc /home/konrad/.pebble-sdk/SDKs/current/sdk-core/pebble/aplite/lib/libpebble.a(tmp7jpKUopebble.o)
                0x000000000000344c                window_set_user_data
 .text.app_message_outbox_begin
                0x0000000000003458        0xc /home/konrad/.pebble-sdk/SDKs/current/sdk-core/pebble/aplite/lib/libpebble.a(tmp7jpKUopebble.o)
                0x0000000000003458                app_message_outbox_begin
 .text.app_message_outbox_send
                0x0000000000003464        0xc /home/konrad/.pebble-sdk/SDKs/current/sdk-core/pebble/aplite/lib/libpebble.a(tmp7jpKUopebble.o)
                0x0000000000003464                app_message_outbox_send
 .text.app_message_register_inbox_dropped
                0x0000000000003470        0xc /home/konrad/.pebble-sdk/SDKs/current/sdk-core/pebble/aplite/lib/libpebble.a(tmp7jpKUopebble.o)
                0x0000000000003470                app_message_register_inbox_dropped
 .text.app_message_register_inbox_received
                0x000000000000347c        0xc /home/konrad/.pebble-sdk/SDKs/current/sdk-core/pebble/aplite/lib/libpebble.a(tmp7jpKUopebble.o)
                0x000000000000347c                app_message_register_inbox_received
 .text.app_message_register_outbox_failed
                0x0000000000003488        0xc /home/konrad/.pebble-sdk/SDKs/current/sdk-core/pebble/aplite/lib/libpebble.a(tmp7jpKUopebble.o)
                0x0000000000003488                app_message_register_outbox_failed
 .text.app_message_register_outbox_sent
                0x0000000000003494        0xc /home/konrad/.pebble-sdk/SDKs/current/sdk-core/pebble/aplite/lib/libpebble.a(tmp7jpKUopebble.o)
                0x0000000000003494                app_message_register_outbox_sent
 .text.app_message_set_context
                0x00000000000034a0        0xc /home/konrad/.pebble-sdk/SDKs/current/sdk-core/pebble/aplite/lib/libpebble.a(tmp7jpKUopebble.o)
                0x00000000000034a0                app_message_set_context
 .text.window_long_click_subscribe
                0x00000000000034ac        0xc /home/konrad/.pebble-sdk/SDKs/current/sdk-core/pebble/aplite/lib/libpebble.a(tmp7jpKUopebble.o)
                0x00000000000034ac                window_long_click_subscribe
 .text.window_set_click_context
                0x00000000000034b8        0xc /home/konrad/.pebble-sdk/SDKs/current/sdk-core/pebble/aplite/lib/libpebble.a(tmp7jpKUopebble.o)
                0x00000000000034b8                window_set_click_context
 .text.window_single_click_subscribe
                0x00000000000034c4        0xc /home/konrad/.pebble-sdk/SDKs/current/sdk-core/pebble/aplite/lib/libpebble.a(tmp7jpKUopebble.o)
                0x00000000000034c4                window_single_click_subscribe
 .text.graphics_draw_text
                0x00000000000034d0        0xc /home/konrad/.pebble-sdk/SDKs/current/sdk-core/pebble/aplite/lib/libpebble.a(tmp7jpKUopebble.o)
                0x00000000000034d0                graphics_draw_text
 .text.accel_data_service_subscribe
                0x00000000000034dc        0xc /home/konrad/.pebble-sdk/SDKs/current/sdk-core/pebble/aplite/lib/libpebble.a(tmp7jpKUopebble.o)
                0x00000000000034dc                accel_data_service_subscribe
 .text.launch_reason
                0x00000000000034e8        0xc /home/konrad/.pebble-sdk/SDKs/current/sdk-core/pebble/aplite/lib/libpebble.a(tmp7jpKUopebble.o)
                0x00000000000034e8                launch_reason
 .text.wakeup_cancel
                0x00000000000034f4        0xc /home/konrad/.pebble-sdk/SDKs/current/sdk-core/pebble/aplite/lib/libpebble.a(tmp7jpKUopebble.o)
                0x00000000000034f4                wakeup_cancel
 .text.wakeup_cancel_all
                0x0000000000003500        0xc /home/konrad/.pebble-sdk/SDKs/current/sdk-core/pebble/aplite/lib/libpebble.a(tmp7jpKUopebble.o)
                0x0000000000003500                wakeup_cancel_all
 .text.wakeup_get_launch_event
                0x000000000000350c        0xc /home/konrad/.pebble-sdk/SDKs/current/sdk-core/pebble/aplite/lib/libpebble.a(tmp7jpKUopebble.o)
                0x000000000000350c                wakeup_get_launch_event
 .text.wakeup_schedule
                0x0000000000003518        0xc /home/konrad/.pebble-sdk/SDKs/current/sdk-core/pebble/aplite/lib/libpebble.a(tmp7jpKUopebble.o)
                0x0000000000003518                wakeup_schedule
 .text.wakeup_service_subscribe
                0x0000000000003524        0xc /home/konrad/.pebble-sdk/SDKs/current/sdk-core/pebble/aplite/lib/libpebble.a(tmp7jpKUopebble.o)
                0x0000000000003524                wakeup_service_subscribe
 .text.clock_is_timezone_set
                0x0000000000003530        0xc /home/konrad/.pebble-sdk/SDKs/current/sdk-core/pebble/aplite/lib/libpebble.a(tmp7jpKUopebble.o)
                0x0000000000003530                clock_is_timezone_set
 .text.graphics_context_set_fill_color
                0x000000000000353c        0xc /home/konrad/.pebble-sdk/SDKs/current/sdk-core/pebble/aplite/lib/libpebble.a(tmp7jpKUopebble.o)
                0x000000000000353c                graphics_context_set_fill_color
 .text.graphics_context_set_stroke_color
                0x0000000000003548        0xc /home/konrad/.pebble-sdk/SDKs/current/sdk-core/pebble/aplite/lib/libpebble.a(tmp7jpKUopebble.o)
                0x0000000000003548                graphics_context_set_stroke_color
 .text.graphics_context_set_text_color
                0x0000000000003554        0xc /home/konrad/.pebble-sdk/SDKs/current/sdk-core/pebble/aplite/lib/libpebble.a(tmp7jpKUopebble.o)
                0x0000000000003554                graphics_context_set_text_color
 .text.window_set_background_color
                0x0000000000003560        0xc /home/konrad/.pebble-sdk/SDKs/current/sdk-core/pebble/aplite/lib/libpebble.a(tmp7jpKUopebble.o)
                0x0000000000003560                window_set_background_color
 .text.localtime
                0x000000000000356c        0xc /home/konrad/.pebble-sdk/SDKs/current/sdk-core/pebble/aplite/lib/libpebble.a(tmp7jpKUopebble.o)
                0x000000000000356c                localtime
 .text.animation_destroy
                0x0000000000003578        0xc /home/konrad/.pebble-sdk/SDKs/current/sdk-core/pebble/aplite/lib/libpebble.a(tmp7jpKUopebble.o)
                0x0000000000003578                animation_destroy
 .text.animation_schedule
                0x0000000000003584        0xc /home/konrad/.pebble-sdk/SDKs/current/sdk-core/pebble/aplite/lib/libpebble.a(tmp7jpKUopebble.o)
                0x0000000000003584                animation_schedule
 .text.animation_set_curve
                0x0000000000003590        0xc /home/konrad/.pebble-sdk/SDKs/current/sdk-core/pebble/aplite/lib/libpebble.a(tmp7jpKUopebble.o)
                0x0000000000003590                animation_set_curve
 .text.animation_set_duration
                0x000000000000359c        0xc /home/konrad/.pebble-sdk/SDKs/current/sdk-core/pebble/aplite/lib/libpebble.a(tmp7jpKUopebble.o)
                0x000000000000359c                animation_set_duration
 .text.animation_set_handlers
                0x00000000000035a8        0xc /home/konrad/.pebble-sdk/SDKs/current/sdk-core/pebble/aplite/lib/libpebble.a(tmp7jpKUopebble.o)
                0x00000000000035a8                animation_set_handlers
 .text.animation_unschedule
                0x00000000000035b4        0xc /home/konrad/.pebble-sdk/SDKs/current/sdk-core/pebble/aplite/lib/libpebble.a(tmp7jpKUopebble.o)
                0x00000000000035b4                animation_unschedule
 .text.property_animation_create
                0x00000000000035c0        0xc /home/konrad/.pebble-sdk/SDKs/current/sdk-core/pebble/aplite/lib/libpebble.a(tmp7jpKUopebble.o)
                0x00000000000035c0                property_animation_create
 .text.property_animation_destroy
                0x00000000000035cc        0xc /home/konrad/.pebble-sdk/SDKs/current/sdk-core/pebble/aplite/lib/libpebble.a(tmp7jpKUopebble.o)
                0x00000000000035cc                property_animation_destroy
 .text.property_animation_from
                0x00000000000035d8        0xc /home/konrad/.pebble-sdk/SDKs/current/sdk-core/pebble/aplite/lib/libpebble.a(tmp7jpKUopebble.o)
                0x00000000000035d8                property_animation_from
 .text.property_animation_to
                0x00000000000035e4        0xc /home/konrad/.pebble-sdk/SDKs/current/sdk-core/pebble/aplite/lib/libpebble.a(tmp7jpKUopebble.o)
                0x00000000000035e4                property_animation_to
 .text.property_animation_update_grect
                0x00000000000035f0        0xc /home/konrad/.pebble-sdk/SDKs/current/sdk-core/pebble/aplite/lib/libpebble.a(tmp7jpKUopebble.o)
                0x00000000000035f0                property_animation_update_grect
 .text.gbitmap_get_bounds
                0x00000000000035fc        0xc /home/konrad/.pebble-sdk/SDKs/current/sdk-core/pebble/aplite/lib/libpebble.a(tmp7jpKUopebble.o)
                0x00000000000035fc                gbitmap_get_bounds
 .text.gbitmap_get_format
                0x0000000000003608        0xc /home/konrad/.pebble-sdk/SDKs/current/sdk-core/pebble/aplite/lib/libpebble.a(tmp7jpKUopebble.o)
                0x0000000000003608                gbitmap_get_format
 .text.gbitmap_get_palette
                0x0000000000003614        0xc /home/konrad/.pebble-sdk/SDKs/current/sdk-core/pebble/aplite/lib/libpebble.a(tmp7jpKUopebble.o)
                0x0000000000003614                gbitmap_get_palette
 .text.gbitmap_set_palette
                0x0000000000003620        0xc /home/konrad/.pebble-sdk/SDKs/current/sdk-core/pebble/aplite/lib/libpebble.a(tmp7jpKUopebble.o)
                0x0000000000003620                gbitmap_set_palette
 .text.gbitmap_create_from_png_data
                0x000000000000362c        0xc /home/konrad/.pebble-sdk/SDKs/current/sdk-core/pebble/aplite/lib/libpebble.a(tmp7jpKUopebble.o)
                0x000000000000362c                gbitmap_create_from_png_data
 .text.launch_get_args
                0x0000000000003638        0xc /home/konrad/.pebble-sdk/SDKs/current/sdk-core/pebble/aplite/lib/libpebble.a(tmp7jpKUopebble.o)
                0x0000000000003638                launch_get_args
 .text.menu_layer_create
                0x0000000000003644        0xc /home/konrad/.pebble-sdk/SDKs/current/sdk-core/pebble/aplite/lib/libpebble.a(tmp7jpKUopebble.o)
                0x0000000000003644                menu_layer_create
 .text.graphics_context_set_antialiased
                0x0000000000003650        0xc /home/konrad/.pebble-sdk/SDKs/current/sdk-core/pebble/aplite/lib/libpebble.a(tmp7jpKUopebble.o)
                0x0000000000003650                graphics_context_set_antialiased
 .text.graphics_context_set_stroke_width
                0x000000000000365c        0xc /home/konrad/.pebble-sdk/SDKs/current/sdk-core/pebble/aplite/lib/libpebble.a(tmp7jpKUopebble.o)
                0x000000000000365c                graphics_context_set_stroke_width
 .text.action_bar_layer_add_to_window
                0x0000000000003668        0xc /home/konrad/.pebble-sdk/SDKs/current/sdk-core/pebble/aplite/lib/libpebble.a(tmp7jpKUopebble.o)
                0x0000000000003668                action_bar_layer_add_to_window
 .text.action_bar_layer_clear_icon
                0x0000000000003674        0xc /home/konrad/.pebble-sdk/SDKs/current/sdk-core/pebble/aplite/lib/libpebble.a(tmp7jpKUopebble.o)
                0x0000000000003674                action_bar_layer_clear_icon
 .text.action_bar_layer_create
                0x0000000000003680        0xc /home/konrad/.pebble-sdk/SDKs/current/sdk-core/pebble/aplite/lib/libpebble.a(tmp7jpKUopebble.o)
                0x0000000000003680                action_bar_layer_create
 .text.action_bar_layer_destroy
                0x000000000000368c        0xc /home/konrad/.pebble-sdk/SDKs/current/sdk-core/pebble/aplite/lib/libpebble.a(tmp7jpKUopebble.o)
                0x000000000000368c                action_bar_layer_destroy
 .text.action_bar_layer_get_layer
                0x0000000000003698        0xc /home/konrad/.pebble-sdk/SDKs/current/sdk-core/pebble/aplite/lib/libpebble.a(tmp7jpKUopebble.o)
                0x0000000000003698                action_bar_layer_get_layer
 .text.action_bar_layer_remove_from_window
                0x00000000000036a4        0xc /home/konrad/.pebble-sdk/SDKs/current/sdk-core/pebble/aplite/lib/libpebble.a(tmp7jpKUopebble.o)
                0x00000000000036a4                action_bar_layer_remove_from_window
 .text.action_bar_layer_set_background_color
                0x00000000000036b0        0xc /home/konrad/.pebble-sdk/SDKs/current/sdk-core/pebble/aplite/lib/libpebble.a(tmp7jpKUopebble.o)
                0x00000000000036b0                action_bar_layer_set_background_color
 .text.action_bar_layer_set_click_config_provider
                0x00000000000036bc        0xc /home/konrad/.pebble-sdk/SDKs/current/sdk-core/pebble/aplite/lib/libpebble.a(tmp7jpKUopebble.o)
                0x00000000000036bc                action_bar_layer_set_click_config_provider
 .text.action_bar_layer_set_context
                0x00000000000036c8        0xc /home/konrad/.pebble-sdk/SDKs/current/sdk-core/pebble/aplite/lib/libpebble.a(tmp7jpKUopebble.o)
                0x00000000000036c8                action_bar_layer_set_context
 .text.action_bar_layer_set_icon
                0x00000000000036d4        0xc /home/konrad/.pebble-sdk/SDKs/current/sdk-core/pebble/aplite/lib/libpebble.a(tmp7jpKUopebble.o)
                0x00000000000036d4                action_bar_layer_set_icon
 .text.menu_cell_layer_is_highlighted
                0x00000000000036e0        0xc /home/konrad/.pebble-sdk/SDKs/current/sdk-core/pebble/aplite/lib/libpebble.a(tmp7jpKUopebble.o)
                0x00000000000036e0                menu_cell_layer_is_highlighted
 .text.time     0x00000000000036ec        0xc /home/konrad/.pebble-sdk/SDKs/current/sdk-core/pebble/aplite/lib/libpebble.a(tmp7jpKUopebble.o)
                0x00000000000036ec                time
 .text.menu_layer_set_highlight_colors
                0x00000000000036f8        0xc /home/konrad/.pebble-sdk/SDKs/current/sdk-core/pebble/aplite/lib/libpebble.a(tmp7jpKUopebble.o)
                0x00000000000036f8                menu_layer_set_highlight_colors
 .text.menu_layer_set_normal_colors
                0x0000000000003704        0xc /home/konrad/.pebble-sdk/SDKs/current/sdk-core/pebble/aplite/lib/libpebble.a(tmp7jpKUopebble.o)
                0x0000000000003704                menu_layer_set_normal_colors
 .text.menu_layer_set_callbacks
                0x0000000000003710        0xc /home/konrad/.pebble-sdk/SDKs/current/sdk-core/pebble/aplite/lib/libpebble.a(tmp7jpKUopebble.o)
                0x0000000000003710                menu_layer_set_callbacks
 .text.status_bar_layer_create
                0x000000000000371c        0xc /home/konrad/.pebble-sdk/SDKs/current/sdk-core/pebble/aplite/lib/libpebble.a(tmp7jpKUopebble.o)
                0x000000000000371c                status_bar_layer_create
 .text.status_bar_layer_destroy
                0x0000000000003728        0xc /home/konrad/.pebble-sdk/SDKs/current/sdk-core/pebble/aplite/lib/libpebble.a(tmp7jpKUopebble.o)
                0x0000000000003728                status_bar_layer_destroy
 .text.status_bar_layer_get_layer
                0x0000000000003734        0xc /home/konrad/.pebble-sdk/SDKs/current/sdk-core/pebble/aplite/lib/libpebble.a(tmp7jpKUopebble.o)
                0x0000000000003734                status_bar_layer_get_layer
 .text.status_bar_layer_set_colors
                0x0000000000003740        0xc /home/konrad/.pebble-sdk/SDKs/current/sdk-core/pebble/aplite/lib/libpebble.a(tmp7jpKUopebble.o)
                0x0000000000003740                status_bar_layer_set_colors
 .text.status_bar_layer_set_separator_mode
                0x000000000000374c        0xc /home/konrad/.pebble-sdk/SDKs/current/sdk-core/pebble/aplite/lib/libpebble.a(tmp7jpKUopebble.o)
                0x000000000000374c                status_bar_layer_set_separator_mode
 .text.time_ms  0x0000000000003758        0xc /home/konrad/.pebble-sdk/SDKs/current/sdk-core/pebble/aplite/lib/libpebble.a(tmp7jpKUopebble.o)
                0x0000000000003758                time_ms
 .text.grect_inset
                0x0000000000003764        0xc /home/konrad/.pebble-sdk/SDKs/current/sdk-core/pebble/aplite/lib/libpebble.a(tmp7jpKUopebble.o)
                0x0000000000003764                grect_inset
 .text.gpoint_from_polar
                0x0000000000003770        0xc /home/konrad/.pebble-sdk/SDKs/current/sdk-core/pebble/aplite/lib/libpebble.a(tmp7jpKUopebble.o)
                0x0000000000003770                gpoint_from_polar
 .text.graphics_draw_arc
                0x000000000000377c        0xc /home/konrad/.pebble-sdk/SDKs/current/sdk-core/pebble/aplite/lib/libpebble.a(tmp7jpKUopebble.o)
                0x000000000000377c                graphics_draw_arc
 .text.graphics_fill_radial
                0x0000000000003788        0xc /home/konrad/.pebble-sdk/SDKs/current/sdk-core/pebble/aplite/lib/libpebble.a(tmp7jpKUopebble.o)
                0x0000000000003788                graphics_fill_radial
 .text.graphics_text_attributes_create
                0x0000000000003794        0xc /home/konrad/.pebble-sdk/SDKs/current/sdk-core/pebble/aplite/lib/libpebble.a(tmp7jpKUopebble.o)
                0x0000000000003794                graphics_text_attributes_create
 .text.graphics_text_attributes_destroy
                0x00000000000037a0        0xc /home/konrad/.pebble-sdk/SDKs/current/sdk-core/pebble/aplite/lib/libpebble.a(tmp7jpKUopebble.o)
                0x00000000000037a0                graphics_text_attributes_destroy
 .text.graphics_text_layout_get_content_size_with_attributes
                0x00000000000037ac        0xc /home/konrad/.pebble-sdk/SDKs/current/sdk-core/pebble/aplite/lib/libpebble.a(tmp7jpKUopebble.o)
                0x00000000000037ac                graphics_text_layout_get_content_size_with_attributes
 .text.scroll_layer_set_paging
                0x00000000000037b8        0xc /home/konrad/.pebble-sdk/SDKs/current/sdk-core/pebble/aplite/lib/libpebble.a(tmp7jpKUopebble.o)
                0x00000000000037b8                scroll_layer_set_paging
 .text.__udivmoddi4
                0x00000000000037c4      0x2b8 /usr/lib/gcc/arm-none-eabi/6.3.0/armv7-m/libgcc.a(_udivmoddi4.o)
                0x00000000000037c4                __udivmoddi4
 *(.rodata)
 *(.rodata*)
 .rodata.prv_free_title.str1.1
                0x0000000000003a7c        0x0 src/simply/simply_menu.c.42.o
                                          0x1 (size before relaxing)
 .rodata.prv_menu_draw_header_callback.str1.1
                0x0000000000003a7c       0x1b src/simply/simply_menu.c.42.o
 .rodata.simply_msg_show_disconnected.str1.1
                0x0000000000003a97       0x26 src/simply/simply_msg.c.42.o
 .rodata.CSWTCH.21
                0x0000000000003abd        0x7 src/simply/simply_stage.c.42.o
 .rodata.layer_update_callback.str1.1
                0x0000000000003ac4       0x16 src/simply/simply_stage.c.42.o
 .rodata.layer_update_callback.str1.1
                0x0000000000003ada       0x16 src/simply/simply_ui.c.42.o
 .rodata.str1.1
                0x0000000000003af0       0x67 src/simply/simply_ui.c.42.o

.glue_7         0x0000000000003b58        0x0
 .glue_7        0x0000000000003b58        0x0 linker stubs

.glue_7t        0x0000000000003b58        0x0
 .glue_7t       0x0000000000003b58        0x0 linker stubs

.vfp11_veneer   0x0000000000003b58        0x0
 .vfp11_veneer  0x0000000000003b58        0x0 linker stubs

.v4_bx          0x0000000000003b58        0x0
 .v4_bx         0x0000000000003b58        0x0 linker stubs

.init           0x0000000000003b58        0x4
 .init          0x0000000000003b58        0x4 /usr/lib/gcc/arm-none-eabi/6.3.0/armv7-m/crti.o
                0x0000000000003b58                _init

.fini           0x0000000000003b5c        0x4
 .fini          0x0000000000003b5c        0x4 /usr/lib/gcc/arm-none-eabi/6.3.0/armv7-m/crti.o
                0x0000000000003b5c                _fini

.iplt           0x0000000000003b60        0x0
 .iplt          0x0000000000003b60        0x0 /usr/lib/gcc/arm-none-eabi/6.3.0/armv7-m/crtbegin.o

.rel.dyn        0x0000000000003b60        0x0
 .rel.iplt      0x0000000000003b60        0x0 /usr/lib/gcc/arm-none-eabi/6.3.0/armv7-m/crtbegin.o

.ARM.exidx.text.__udivmoddi4
                0x0000000000003b60        0x8
 .ARM.exidx.text.__udivmoddi4
                0x0000000000003b60        0x8 /usr/lib/gcc/arm-none-eabi/6.3.0/armv7-m/libgcc.a(_udivmoddi4.o)

.data           0x0000000000003b68       0xab
 *(.data)
 .data          0x0000000000003b68        0x0 /usr/lib/gcc/arm-none-eabi/6.3.0/armv7-m/crti.o
 .data          0x0000000000003b68        0x0 /usr/lib/gcc/arm-none-eabi/6.3.0/armv7-m/crtbegin.o
 .data          0x0000000000003b68        0x0 /usr/lib/gcc/arm-none-eabi/6.3.0/../../../../arm-none-eabi/lib/armv7-m/crt0.o
 .data          0x0000000000003b68        0x0 src/main.c.42.o
 .data          0x0000000000003b68        0x0 src/simply/simply.c.42.o
 .data          0x0000000000003b68        0x0 src/simply/simply_accel.c.42.o
 .data          0x0000000000003b68        0x0 src/simply/simply_menu.c.42.o
 .data          0x0000000000003b68        0x0 src/simply/simply_msg.c.42.o
 .data          0x0000000000003b68        0x0 src/simply/simply_res.c.42.o
 .data          0x0000000000003b68        0x0 src/simply/simply_splash.c.42.o
 .data          0x0000000000003b68        0x0 src/simply/simply_stage.c.42.o
 .data          0x0000000000003b68        0x0 src/simply/simply_ui.c.42.o
 .data          0x0000000000003b68        0x0 src/simply/simply_voice.c.42.o
 .data          0x0000000000003b68        0x0 src/simply/simply_wakeup.c.42.o
 .data          0x0000000000003b68        0x0 src/simply/simply_window.c.42.o
 .data          0x0000000000003b68        0x0 src/simply/simply_window_stack.c.42.o
 .data          0x0000000000003b68        0x0 aplite/appinfo.auto.c.42.o
 .data          0x0000000000003b68        0x0 aplite/src/resource_ids.auto.c.42.o
 .data          0x0000000000003b68        0x0 /home/konrad/.pebble-sdk/SDKs/current/sdk-core/pebble/aplite/lib/libpebble.a(tmp7jpKUopebble.o)
 .data          0x0000000000003b68        0x0 /usr/lib/gcc/arm-none-eabi/6.3.0/armv7-m/libgcc.a(_aeabi_ldivmod.o)
 .data          0x0000000000003b68        0x0 /usr/lib/gcc/arm-none-eabi/6.3.0/armv7-m/libgcc.a(_udivmoddi4.o)
 .data          0x0000000000003b68        0x0 /usr/lib/gcc/arm-none-eabi/6.3.0/armv7-m/libgcc.a(_dvmd_tls.o)
 .data          0x0000000000003b68        0x0 /usr/lib/gcc/arm-none-eabi/6.3.0/../../../../arm-none-eabi/lib/armv7-m/libc.a(lib_a-atexit.o)
 .data          0x0000000000003b68        0x0 /usr/lib/gcc/arm-none-eabi/6.3.0/../../../../arm-none-eabi/lib/armv7-m/libc.a(lib_a-exit.o)
 .data          0x0000000000003b68        0x0 /usr/lib/gcc/arm-none-eabi/6.3.0/../../../../arm-none-eabi/lib/armv7-m/libc.a(lib_a-fini.o)
 .data          0x0000000000003b68        0x0 /usr/lib/gcc/arm-none-eabi/6.3.0/../../../../arm-none-eabi/lib/armv7-m/libc.a(lib_a-impure.o)
 .data          0x0000000000003b68        0x0 /usr/lib/gcc/arm-none-eabi/6.3.0/../../../../arm-none-eabi/lib/armv7-m/libc.a(lib_a-init.o)
 .data          0x0000000000003b68        0x0 /usr/lib/gcc/arm-none-eabi/6.3.0/../../../../arm-none-eabi/lib/armv7-m/libc.a(lib_a-__atexit.o)
 .data          0x0000000000003b68        0x0 /usr/lib/gcc/arm-none-eabi/6.3.0/../../../../arm-none-eabi/lib/armv7-m/libc.a(lib_a-__call_atexit.o)
 .data          0x0000000000003b68        0x0 /usr/lib/gcc/arm-none-eabi/6.3.0/armv7-m/crtend.o
 .data          0x0000000000003b68        0x0 /usr/lib/gcc/arm-none-eabi/6.3.0/armv7-m/crtn.o
 *(.data.*)
 .data.rel.ro.local.s_window_handlers.8516
                0x0000000000003b68       0x10 src/simply/simply_menu.c.42.o
 .data.s_inverted_palette
                0x0000000000003b78        0x2 src/simply/simply_menu.c.42.o
 .data.s_normal_palette
                0x0000000000003b7a        0x2 src/simply/simply_menu.c.42.o
 .data.rel.ro.implementation.8431
                0x0000000000003b7c       0x14 src/simply/simply_stage.c.42.o
 .data.rel.ro.local.s_window_handlers.8557
                0x0000000000003b90       0x10 src/simply/simply_stage.c.42.o
 .data.rel.ro.local.STYLES
                0x0000000000003ba0       0x5f src/simply/simply_ui.c.42.o
 *fill*         0x0000000000003bff        0x1 
 .data.rel.ro.local.s_window_handlers.8298
                0x0000000000003c00       0x10 src/simply/simply_ui.c.42.o
 .data.s_button_palette
                0x0000000000003c10        0x2 src/simply/simply_window.c.42.o
 .data.s_broadcast_window
                0x0000000000003c12        0x1 src/simply/simply_window_stack.c.42.o

.igot.plt       0x0000000000003c14        0x0
 .igot.plt      0x0000000000003c14        0x0 /usr/lib/gcc/arm-none-eabi/6.3.0/armv7-m/crtbegin.o

.bss            0x0000000000003c14      0x114
 *(.bss)
 *(.bss.*)
 .bss.s_accel   0x0000000000003c14        0x4 src/simply/simply_accel.c.42.o
 .bss.s_provider.8072
                0x0000000000003c18        0x4 src/simply/simply_menu.c.42.o
 .bss.s_has_communicated
                0x0000000000003c1c        0x1 src/simply/simply_msg.c.42.o
 *fill*         0x0000000000003c1d        0x3 
 .bss.s_msg     0x0000000000003c20        0x4 src/simply/simply_msg.c.42.o
 .bss.time_text.8318
                0x0000000000003c24      0x100 src/simply/simply_stage.c.42.o
 .bss.s_provider.8068
                0x0000000000003d24        0x4 src/simply/simply_window.c.42.o

DISCARD
 libc.a(*)
 libm.a(*)
 libgcc.a(*)
 *(.eh_frame)
OUTPUT(/home/konrad/Pebble Projects/GoProJS/build/aplite/pebble-app.elf elf32-littlearm)

.ARM.attributes
                0x0000000000000000       0x29
 .ARM.attributes
                0x0000000000000000       0x1d /usr/lib/gcc/arm-none-eabi/6.3.0/armv7-m/crti.o
 .ARM.attributes
                0x000000000000001d       0x2d /usr/lib/gcc/arm-none-eabi/6.3.0/armv7-m/crtbegin.o
 .ARM.attributes
                0x000000000000004a       0x1b /usr/lib/gcc/arm-none-eabi/6.3.0/../../../../arm-none-eabi/lib/armv7-m/crt0.o
 .ARM.attributes
                0x0000000000000065       0x33 src/main.c.42.o
 .ARM.attributes
                0x0000000000000098       0x33 src/simply/simply.c.42.o
 .ARM.attributes
                0x00000000000000cb       0x33 src/simply/simply_accel.c.42.o
 .ARM.attributes
                0x00000000000000fe       0x33 src/simply/simply_menu.c.42.o
 .ARM.attributes
                0x0000000000000131       0x33 src/simply/simply_msg.c.42.o
 .ARM.attributes
                0x0000000000000164       0x33 src/simply/simply_res.c.42.o
 .ARM.attributes
                0x0000000000000197       0x33 src/simply/simply_splash.c.42.o
 .ARM.attributes
                0x00000000000001ca       0x33 src/simply/simply_stage.c.42.o
 .ARM.attributes
                0x00000000000001fd       0x33 src/simply/simply_ui.c.42.o
 .ARM.attributes
                0x0000000000000230       0x33 src/simply/simply_voice.c.42.o
 .ARM.attributes
                0x0000000000000263       0x33 src/simply/simply_wakeup.c.42.o
 .ARM.attributes
                0x0000000000000296       0x33 src/simply/simply_window.c.42.o
 .ARM.attributes
                0x00000000000002c9       0x33 src/simply/simply_window_stack.c.42.o
 .ARM.attributes
                0x00000000000002fc       0x33 aplite/appinfo.auto.c.42.o
 .ARM.attributes
                0x000000000000032f       0x33 aplite/src/resource_ids.auto.c.42.o
 .ARM.attributes
                0x0000000000000362       0x21 /home/konrad/.pebble-sdk/SDKs/current/sdk-core/pebble/aplite/lib/libpebble.a(tmp7jpKUopebble.o)
 .ARM.attributes
                0x0000000000000383       0x1d /usr/lib/gcc/arm-none-eabi/6.3.0/armv7-m/libgcc.a(_aeabi_ldivmod.o)
 .ARM.attributes
                0x00000000000003a0       0x2d /usr/lib/gcc/arm-none-eabi/6.3.0/armv7-m/libgcc.a(_udivmoddi4.o)
 .ARM.attributes
                0x00000000000003cd       0x1d /usr/lib/gcc/arm-none-eabi/6.3.0/armv7-m/libgcc.a(_dvmd_tls.o)
 .ARM.attributes
                0x00000000000003ea       0x2d /usr/lib/gcc/arm-none-eabi/6.3.0/../../../../arm-none-eabi/lib/armv7-m/libc.a(lib_a-atexit.o)
 .ARM.attributes
                0x0000000000000417       0x2d /usr/lib/gcc/arm-none-eabi/6.3.0/../../../../arm-none-eabi/lib/armv7-m/libc.a(lib_a-exit.o)
 .ARM.attributes
                0x0000000000000444       0x2d /usr/lib/gcc/arm-none-eabi/6.3.0/../../../../arm-none-eabi/lib/armv7-m/libc.a(lib_a-fini.o)
 .ARM.attributes
                0x0000000000000471       0x2d /usr/lib/gcc/arm-none-eabi/6.3.0/../../../../arm-none-eabi/lib/armv7-m/libc.a(lib_a-impure.o)
 .ARM.attributes
                0x000000000000049e       0x2d /usr/lib/gcc/arm-none-eabi/6.3.0/../../../../arm-none-eabi/lib/armv7-m/libc.a(lib_a-init.o)
 .ARM.attributes
                0x00000000000004cb       0x2d /usr/lib/gcc/arm-none-eabi/6.3.0/../../../../arm-none-eabi/lib/armv7-m/libc.a(lib_a-__atexit.o)
 .ARM.attributes
                0x00000000000004f8       0x2d /usr/lib/gcc/arm-none-eabi/6.3.0/../../../../arm-none-eabi/lib/armv7-m/libc.a(lib_a-__call_atexit.o)
 .ARM.attributes
                0x0000000000000525       0x2d /usr/lib/gcc/arm-none-eabi/6.3.0/armv7-m/crtend.o
 .ARM.attributes
                0x0000000000000552       0x1d /usr/lib/gcc/arm-none-eabi/6.3.0/armv7-m/crtn.o

.comment        0x0000000000000000       0x1d
 .comment       0x0000000000000000       0x1d src/main.c.42.o
                                         0x1e (size before relaxing)
 .comment       0x000000000000001d       0x1e src/simply/simply.c.42.o
 .comment       0x000000000000001d       0x1e src/simply/simply_accel.c.42.o
 .comment       0x000000000000001d       0x1e src/simply/simply_menu.c.42.o
 .comment       0x000000000000001d       0x1e src/simply/simply_msg.c.42.o
 .comment       0x000000000000001d       0x1e src/simply/simply_res.c.42.o
 .comment       0x000000000000001d       0x1e src/simply/simply_splash.c.42.o
 .comment       0x000000000000001d       0x1e src/simply/simply_stage.c.42.o
 .comment       0x000000000000001d       0x1e src/simply/simply_ui.c.42.o
 .comment       0x000000000000001d       0x1e src/simply/simply_voice.c.42.o
 .comment       0x000000000000001d       0x1e src/simply/simply_wakeup.c.42.o
 .comment       0x000000000000001d       0x1e src/simply/simply_window.c.42.o
 .comment       0x000000000000001d       0x1e src/simply/simply_window_stack.c.42.o
 .comment       0x000000000000001d       0x1e aplite/appinfo.auto.c.42.o
 .comment       0x000000000000001d       0x1e aplite/src/resource_ids.auto.c.42.o

.debug_info     0x0000000000000000    0x197c8
 .debug_info    0x0000000000000000      0xa33 src/main.c.42.o
 .debug_info    0x0000000000000a33     0x12ea src/simply/simply.c.42.o
 .debug_info    0x0000000000001d1d     0x142f src/simply/simply_accel.c.42.o
 .debug_info    0x000000000000314c     0x449f src/simply/simply_menu.c.42.o
 .debug_info    0x00000000000075eb     0x2792 src/simply/simply_msg.c.42.o
 .debug_info    0x0000000000009d7d     0x19b4 src/simply/simply_res.c.42.o
 .debug_info    0x000000000000b731      0xf18 src/simply/simply_splash.c.42.o
 .debug_info    0x000000000000c649     0x4655 src/simply/simply_stage.c.42.o
 .debug_info    0x0000000000010c9e     0x2ac5 src/simply/simply_ui.c.42.o
 .debug_info    0x0000000000013763      0x890 src/simply/simply_voice.c.42.o
 .debug_info    0x0000000000013ff3     0x12b7 src/simply/simply_wakeup.c.42.o
 .debug_info    0x00000000000152aa     0x295e src/simply/simply_window.c.42.o
 .debug_info    0x0000000000017c08     0x1751 src/simply/simply_window_stack.c.42.o
 .debug_info    0x0000000000019359      0x2f6 aplite/appinfo.auto.c.42.o
 .debug_info    0x000000000001964f      0x179 aplite/src/resource_ids.auto.c.42.o

.debug_abbrev   0x0000000000000000     0x32fe
 .debug_abbrev  0x0000000000000000      0x204 src/main.c.42.o
 .debug_abbrev  0x0000000000000204      0x2b7 src/simply/simply.c.42.o
 .debug_abbrev  0x00000000000004bb      0x38e src/simply/simply_accel.c.42.o
 .debug_abbrev  0x0000000000000849      0x59c src/simply/simply_menu.c.42.o
 .debug_abbrev  0x0000000000000de5      0x538 src/simply/simply_msg.c.42.o
 .debug_abbrev  0x000000000000131d      0x42c src/simply/simply_res.c.42.o
 .debug_abbrev  0x0000000000001749      0x2db src/simply/simply_splash.c.42.o
 .debug_abbrev  0x0000000000001a24      0x561 src/simply/simply_stage.c.42.o
 .debug_abbrev  0x0000000000001f85      0x506 src/simply/simply_ui.c.42.o
 .debug_abbrev  0x000000000000248b      0x17a src/simply/simply_voice.c.42.o
 .debug_abbrev  0x0000000000002605      0x349 src/simply/simply_wakeup.c.42.o
 .debug_abbrev  0x000000000000294e      0x51e src/simply/simply_window.c.42.o
 .debug_abbrev  0x0000000000002e6c      0x3ae src/simply/simply_window_stack.c.42.o
 .debug_abbrev  0x000000000000321a       0xa0 aplite/appinfo.auto.c.42.o
 .debug_abbrev  0x00000000000032ba       0x44 aplite/src/resource_ids.auto.c.42.o

.debug_loc      0x0000000000000000     0x8916
 .debug_loc     0x0000000000000000       0x1e src/main.c.42.o
 .debug_loc     0x000000000000001e       0x55 src/simply/simply.c.42.o
 .debug_loc     0x0000000000000073      0x420 src/simply/simply_accel.c.42.o
 .debug_loc     0x0000000000000493     0x216e src/simply/simply_menu.c.42.o
 .debug_loc     0x0000000000002601     0x10af src/simply/simply_msg.c.42.o
 .debug_loc     0x00000000000036b0      0xb7f src/simply/simply_res.c.42.o
 .debug_loc     0x000000000000422f      0x16f src/simply/simply_splash.c.42.o
 .debug_loc     0x000000000000439e     0x1971 src/simply/simply_stage.c.42.o
 .debug_loc     0x0000000000005d0f     0x1334 src/simply/simply_ui.c.42.o
 .debug_loc     0x0000000000007043      0x323 src/simply/simply_wakeup.c.42.o
 .debug_loc     0x0000000000007366      0xf71 src/simply/simply_window.c.42.o
 .debug_loc     0x00000000000082d7      0x63f src/simply/simply_window_stack.c.42.o

.debug_aranges  0x0000000000000000      0x628
 .debug_aranges
                0x0000000000000000       0x20 src/main.c.42.o
 .debug_aranges
                0x0000000000000020       0x28 src/simply/simply.c.42.o
 .debug_aranges
                0x0000000000000048       0x50 src/simply/simply_accel.c.42.o
 .debug_aranges
                0x0000000000000098      0x100 src/simply/simply_menu.c.42.o
 .debug_aranges
                0x0000000000000198       0x88 src/simply/simply_msg.c.42.o
 .debug_aranges
                0x0000000000000220       0xa8 src/simply/simply_res.c.42.o
 .debug_aranges
                0x00000000000002c8       0x40 src/simply/simply_splash.c.42.o
 .debug_aranges
                0x0000000000000308       0xc8 src/simply/simply_stage.c.42.o
 .debug_aranges
                0x00000000000003d0       0x98 src/simply/simply_ui.c.42.o
 .debug_aranges
                0x0000000000000468       0x18 src/simply/simply_voice.c.42.o
 .debug_aranges
                0x0000000000000480       0x38 src/simply/simply_wakeup.c.42.o
 .debug_aranges
                0x00000000000004b8       0xd0 src/simply/simply_window.c.42.o
 .debug_aranges
                0x0000000000000588       0x70 src/simply/simply_window_stack.c.42.o
 .debug_aranges
                0x00000000000005f8       0x18 aplite/appinfo.auto.c.42.o
 .debug_aranges
                0x0000000000000610       0x18 aplite/src/resource_ids.auto.c.42.o

.debug_ranges   0x0000000000000000     0x1108
 .debug_ranges  0x0000000000000000       0x10 src/main.c.42.o
 .debug_ranges  0x0000000000000010       0x18 src/simply/simply.c.42.o
 .debug_ranges  0x0000000000000028       0x58 src/simply/simply_accel.c.42.o
 .debug_ranges  0x0000000000000080      0x4a0 src/simply/simply_menu.c.42.o
 .debug_ranges  0x0000000000000520      0x288 src/simply/simply_msg.c.42.o
 .debug_ranges  0x00000000000007a8      0x1a0 src/simply/simply_res.c.42.o
 .debug_ranges  0x0000000000000948       0x30 src/simply/simply_splash.c.42.o
 .debug_ranges  0x0000000000000978      0x3d0 src/simply/simply_stage.c.42.o
 .debug_ranges  0x0000000000000d48      0x1e8 src/simply/simply_ui.c.42.o
 .debug_ranges  0x0000000000000f30       0x28 src/simply/simply_wakeup.c.42.o
 .debug_ranges  0x0000000000000f58      0x150 src/simply/simply_window.c.42.o
 .debug_ranges  0x00000000000010a8       0x60 src/simply/simply_window_stack.c.42.o

.debug_line     0x0000000000000000     0x34a3
 .debug_line    0x0000000000000000      0x121 src/main.c.42.o
 .debug_line    0x0000000000000121      0x2ae src/simply/simply.c.42.o
 .debug_line    0x00000000000003cf      0x2b0 src/simply/simply_accel.c.42.o
 .debug_line    0x000000000000067f      0x84b src/simply/simply_menu.c.42.o
 .debug_line    0x0000000000000eca      0x4fe src/simply/simply_msg.c.42.o
 .debug_line    0x00000000000013c8      0x49f src/simply/simply_res.c.42.o
 .debug_line    0x0000000000001867      0x1f8 src/simply/simply_splash.c.42.o
 .debug_line    0x0000000000001a5f      0x706 src/simply/simply_stage.c.42.o
 .debug_line    0x0000000000002165      0x5d7 src/simply/simply_ui.c.42.o
 .debug_line    0x000000000000273c       0x92 src/simply/simply_voice.c.42.o
 .debug_line    0x00000000000027ce      0x26e src/simply/simply_wakeup.c.42.o
 .debug_line    0x0000000000002a3c      0x596 src/simply/simply_window.c.42.o
 .debug_line    0x0000000000002fd2      0x338 src/simply/simply_window_stack.c.42.o
 .debug_line    0x000000000000330a       0xf7 aplite/appinfo.auto.c.42.o
 .debug_line    0x0000000000003401       0xa2 aplite/src/resource_ids.auto.c.42.o

.debug_str      0x0000000000000000     0x5206
 .debug_str     0x0000000000000000      0x5a2 src/main.c.42.o
                                        0x613 (size before relaxing)
 .debug_str     0x00000000000005a2      0x4f0 src/simply/simply.c.42.o
                                        0xbd0 (size before relaxing)
 .debug_str     0x0000000000000a92      0x6cf src/simply/simply_accel.c.42.o
                                        0xe6e (size before relaxing)
 .debug_str     0x0000000000001161     0x12e8 src/simply/simply_menu.c.42.o
                                       0x2215 (size before relaxing)
 .debug_str     0x0000000000002449      0x753 src/simply/simply_msg.c.42.o
                                       0x178d (size before relaxing)
 .debug_str     0x0000000000002b9c      0x2fd src/simply/simply_res.c.42.o
                                        0xb39 (size before relaxing)
 .debug_str     0x0000000000002e99       0xde src/simply/simply_splash.c.42.o
                                        0x84d (size before relaxing)
 .debug_str     0x0000000000002f77      0xe76 src/simply/simply_stage.c.42.o
                                       0x2359 (size before relaxing)
 .debug_str     0x0000000000003ded      0x469 src/simply/simply_ui.c.42.o
                                       0x1a55 (size before relaxing)
 .debug_str     0x0000000000004256       0x1d src/simply/simply_voice.c.42.o
                                        0x53b (size before relaxing)
 .debug_str     0x0000000000004273      0x247 src/simply/simply_wakeup.c.42.o
                                        0xdd8 (size before relaxing)
 .debug_str     0x00000000000044ba      0x7c0 src/simply/simply_window.c.42.o
                                       0x19d6 (size before relaxing)
 .debug_str     0x0000000000004c7a      0x19c src/simply/simply_window_stack.c.42.o
                                        0xfe1 (size before relaxing)
 .debug_str     0x0000000000004e16      0x222 aplite/appinfo.auto.c.42.o
                                        0x39d (size before relaxing)
 .debug_str     0x0000000000005038      0x1ce aplite/src/resource_ids.auto.c.42.o
                                        0x301 (size before relaxing)

.debug_frame    0x0000000000000000     0x1468
 .debug_frame   0x0000000000000000       0x28 src/main.c.42.o
 .debug_frame   0x0000000000000028       0x48 src/simply/simply.c.42.o
 .debug_frame   0x0000000000000070       0xcc src/simply/simply_accel.c.42.o
 .debug_frame   0x000000000000013c      0x38c src/simply/simply_menu.c.42.o
 .debug_frame   0x00000000000004c8      0x1f8 src/simply/simply_msg.c.42.o
 .debug_frame   0x00000000000006c0      0x1fc src/simply/simply_res.c.42.o
 .debug_frame   0x00000000000008bc       0xa4 src/simply/simply_splash.c.42.o
 .debug_frame   0x0000000000000960      0x2cc src/simply/simply_stage.c.42.o
 .debug_frame   0x0000000000000c2c      0x214 src/simply/simply_ui.c.42.o
 .debug_frame   0x0000000000000e40       0x74 src/simply/simply_wakeup.c.42.o
 .debug_frame   0x0000000000000eb4      0x2f4 src/simply/simply_window.c.42.o
 .debug_frame   0x00000000000011a8      0x118 src/simply/simply_window_stack.c.42.o
 .debug_frame   0x00000000000012c0       0x44 /usr/lib/gcc/arm-none-eabi/6.3.0/armv7-m/libgcc.a(_aeabi_ldivmod.o)
 .debug_frame   0x0000000000001304       0x38 /usr/lib/gcc/arm-none-eabi/6.3.0/armv7-m/libgcc.a(_udivmoddi4.o)
 .debug_frame   0x000000000000133c       0x20 /usr/lib/gcc/arm-none-eabi/6.3.0/../../../../arm-none-eabi/lib/armv7-m/libc.a(lib_a-atexit.o)
 .debug_frame   0x000000000000135c       0x28 /usr/lib/gcc/arm-none-eabi/6.3.0/../../../../arm-none-eabi/lib/armv7-m/libc.a(lib_a-exit.o)
 .debug_frame   0x0000000000001384       0x34 /usr/lib/gcc/arm-none-eabi/6.3.0/../../../../arm-none-eabi/lib/armv7-m/libc.a(lib_a-fini.o)
 .debug_frame   0x00000000000013b8       0x2c /usr/lib/gcc/arm-none-eabi/6.3.0/../../../../arm-none-eabi/lib/armv7-m/libc.a(lib_a-init.o)
 .debug_frame   0x00000000000013e4       0x34 /usr/lib/gcc/arm-none-eabi/6.3.0/../../../../arm-none-eabi/lib/armv7-m/libc.a(lib_a-__atexit.o)
 .debug_frame   0x0000000000001418       0x50 /usr/lib/gcc/arm-none-eabi/6.3.0/../../../../arm-none-eabi/lib/armv7-m/libc.a(lib_a-__call_atexit.o)
