Archive member included to satisfy reference by file (symbol)

/home/konrad/.pebble-sdk/SDKs/current/sdk-core/pebble/aplite/lib/libpebble.a(tmp7jpKUopebble.o)
                              src/c/GoProJS.c.33.o (app_event_loop)
/home/konrad/Pebble Projects/GoProJS/node_modules/pebblejs/dist/binaries/aplite/libpebblejs.a(simply.c.21.o)
                              src/c/GoProJS.c.33.o (simply_create)
/home/konrad/Pebble Projects/GoProJS/node_modules/pebblejs/dist/binaries/aplite/libpebblejs.a(simply_accel.c.21.o)
                              /home/konrad/Pebble Projects/GoProJS/node_modules/pebblejs/dist/binaries/aplite/libpebblejs.a(simply.c.21.o) (simply_accel_create)
/home/konrad/Pebble Projects/GoProJS/node_modules/pebblejs/dist/binaries/aplite/libpebblejs.a(simply_menu.c.21.o)
                              /home/konrad/Pebble Projects/GoProJS/node_modules/pebblejs/dist/binaries/aplite/libpebblejs.a(simply.c.21.o) (simply_menu_create)
/home/konrad/Pebble Projects/GoProJS/node_modules/pebblejs/dist/binaries/aplite/libpebblejs.a(simply_msg.c.21.o)
                              /home/konrad/Pebble Projects/GoProJS/node_modules/pebblejs/dist/binaries/aplite/libpebblejs.a(simply.c.21.o) (simply_msg_create)
/home/konrad/Pebble Projects/GoProJS/node_modules/pebblejs/dist/binaries/aplite/libpebblejs.a(simply_res.c.21.o)
                              /home/konrad/Pebble Projects/GoProJS/node_modules/pebblejs/dist/binaries/aplite/libpebblejs.a(simply_msg.c.21.o) (simply_res_add_image)
/home/konrad/Pebble Projects/GoProJS/node_modules/pebblejs/dist/binaries/aplite/libpebblejs.a(simply_splash.c.21.o)
                              /home/konrad/Pebble Projects/GoProJS/node_modules/pebblejs/dist/binaries/aplite/libpebblejs.a(simply.c.21.o) (simply_splash_create)
/home/konrad/Pebble Projects/GoProJS/node_modules/pebblejs/dist/binaries/aplite/libpebblejs.a(simply_stage.c.21.o)
                              /home/konrad/Pebble Projects/GoProJS/node_modules/pebblejs/dist/binaries/aplite/libpebblejs.a(simply_msg.c.21.o) (simply_stage_handle_packet)
/home/konrad/Pebble Projects/GoProJS/node_modules/pebblejs/dist/binaries/aplite/libpebblejs.a(simply_ui.c.21.o)
                              /home/konrad/Pebble Projects/GoProJS/node_modules/pebblejs/dist/binaries/aplite/libpebblejs.a(simply_msg.c.21.o) (simply_ui_set_text)
/home/konrad/Pebble Projects/GoProJS/node_modules/pebblejs/dist/binaries/aplite/libpebblejs.a(simply_wakeup.c.21.o)
                              /home/konrad/Pebble Projects/GoProJS/node_modules/pebblejs/dist/binaries/aplite/libpebblejs.a(simply_msg.c.21.o) (simply_wakeup_handle_packet)
/home/konrad/Pebble Projects/GoProJS/node_modules/pebblejs/dist/binaries/aplite/libpebblejs.a(simply_window.c.21.o)
                              /home/konrad/Pebble Projects/GoProJS/node_modules/pebblejs/dist/binaries/aplite/libpebblejs.a(simply_menu.c.21.o) (simply_window_single_click_handler)
/home/konrad/Pebble Projects/GoProJS/node_modules/pebblejs/dist/binaries/aplite/libpebblejs.a(simply_window_stack.c.21.o)
                              /home/konrad/Pebble Projects/GoProJS/node_modules/pebblejs/dist/binaries/aplite/libpebblejs.a(simply_msg.c.21.o) (simply_window_stack_set_broadcast)
/usr/lib/gcc/arm-none-eabi/6.2.0/armv7-m/libgcc.a(_aeabi_ldivmod.o)
                              /home/konrad/Pebble Projects/GoProJS/node_modules/pebblejs/dist/binaries/aplite/libpebblejs.a(simply_menu.c.21.o) (__aeabi_ldivmod)
/usr/lib/gcc/arm-none-eabi/6.2.0/armv7-m/libgcc.a(_udivmoddi4.o)
                              /usr/lib/gcc/arm-none-eabi/6.2.0/armv7-m/libgcc.a(_aeabi_ldivmod.o) (__udivmoddi4)
/usr/lib/gcc/arm-none-eabi/6.2.0/armv7-m/libgcc.a(_dvmd_tls.o)
                              /usr/lib/gcc/arm-none-eabi/6.2.0/armv7-m/libgcc.a(_aeabi_ldivmod.o) (__aeabi_ldiv0)
/usr/lib/gcc/arm-none-eabi/6.2.0/../../../../arm-none-eabi/lib/armv7-m/libc.a(lib_a-atexit.o)
                              /usr/lib/gcc/arm-none-eabi/6.2.0/../../../../arm-none-eabi/lib/armv7-m/crt0.o (atexit)
/usr/lib/gcc/arm-none-eabi/6.2.0/../../../../arm-none-eabi/lib/armv7-m/libc.a(lib_a-exit.o)
                              /usr/lib/gcc/arm-none-eabi/6.2.0/../../../../arm-none-eabi/lib/armv7-m/crt0.o (exit)
/usr/lib/gcc/arm-none-eabi/6.2.0/../../../../arm-none-eabi/lib/armv7-m/libc.a(lib_a-fini.o)
                              /usr/lib/gcc/arm-none-eabi/6.2.0/../../../../arm-none-eabi/lib/armv7-m/crt0.o (__libc_fini_array)
/usr/lib/gcc/arm-none-eabi/6.2.0/../../../../arm-none-eabi/lib/armv7-m/libc.a(lib_a-impure.o)
                              /usr/lib/gcc/arm-none-eabi/6.2.0/../../../../arm-none-eabi/lib/armv7-m/libc.a(lib_a-exit.o) (_global_impure_ptr)
/usr/lib/gcc/arm-none-eabi/6.2.0/../../../../arm-none-eabi/lib/armv7-m/libc.a(lib_a-init.o)
                              /usr/lib/gcc/arm-none-eabi/6.2.0/../../../../arm-none-eabi/lib/armv7-m/crt0.o (__libc_init_array)
[...]
Memory Configuration

Name             Origin             Length             Attributes
APP              0x0000000000000000 0x0000000000006000 xrw
*default*        0x0000000000000000 0xffffffffffffffff

Linker script and memory map

LOAD /usr/lib/gcc/arm-none-eabi/6.2.0/armv7-m/crti.o
LOAD /usr/lib/gcc/arm-none-eabi/6.2.0/armv7-m/crtbegin.o
LOAD /usr/lib/gcc/arm-none-eabi/6.2.0/../../../../arm-none-eabi/lib/armv7-m/crt0.o
LOAD src/c/GoProJS.c.33.o
LOAD aplite/appinfo.auto.c.33.o
LOAD aplite/src/resource_ids.auto.c.33.o
LOAD src/message_keys.auto.c.33.o
LOAD /home/konrad/.pebble-sdk/SDKs/current/sdk-core/pebble/aplite/lib/libpebble.a
LOAD /home/konrad/Pebble Projects/GoProJS/node_modules/pebblejs/dist/binaries/aplite/libpebblejs.a
LOAD /home/konrad/Pebble Projects/GoProJS/node_modules/pebble-clay/dist/binaries/aplite/libpebble-clay.a
START GROUP
LOAD /usr/lib/gcc/arm-none-eabi/6.2.0/armv7-m/libgcc.a
LOAD /usr/lib/gcc/arm-none-eabi/6.2.0/../../../../arm-none-eabi/lib/armv7-m/libc.a
END GROUP
LOAD /usr/lib/gcc/arm-none-eabi/6.2.0/armv7-m/crtend.o
LOAD /usr/lib/gcc/arm-none-eabi/6.2.0/armv7-m/crtn.o

.header         0x0000000000000000       0x82
 *(.pbl_header)
 .pbl_header    0x0000000000000000       0x82 aplite/appinfo.auto.c.33.o
                0x0000000000000000                __pbl_app_info

.note.gnu.build-id
                0x0000000000000082       0x26
                [!provide]                        PROVIDE (BUILD_ID, .)
 *(.note.gnu.build-id)
 *fill*         0x0000000000000082        0x2 
 .note.gnu.build-id
                0x0000000000000084       0x24 linker stubs

.text           0x00000000000000a8     0x3cc1
 *(.text)
 .text          0x00000000000000a8       0x14 /home/konrad/.pebble-sdk/SDKs/current/sdk-core/pebble/aplite/lib/libpebble.a(tmp7jpKUopebble.o)
 .text          0x00000000000000bc       0xa0 /usr/lib/gcc/arm-none-eabi/6.2.0/armv7-m/libgcc.a(_aeabi_ldivmod.o)
                0x00000000000000bc                __aeabi_ldivmod
 .text          0x000000000000015c        0x4 /usr/lib/gcc/arm-none-eabi/6.2.0/armv7-m/libgcc.a(_dvmd_tls.o)
                0x000000000000015c                __aeabi_ldiv0
                0x000000000000015c                __aeabi_idiv0
 *(.text.*)
 .text.startup.main
                0x0000000000000160       0x16 src/c/GoProJS.c.33.o
                0x0000000000000160                main
 *fill*         0x0000000000000176        0x2 
 .text.accel_data_service_unsubscribe
                0x0000000000000178        0xc /home/konrad/.pebble-sdk/SDKs/current/sdk-core/pebble/aplite/lib/libpebble.a(tmp7jpKUopebble.o)
                0x0000000000000178                accel_data_service_unsubscribe
 .text.accel_service_peek
                0x0000000000000184        0xc /home/konrad/.pebble-sdk/SDKs/current/sdk-core/pebble/aplite/lib/libpebble.a(tmp7jpKUopebble.o)
                0x0000000000000184                accel_service_peek
 .text.accel_service_set_sampling_rate
                0x0000000000000190        0xc /home/konrad/.pebble-sdk/SDKs/current/sdk-core/pebble/aplite/lib/libpebble.a(tmp7jpKUopebble.o)
                0x0000000000000190                accel_service_set_sampling_rate
 .text.accel_tap_service_subscribe
                0x000000000000019c        0xc /home/konrad/.pebble-sdk/SDKs/current/sdk-core/pebble/aplite/lib/libpebble.a(tmp7jpKUopebble.o)
                0x000000000000019c                accel_tap_service_subscribe
 .text.accel_tap_service_unsubscribe
                0x00000000000001a8        0xc /home/konrad/.pebble-sdk/SDKs/current/sdk-core/pebble/aplite/lib/libpebble.a(tmp7jpKUopebble.o)
                0x00000000000001a8                accel_tap_service_unsubscribe
 .text.app_event_loop
                0x00000000000001b4        0xc /home/konrad/.pebble-sdk/SDKs/current/sdk-core/pebble/aplite/lib/libpebble.a(tmp7jpKUopebble.o)
                0x00000000000001b4                app_event_loop
 .text.app_message_deregister_callbacks
                0x00000000000001c0        0xc /home/konrad/.pebble-sdk/SDKs/current/sdk-core/pebble/aplite/lib/libpebble.a(tmp7jpKUopebble.o)
                0x00000000000001c0                app_message_deregister_callbacks
 .text.app_message_open
                0x00000000000001cc        0xc /home/konrad/.pebble-sdk/SDKs/current/sdk-core/pebble/aplite/lib/libpebble.a(tmp7jpKUopebble.o)
                0x00000000000001cc                app_message_open
 .text.app_timer_cancel
                0x00000000000001d8        0xc /home/konrad/.pebble-sdk/SDKs/current/sdk-core/pebble/aplite/lib/libpebble.a(tmp7jpKUopebble.o)
                0x00000000000001d8                app_timer_cancel
 .text.app_timer_register
                0x00000000000001e4        0xc /home/konrad/.pebble-sdk/SDKs/current/sdk-core/pebble/aplite/lib/libpebble.a(tmp7jpKUopebble.o)
                0x00000000000001e4                app_timer_register
 .text.click_recognizer_get_button_id
                0x00000000000001f0        0xc /home/konrad/.pebble-sdk/SDKs/current/sdk-core/pebble/aplite/lib/libpebble.a(tmp7jpKUopebble.o)
                0x00000000000001f0                click_recognizer_get_button_id
 .text.cos_lookup
                0x00000000000001fc        0xc /home/konrad/.pebble-sdk/SDKs/current/sdk-core/pebble/aplite/lib/libpebble.a(tmp7jpKUopebble.o)
                0x00000000000001fc                cos_lookup
 .text.dict_find
                0x0000000000000208        0xc /home/konrad/.pebble-sdk/SDKs/current/sdk-core/pebble/aplite/lib/libpebble.a(tmp7jpKUopebble.o)
                0x0000000000000208                dict_find
 .text.dict_write_data
                0x0000000000000214        0xc /home/konrad/.pebble-sdk/SDKs/current/sdk-core/pebble/aplite/lib/libpebble.a(tmp7jpKUopebble.o)
                0x0000000000000214                dict_write_data
 .text.fonts_get_system_font
                0x0000000000000220        0xc /home/konrad/.pebble-sdk/SDKs/current/sdk-core/pebble/aplite/lib/libpebble.a(tmp7jpKUopebble.o)
                0x0000000000000220                fonts_get_system_font
 .text.fonts_load_custom_font
                0x000000000000022c        0xc /home/konrad/.pebble-sdk/SDKs/current/sdk-core/pebble/aplite/lib/libpebble.a(tmp7jpKUopebble.o)
                0x000000000000022c                fonts_load_custom_font
 .text.fonts_unload_custom_font
                0x0000000000000238        0xc /home/konrad/.pebble-sdk/SDKs/current/sdk-core/pebble/aplite/lib/libpebble.a(tmp7jpKUopebble.o)
                0x0000000000000238                fonts_unload_custom_font
 .text.free     0x0000000000000244        0xc /home/konrad/.pebble-sdk/SDKs/current/sdk-core/pebble/aplite/lib/libpebble.a(tmp7jpKUopebble.o)
                0x0000000000000244                free
 .text.gbitmap_create_with_resource
                0x0000000000000250        0xc /home/konrad/.pebble-sdk/SDKs/current/sdk-core/pebble/aplite/lib/libpebble.a(tmp7jpKUopebble.o)
                0x0000000000000250                gbitmap_create_with_resource
 .text.gbitmap_destroy
                0x000000000000025c        0xc /home/konrad/.pebble-sdk/SDKs/current/sdk-core/pebble/aplite/lib/libpebble.a(tmp7jpKUopebble.o)
                0x000000000000025c                gbitmap_destroy
 .text.graphics_context_set_compositing_mode
                0x0000000000000268        0xc /home/konrad/.pebble-sdk/SDKs/current/sdk-core/pebble/aplite/lib/libpebble.a(tmp7jpKUopebble.o)
                0x0000000000000268                graphics_context_set_compositing_mode
 .text.graphics_draw_bitmap_in_rect
                0x0000000000000274        0xc /home/konrad/.pebble-sdk/SDKs/current/sdk-core/pebble/aplite/lib/libpebble.a(tmp7jpKUopebble.o)
                0x0000000000000274                graphics_draw_bitmap_in_rect
 .text.graphics_draw_circle
                0x0000000000000280        0xc /home/konrad/.pebble-sdk/SDKs/current/sdk-core/pebble/aplite/lib/libpebble.a(tmp7jpKUopebble.o)
                0x0000000000000280                graphics_draw_circle
 .text.graphics_draw_line
                0x000000000000028c        0xc /home/konrad/.pebble-sdk/SDKs/current/sdk-core/pebble/aplite/lib/libpebble.a(tmp7jpKUopebble.o)
                0x000000000000028c                graphics_draw_line
 .text.graphics_draw_round_rect
                0x0000000000000298        0xc /home/konrad/.pebble-sdk/SDKs/current/sdk-core/pebble/aplite/lib/libpebble.a(tmp7jpKUopebble.o)
                0x0000000000000298                graphics_draw_round_rect
 .text.graphics_fill_circle
                0x00000000000002a4        0xc /home/konrad/.pebble-sdk/SDKs/current/sdk-core/pebble/aplite/lib/libpebble.a(tmp7jpKUopebble.o)
                0x00000000000002a4                graphics_fill_circle
 .text.graphics_fill_rect
                0x00000000000002b0        0xc /home/konrad/.pebble-sdk/SDKs/current/sdk-core/pebble/aplite/lib/libpebble.a(tmp7jpKUopebble.o)
                0x00000000000002b0                graphics_fill_rect
 .text.grect_center_point
                0x00000000000002bc        0xc /home/konrad/.pebble-sdk/SDKs/current/sdk-core/pebble/aplite/lib/libpebble.a(tmp7jpKUopebble.o)
                0x00000000000002bc                grect_center_point
 .text.grect_standardize
                0x00000000000002c8        0xc /home/konrad/.pebble-sdk/SDKs/current/sdk-core/pebble/aplite/lib/libpebble.a(tmp7jpKUopebble.o)
                0x00000000000002c8                grect_standardize
 .text.gsize_equal
                0x00000000000002d4        0xc /home/konrad/.pebble-sdk/SDKs/current/sdk-core/pebble/aplite/lib/libpebble.a(tmp7jpKUopebble.o)
                0x00000000000002d4                gsize_equal
 .text.inverter_layer_create
                0x00000000000002e0        0xc /home/konrad/.pebble-sdk/SDKs/current/sdk-core/pebble/aplite/lib/libpebble.a(tmp7jpKUopebble.o)
                0x00000000000002e0                inverter_layer_create
 .text.inverter_layer_destroy
                0x00000000000002ec        0xc /home/konrad/.pebble-sdk/SDKs/current/sdk-core/pebble/aplite/lib/libpebble.a(tmp7jpKUopebble.o)
                0x00000000000002ec                inverter_layer_destroy
 .text.inverter_layer_get_layer
                0x00000000000002f8        0xc /home/konrad/.pebble-sdk/SDKs/current/sdk-core/pebble/aplite/lib/libpebble.a(tmp7jpKUopebble.o)
                0x00000000000002f8                inverter_layer_get_layer
 .text.layer_add_child
                0x0000000000000304        0xc /home/konrad/.pebble-sdk/SDKs/current/sdk-core/pebble/aplite/lib/libpebble.a(tmp7jpKUopebble.o)
                0x0000000000000304                layer_add_child
 .text.layer_create_with_data
                0x0000000000000310        0xc /home/konrad/.pebble-sdk/SDKs/current/sdk-core/pebble/aplite/lib/libpebble.a(tmp7jpKUopebble.o)
                0x0000000000000310                layer_create_with_data
 .text.layer_destroy
                0x000000000000031c        0xc /home/konrad/.pebble-sdk/SDKs/current/sdk-core/pebble/aplite/lib/libpebble.a(tmp7jpKUopebble.o)
                0x000000000000031c                layer_destroy
 .text.layer_get_bounds
                0x0000000000000328        0xc /home/konrad/.pebble-sdk/SDKs/current/sdk-core/pebble/aplite/lib/libpebble.a(tmp7jpKUopebble.o)
                0x0000000000000328                layer_get_bounds
 .text.layer_get_data
                0x0000000000000334        0xc /home/konrad/.pebble-sdk/SDKs/current/sdk-core/pebble/aplite/lib/libpebble.a(tmp7jpKUopebble.o)
                0x0000000000000334                layer_get_data
 .text.layer_get_frame
                0x0000000000000340        0xc /home/konrad/.pebble-sdk/SDKs/current/sdk-core/pebble/aplite/lib/libpebble.a(tmp7jpKUopebble.o)
                0x0000000000000340                layer_get_frame
 .text.layer_get_window
                0x000000000000034c        0xc /home/konrad/.pebble-sdk/SDKs/current/sdk-core/pebble/aplite/lib/libpebble.a(tmp7jpKUopebble.o)
                0x000000000000034c                layer_get_window
 .text.layer_mark_dirty
                0x0000000000000358        0xc /home/konrad/.pebble-sdk/SDKs/current/sdk-core/pebble/aplite/lib/libpebble.a(tmp7jpKUopebble.o)
                0x0000000000000358                layer_mark_dirty
 .text.layer_remove_from_parent
                0x0000000000000364        0xc /home/konrad/.pebble-sdk/SDKs/current/sdk-core/pebble/aplite/lib/libpebble.a(tmp7jpKUopebble.o)
                0x0000000000000364                layer_remove_from_parent
 .text.layer_set_frame
                0x0000000000000370        0xc /home/konrad/.pebble-sdk/SDKs/current/sdk-core/pebble/aplite/lib/libpebble.a(tmp7jpKUopebble.o)
                0x0000000000000370                layer_set_frame
 .text.layer_set_update_proc
                0x000000000000037c        0xc /home/konrad/.pebble-sdk/SDKs/current/sdk-core/pebble/aplite/lib/libpebble.a(tmp7jpKUopebble.o)
                0x000000000000037c                layer_set_update_proc
 .text.light_enable
                0x0000000000000388        0xc /home/konrad/.pebble-sdk/SDKs/current/sdk-core/pebble/aplite/lib/libpebble.a(tmp7jpKUopebble.o)
                0x0000000000000388                light_enable
 .text.light_enable_interaction
                0x0000000000000394        0xc /home/konrad/.pebble-sdk/SDKs/current/sdk-core/pebble/aplite/lib/libpebble.a(tmp7jpKUopebble.o)
                0x0000000000000394                light_enable_interaction
 .text.malloc   0x00000000000003a0        0xc /home/konrad/.pebble-sdk/SDKs/current/sdk-core/pebble/aplite/lib/libpebble.a(tmp7jpKUopebble.o)
                0x00000000000003a0                malloc
 .text.memcpy   0x00000000000003ac        0xc /home/konrad/.pebble-sdk/SDKs/current/sdk-core/pebble/aplite/lib/libpebble.a(tmp7jpKUopebble.o)
                0x00000000000003ac                memcpy
 .text.memset   0x00000000000003b8        0xc /home/konrad/.pebble-sdk/SDKs/current/sdk-core/pebble/aplite/lib/libpebble.a(tmp7jpKUopebble.o)
                0x00000000000003b8                memset
 .text.menu_cell_basic_draw
                0x00000000000003c4        0xc /home/konrad/.pebble-sdk/SDKs/current/sdk-core/pebble/aplite/lib/libpebble.a(tmp7jpKUopebble.o)
                0x00000000000003c4                menu_cell_basic_draw
 .text.menu_layer_destroy
                0x00000000000003d0        0xc /home/konrad/.pebble-sdk/SDKs/current/sdk-core/pebble/aplite/lib/libpebble.a(tmp7jpKUopebble.o)
                0x00000000000003d0                menu_layer_destroy
 .text.menu_layer_get_layer
                0x00000000000003dc        0xc /home/konrad/.pebble-sdk/SDKs/current/sdk-core/pebble/aplite/lib/libpebble.a(tmp7jpKUopebble.o)
                0x00000000000003dc                menu_layer_get_layer
 .text.menu_layer_get_selected_index
                0x00000000000003e8        0xc /home/konrad/.pebble-sdk/SDKs/current/sdk-core/pebble/aplite/lib/libpebble.a(tmp7jpKUopebble.o)
                0x00000000000003e8                menu_layer_get_selected_index
 .text.menu_layer_reload_data
                0x00000000000003f4        0xc /home/konrad/.pebble-sdk/SDKs/current/sdk-core/pebble/aplite/lib/libpebble.a(tmp7jpKUopebble.o)
                0x00000000000003f4                menu_layer_reload_data
 .text.menu_layer_set_click_config_onto_window
                0x0000000000000400        0xc /home/konrad/.pebble-sdk/SDKs/current/sdk-core/pebble/aplite/lib/libpebble.a(tmp7jpKUopebble.o)
                0x0000000000000400                menu_layer_set_click_config_onto_window
 .text.menu_layer_set_selected_index
                0x000000000000040c        0xc /home/konrad/.pebble-sdk/SDKs/current/sdk-core/pebble/aplite/lib/libpebble.a(tmp7jpKUopebble.o)
                0x000000000000040c                menu_layer_set_selected_index
 .text.resource_get_handle
                0x0000000000000418        0xc /home/konrad/.pebble-sdk/SDKs/current/sdk-core/pebble/aplite/lib/libpebble.a(tmp7jpKUopebble.o)
                0x0000000000000418                resource_get_handle
 .text.scroll_layer_add_child
                0x0000000000000424        0xc /home/konrad/.pebble-sdk/SDKs/current/sdk-core/pebble/aplite/lib/libpebble.a(tmp7jpKUopebble.o)
                0x0000000000000424                scroll_layer_add_child
 .text.scroll_layer_create
                0x0000000000000430        0xc /home/konrad/.pebble-sdk/SDKs/current/sdk-core/pebble/aplite/lib/libpebble.a(tmp7jpKUopebble.o)
                0x0000000000000430                scroll_layer_create
 .text.scroll_layer_destroy
                0x000000000000043c        0xc /home/konrad/.pebble-sdk/SDKs/current/sdk-core/pebble/aplite/lib/libpebble.a(tmp7jpKUopebble.o)
                0x000000000000043c                scroll_layer_destroy
 .text.scroll_layer_get_content_offset
                0x0000000000000448        0xc /home/konrad/.pebble-sdk/SDKs/current/sdk-core/pebble/aplite/lib/libpebble.a(tmp7jpKUopebble.o)
                0x0000000000000448                scroll_layer_get_content_offset
 .text.scroll_layer_get_content_size
                0x0000000000000454        0xc /home/konrad/.pebble-sdk/SDKs/current/sdk-core/pebble/aplite/lib/libpebble.a(tmp7jpKUopebble.o)
                0x0000000000000454                scroll_layer_get_content_size
 .text.scroll_layer_get_layer
                0x0000000000000460        0xc /home/konrad/.pebble-sdk/SDKs/current/sdk-core/pebble/aplite/lib/libpebble.a(tmp7jpKUopebble.o)
                0x0000000000000460                scroll_layer_get_layer
 .text.scroll_layer_set_click_config_onto_window
                0x000000000000046c        0xc /home/konrad/.pebble-sdk/SDKs/current/sdk-core/pebble/aplite/lib/libpebble.a(tmp7jpKUopebble.o)
                0x000000000000046c                scroll_layer_set_click_config_onto_window
 .text.scroll_layer_set_content_offset
                0x0000000000000478        0xc /home/konrad/.pebble-sdk/SDKs/current/sdk-core/pebble/aplite/lib/libpebble.a(tmp7jpKUopebble.o)
                0x0000000000000478                scroll_layer_set_content_offset
 .text.scroll_layer_set_content_size
                0x0000000000000484        0xc /home/konrad/.pebble-sdk/SDKs/current/sdk-core/pebble/aplite/lib/libpebble.a(tmp7jpKUopebble.o)
                0x0000000000000484                scroll_layer_set_content_size
 .text.scroll_layer_set_context
                0x0000000000000490        0xc /home/konrad/.pebble-sdk/SDKs/current/sdk-core/pebble/aplite/lib/libpebble.a(tmp7jpKUopebble.o)
                0x0000000000000490                scroll_layer_set_context
 .text.scroll_layer_set_shadow_hidden
                0x000000000000049c        0xc /home/konrad/.pebble-sdk/SDKs/current/sdk-core/pebble/aplite/lib/libpebble.a(tmp7jpKUopebble.o)
                0x000000000000049c                scroll_layer_set_shadow_hidden
 .text.sin_lookup
                0x00000000000004a8        0xc /home/konrad/.pebble-sdk/SDKs/current/sdk-core/pebble/aplite/lib/libpebble.a(tmp7jpKUopebble.o)
                0x00000000000004a8                sin_lookup
 .text.strftime
                0x00000000000004b4        0xc /home/konrad/.pebble-sdk/SDKs/current/sdk-core/pebble/aplite/lib/libpebble.a(tmp7jpKUopebble.o)
                0x00000000000004b4                strftime
 .text.strlen   0x00000000000004c0        0xc /home/konrad/.pebble-sdk/SDKs/current/sdk-core/pebble/aplite/lib/libpebble.a(tmp7jpKUopebble.o)
                0x00000000000004c0                strlen
 .text.strncpy  0x00000000000004cc        0xc /home/konrad/.pebble-sdk/SDKs/current/sdk-core/pebble/aplite/lib/libpebble.a(tmp7jpKUopebble.o)
                0x00000000000004cc                strncpy
 .text.tick_timer_service_subscribe
                0x00000000000004d8        0xc /home/konrad/.pebble-sdk/SDKs/current/sdk-core/pebble/aplite/lib/libpebble.a(tmp7jpKUopebble.o)
                0x00000000000004d8                tick_timer_service_subscribe
 .text.tick_timer_service_unsubscribe
                0x00000000000004e4        0xc /home/konrad/.pebble-sdk/SDKs/current/sdk-core/pebble/aplite/lib/libpebble.a(tmp7jpKUopebble.o)
                0x00000000000004e4                tick_timer_service_unsubscribe
 .text.vibes_double_pulse
                0x00000000000004f0        0xc /home/konrad/.pebble-sdk/SDKs/current/sdk-core/pebble/aplite/lib/libpebble.a(tmp7jpKUopebble.o)
                0x00000000000004f0                vibes_double_pulse
 .text.vibes_long_pulse
                0x00000000000004fc        0xc /home/konrad/.pebble-sdk/SDKs/current/sdk-core/pebble/aplite/lib/libpebble.a(tmp7jpKUopebble.o)
                0x00000000000004fc                vibes_long_pulse
 .text.vibes_short_pulse
                0x0000000000000508        0xc /home/konrad/.pebble-sdk/SDKs/current/sdk-core/pebble/aplite/lib/libpebble.a(tmp7jpKUopebble.o)
                0x0000000000000508                vibes_short_pulse
 .text.window_create
                0x0000000000000514        0xc /home/konrad/.pebble-sdk/SDKs/current/sdk-core/pebble/aplite/lib/libpebble.a(tmp7jpKUopebble.o)
                0x0000000000000514                window_create
 .text.window_destroy
                0x0000000000000520        0xc /home/konrad/.pebble-sdk/SDKs/current/sdk-core/pebble/aplite/lib/libpebble.a(tmp7jpKUopebble.o)
                0x0000000000000520                window_destroy
 .text.window_get_click_config_provider
                0x000000000000052c        0xc /home/konrad/.pebble-sdk/SDKs/current/sdk-core/pebble/aplite/lib/libpebble.a(tmp7jpKUopebble.o)
                0x000000000000052c                window_get_click_config_provider
 .text.window_get_root_layer
                0x0000000000000538        0xc /home/konrad/.pebble-sdk/SDKs/current/sdk-core/pebble/aplite/lib/libpebble.a(tmp7jpKUopebble.o)
                0x0000000000000538                window_get_root_layer
 .text.window_set_click_config_provider_with_context
                0x0000000000000544        0xc /home/konrad/.pebble-sdk/SDKs/current/sdk-core/pebble/aplite/lib/libpebble.a(tmp7jpKUopebble.o)
                0x0000000000000544                window_set_click_config_provider_with_context
 .text.window_set_window_handlers
                0x0000000000000550        0xc /home/konrad/.pebble-sdk/SDKs/current/sdk-core/pebble/aplite/lib/libpebble.a(tmp7jpKUopebble.o)
                0x0000000000000550                window_set_window_handlers
 .text.window_stack_get_top_window
                0x000000000000055c        0xc /home/konrad/.pebble-sdk/SDKs/current/sdk-core/pebble/aplite/lib/libpebble.a(tmp7jpKUopebble.o)
                0x000000000000055c                window_stack_get_top_window
 .text.window_stack_pop
                0x0000000000000568        0xc /home/konrad/.pebble-sdk/SDKs/current/sdk-core/pebble/aplite/lib/libpebble.a(tmp7jpKUopebble.o)
                0x0000000000000568                window_stack_pop
 .text.window_stack_pop_all
                0x0000000000000574        0xc /home/konrad/.pebble-sdk/SDKs/current/sdk-core/pebble/aplite/lib/libpebble.a(tmp7jpKUopebble.o)
                0x0000000000000574                window_stack_pop_all
 .text.window_stack_push
                0x0000000000000580        0xc /home/konrad/.pebble-sdk/SDKs/current/sdk-core/pebble/aplite/lib/libpebble.a(tmp7jpKUopebble.o)
                0x0000000000000580                window_stack_push
 .text.window_stack_remove
                0x000000000000058c        0xc /home/konrad/.pebble-sdk/SDKs/current/sdk-core/pebble/aplite/lib/libpebble.a(tmp7jpKUopebble.o)
                0x000000000000058c                window_stack_remove
 .text.window_get_user_data
                0x0000000000000598        0xc /home/konrad/.pebble-sdk/SDKs/current/sdk-core/pebble/aplite/lib/libpebble.a(tmp7jpKUopebble.o)
                0x0000000000000598                window_get_user_data
 .text.window_set_user_data
                0x00000000000005a4        0xc /home/konrad/.pebble-sdk/SDKs/current/sdk-core/pebble/aplite/lib/libpebble.a(tmp7jpKUopebble.o)
                0x00000000000005a4                window_set_user_data
 .text.app_message_outbox_begin
                0x00000000000005b0        0xc /home/konrad/.pebble-sdk/SDKs/current/sdk-core/pebble/aplite/lib/libpebble.a(tmp7jpKUopebble.o)
                0x00000000000005b0                app_message_outbox_begin
 .text.app_message_outbox_send
                0x00000000000005bc        0xc /home/konrad/.pebble-sdk/SDKs/current/sdk-core/pebble/aplite/lib/libpebble.a(tmp7jpKUopebble.o)
                0x00000000000005bc                app_message_outbox_send
 .text.app_message_register_inbox_dropped
                0x00000000000005c8        0xc /home/konrad/.pebble-sdk/SDKs/current/sdk-core/pebble/aplite/lib/libpebble.a(tmp7jpKUopebble.o)
                0x00000000000005c8                app_message_register_inbox_dropped
 .text.app_message_register_inbox_received
                0x00000000000005d4        0xc /home/konrad/.pebble-sdk/SDKs/current/sdk-core/pebble/aplite/lib/libpebble.a(tmp7jpKUopebble.o)
                0x00000000000005d4                app_message_register_inbox_received
 .text.app_message_register_outbox_failed
                0x00000000000005e0        0xc /home/konrad/.pebble-sdk/SDKs/current/sdk-core/pebble/aplite/lib/libpebble.a(tmp7jpKUopebble.o)
                0x00000000000005e0                app_message_register_outbox_failed
 .text.app_message_register_outbox_sent
                0x00000000000005ec        0xc /home/konrad/.pebble-sdk/SDKs/current/sdk-core/pebble/aplite/lib/libpebble.a(tmp7jpKUopebble.o)
                0x00000000000005ec                app_message_register_outbox_sent
 .text.app_message_set_context
                0x00000000000005f8        0xc /home/konrad/.pebble-sdk/SDKs/current/sdk-core/pebble/aplite/lib/libpebble.a(tmp7jpKUopebble.o)
                0x00000000000005f8                app_message_set_context
 .text.window_long_click_subscribe
                0x0000000000000604        0xc /home/konrad/.pebble-sdk/SDKs/current/sdk-core/pebble/aplite/lib/libpebble.a(tmp7jpKUopebble.o)
                0x0000000000000604                window_long_click_subscribe
 .text.window_set_click_context
                0x0000000000000610        0xc /home/konrad/.pebble-sdk/SDKs/current/sdk-core/pebble/aplite/lib/libpebble.a(tmp7jpKUopebble.o)
                0x0000000000000610                window_set_click_context
 .text.window_single_click_subscribe
                0x000000000000061c        0xc /home/konrad/.pebble-sdk/SDKs/current/sdk-core/pebble/aplite/lib/libpebble.a(tmp7jpKUopebble.o)
                0x000000000000061c                window_single_click_subscribe
 .text.graphics_draw_text
                0x0000000000000628        0xc /home/konrad/.pebble-sdk/SDKs/current/sdk-core/pebble/aplite/lib/libpebble.a(tmp7jpKUopebble.o)
                0x0000000000000628                graphics_draw_text
 .text.accel_data_service_subscribe
                0x0000000000000634        0xc /home/konrad/.pebble-sdk/SDKs/current/sdk-core/pebble/aplite/lib/libpebble.a(tmp7jpKUopebble.o)
                0x0000000000000634                accel_data_service_subscribe
 .text.launch_reason
                0x0000000000000640        0xc /home/konrad/.pebble-sdk/SDKs/current/sdk-core/pebble/aplite/lib/libpebble.a(tmp7jpKUopebble.o)
                0x0000000000000640                launch_reason
 .text.wakeup_cancel
                0x000000000000064c        0xc /home/konrad/.pebble-sdk/SDKs/current/sdk-core/pebble/aplite/lib/libpebble.a(tmp7jpKUopebble.o)
                0x000000000000064c                wakeup_cancel
 .text.wakeup_cancel_all
                0x0000000000000658        0xc /home/konrad/.pebble-sdk/SDKs/current/sdk-core/pebble/aplite/lib/libpebble.a(tmp7jpKUopebble.o)
                0x0000000000000658                wakeup_cancel_all
 .text.wakeup_get_launch_event
                0x0000000000000664        0xc /home/konrad/.pebble-sdk/SDKs/current/sdk-core/pebble/aplite/lib/libpebble.a(tmp7jpKUopebble.o)
                0x0000000000000664                wakeup_get_launch_event
 .text.wakeup_schedule
                0x0000000000000670        0xc /home/konrad/.pebble-sdk/SDKs/current/sdk-core/pebble/aplite/lib/libpebble.a(tmp7jpKUopebble.o)
                0x0000000000000670                wakeup_schedule
 .text.wakeup_service_subscribe
                0x000000000000067c        0xc /home/konrad/.pebble-sdk/SDKs/current/sdk-core/pebble/aplite/lib/libpebble.a(tmp7jpKUopebble.o)
                0x000000000000067c                wakeup_service_subscribe
 .text.clock_is_timezone_set
                0x0000000000000688        0xc /home/konrad/.pebble-sdk/SDKs/current/sdk-core/pebble/aplite/lib/libpebble.a(tmp7jpKUopebble.o)
                0x0000000000000688                clock_is_timezone_set
 .text.graphics_context_set_fill_color
                0x0000000000000694        0xc /home/konrad/.pebble-sdk/SDKs/current/sdk-core/pebble/aplite/lib/libpebble.a(tmp7jpKUopebble.o)
                0x0000000000000694                graphics_context_set_fill_color
 .text.graphics_context_set_stroke_color
                0x00000000000006a0        0xc /home/konrad/.pebble-sdk/SDKs/current/sdk-core/pebble/aplite/lib/libpebble.a(tmp7jpKUopebble.o)
                0x00000000000006a0                graphics_context_set_stroke_color
 .text.graphics_context_set_text_color
                0x00000000000006ac        0xc /home/konrad/.pebble-sdk/SDKs/current/sdk-core/pebble/aplite/lib/libpebble.a(tmp7jpKUopebble.o)
                0x00000000000006ac                graphics_context_set_text_color
 .text.window_set_background_color
                0x00000000000006b8        0xc /home/konrad/.pebble-sdk/SDKs/current/sdk-core/pebble/aplite/lib/libpebble.a(tmp7jpKUopebble.o)
                0x00000000000006b8                window_set_background_color
 .text.localtime
                0x00000000000006c4        0xc /home/konrad/.pebble-sdk/SDKs/current/sdk-core/pebble/aplite/lib/libpebble.a(tmp7jpKUopebble.o)
                0x00000000000006c4                localtime
 .text.animation_destroy
                0x00000000000006d0        0xc /home/konrad/.pebble-sdk/SDKs/current/sdk-core/pebble/aplite/lib/libpebble.a(tmp7jpKUopebble.o)
                0x00000000000006d0                animation_destroy
 .text.animation_schedule
                0x00000000000006dc        0xc /home/konrad/.pebble-sdk/SDKs/current/sdk-core/pebble/aplite/lib/libpebble.a(tmp7jpKUopebble.o)
                0x00000000000006dc                animation_schedule
 .text.animation_set_curve
                0x00000000000006e8        0xc /home/konrad/.pebble-sdk/SDKs/current/sdk-core/pebble/aplite/lib/libpebble.a(tmp7jpKUopebble.o)
                0x00000000000006e8                animation_set_curve
 .text.animation_set_duration
                0x00000000000006f4        0xc /home/konrad/.pebble-sdk/SDKs/current/sdk-core/pebble/aplite/lib/libpebble.a(tmp7jpKUopebble.o)
                0x00000000000006f4                animation_set_duration
 .text.animation_set_handlers
                0x0000000000000700        0xc /home/konrad/.pebble-sdk/SDKs/current/sdk-core/pebble/aplite/lib/libpebble.a(tmp7jpKUopebble.o)
                0x0000000000000700                animation_set_handlers
 .text.animation_unschedule
                0x000000000000070c        0xc /home/konrad/.pebble-sdk/SDKs/current/sdk-core/pebble/aplite/lib/libpebble.a(tmp7jpKUopebble.o)
                0x000000000000070c                animation_unschedule
 .text.property_animation_create
                0x0000000000000718        0xc /home/konrad/.pebble-sdk/SDKs/current/sdk-core/pebble/aplite/lib/libpebble.a(tmp7jpKUopebble.o)
                0x0000000000000718                property_animation_create
 .text.property_animation_destroy
                0x0000000000000724        0xc /home/konrad/.pebble-sdk/SDKs/current/sdk-core/pebble/aplite/lib/libpebble.a(tmp7jpKUopebble.o)
                0x0000000000000724                property_animation_destroy
 .text.property_animation_from
                0x0000000000000730        0xc /home/konrad/.pebble-sdk/SDKs/current/sdk-core/pebble/aplite/lib/libpebble.a(tmp7jpKUopebble.o)
                0x0000000000000730                property_animation_from
 .text.property_animation_to
                0x000000000000073c        0xc /home/konrad/.pebble-sdk/SDKs/current/sdk-core/pebble/aplite/lib/libpebble.a(tmp7jpKUopebble.o)
                0x000000000000073c                property_animation_to
 .text.property_animation_update_grect
                0x0000000000000748        0xc /home/konrad/.pebble-sdk/SDKs/current/sdk-core/pebble/aplite/lib/libpebble.a(tmp7jpKUopebble.o)
                0x0000000000000748                property_animation_update_grect
 .text.gbitmap_get_bounds
                0x0000000000000754        0xc /home/konrad/.pebble-sdk/SDKs/current/sdk-core/pebble/aplite/lib/libpebble.a(tmp7jpKUopebble.o)
                0x0000000000000754                gbitmap_get_bounds
 .text.gbitmap_get_format
                0x0000000000000760        0xc /home/konrad/.pebble-sdk/SDKs/current/sdk-core/pebble/aplite/lib/libpebble.a(tmp7jpKUopebble.o)
                0x0000000000000760                gbitmap_get_format
 .text.gbitmap_get_palette
                0x000000000000076c        0xc /home/konrad/.pebble-sdk/SDKs/current/sdk-core/pebble/aplite/lib/libpebble.a(tmp7jpKUopebble.o)
                0x000000000000076c                gbitmap_get_palette
 .text.gbitmap_set_palette
                0x0000000000000778        0xc /home/konrad/.pebble-sdk/SDKs/current/sdk-core/pebble/aplite/lib/libpebble.a(tmp7jpKUopebble.o)
                0x0000000000000778                gbitmap_set_palette
 .text.gbitmap_create_from_png_data
                0x0000000000000784        0xc /home/konrad/.pebble-sdk/SDKs/current/sdk-core/pebble/aplite/lib/libpebble.a(tmp7jpKUopebble.o)
                0x0000000000000784                gbitmap_create_from_png_data
 .text.launch_get_args
                0x0000000000000790        0xc /home/konrad/.pebble-sdk/SDKs/current/sdk-core/pebble/aplite/lib/libpebble.a(tmp7jpKUopebble.o)
                0x0000000000000790                launch_get_args
 .text.menu_layer_create
                0x000000000000079c        0xc /home/konrad/.pebble-sdk/SDKs/current/sdk-core/pebble/aplite/lib/libpebble.a(tmp7jpKUopebble.o)
                0x000000000000079c                menu_layer_create
 .text.graphics_context_set_antialiased
                0x00000000000007a8        0xc /home/konrad/.pebble-sdk/SDKs/current/sdk-core/pebble/aplite/lib/libpebble.a(tmp7jpKUopebble.o)
                0x00000000000007a8                graphics_context_set_antialiased
 .text.graphics_context_set_stroke_width
                0x00000000000007b4        0xc /home/konrad/.pebble-sdk/SDKs/current/sdk-core/pebble/aplite/lib/libpebble.a(tmp7jpKUopebble.o)
                0x00000000000007b4                graphics_context_set_stroke_width
 .text.action_bar_layer_add_to_window
                0x00000000000007c0        0xc /home/konrad/.pebble-sdk/SDKs/current/sdk-core/pebble/aplite/lib/libpebble.a(tmp7jpKUopebble.o)
                0x00000000000007c0                action_bar_layer_add_to_window
 .text.action_bar_layer_clear_icon
                0x00000000000007cc        0xc /home/konrad/.pebble-sdk/SDKs/current/sdk-core/pebble/aplite/lib/libpebble.a(tmp7jpKUopebble.o)
                0x00000000000007cc                action_bar_layer_clear_icon
 .text.action_bar_layer_create
                0x00000000000007d8        0xc /home/konrad/.pebble-sdk/SDKs/current/sdk-core/pebble/aplite/lib/libpebble.a(tmp7jpKUopebble.o)
                0x00000000000007d8                action_bar_layer_create
 .text.action_bar_layer_destroy
                0x00000000000007e4        0xc /home/konrad/.pebble-sdk/SDKs/current/sdk-core/pebble/aplite/lib/libpebble.a(tmp7jpKUopebble.o)
                0x00000000000007e4                action_bar_layer_destroy
 .text.action_bar_layer_get_layer
                0x00000000000007f0        0xc /home/konrad/.pebble-sdk/SDKs/current/sdk-core/pebble/aplite/lib/libpebble.a(tmp7jpKUopebble.o)
                0x00000000000007f0                action_bar_layer_get_layer
 .text.action_bar_layer_remove_from_window
                0x00000000000007fc        0xc /home/konrad/.pebble-sdk/SDKs/current/sdk-core/pebble/aplite/lib/libpebble.a(tmp7jpKUopebble.o)
                0x00000000000007fc                action_bar_layer_remove_from_window
 .text.action_bar_layer_set_background_color
                0x0000000000000808        0xc /home/konrad/.pebble-sdk/SDKs/current/sdk-core/pebble/aplite/lib/libpebble.a(tmp7jpKUopebble.o)
                0x0000000000000808                action_bar_layer_set_background_color
 .text.action_bar_layer_set_click_config_provider
                0x0000000000000814        0xc /home/konrad/.pebble-sdk/SDKs/current/sdk-core/pebble/aplite/lib/libpebble.a(tmp7jpKUopebble.o)
                0x0000000000000814                action_bar_layer_set_click_config_provider
 .text.action_bar_layer_set_context
                0x0000000000000820        0xc /home/konrad/.pebble-sdk/SDKs/current/sdk-core/pebble/aplite/lib/libpebble.a(tmp7jpKUopebble.o)
                0x0000000000000820                action_bar_layer_set_context
 .text.action_bar_layer_set_icon
                0x000000000000082c        0xc /home/konrad/.pebble-sdk/SDKs/current/sdk-core/pebble/aplite/lib/libpebble.a(tmp7jpKUopebble.o)
                0x000000000000082c                action_bar_layer_set_icon
 .text.menu_cell_layer_is_highlighted
                0x0000000000000838        0xc /home/konrad/.pebble-sdk/SDKs/current/sdk-core/pebble/aplite/lib/libpebble.a(tmp7jpKUopebble.o)
                0x0000000000000838                menu_cell_layer_is_highlighted
 .text.time     0x0000000000000844        0xc /home/konrad/.pebble-sdk/SDKs/current/sdk-core/pebble/aplite/lib/libpebble.a(tmp7jpKUopebble.o)
                0x0000000000000844                time
 .text.menu_layer_set_highlight_colors
                0x0000000000000850        0xc /home/konrad/.pebble-sdk/SDKs/current/sdk-core/pebble/aplite/lib/libpebble.a(tmp7jpKUopebble.o)
                0x0000000000000850                menu_layer_set_highlight_colors
 .text.menu_layer_set_normal_colors
                0x000000000000085c        0xc /home/konrad/.pebble-sdk/SDKs/current/sdk-core/pebble/aplite/lib/libpebble.a(tmp7jpKUopebble.o)
                0x000000000000085c                menu_layer_set_normal_colors
 .text.menu_layer_set_callbacks
                0x0000000000000868        0xc /home/konrad/.pebble-sdk/SDKs/current/sdk-core/pebble/aplite/lib/libpebble.a(tmp7jpKUopebble.o)
                0x0000000000000868                menu_layer_set_callbacks
 .text.status_bar_layer_create
                0x0000000000000874        0xc /home/konrad/.pebble-sdk/SDKs/current/sdk-core/pebble/aplite/lib/libpebble.a(tmp7jpKUopebble.o)
                0x0000000000000874                status_bar_layer_create
 .text.status_bar_layer_destroy
                0x0000000000000880        0xc /home/konrad/.pebble-sdk/SDKs/current/sdk-core/pebble/aplite/lib/libpebble.a(tmp7jpKUopebble.o)
                0x0000000000000880                status_bar_layer_destroy
 .text.status_bar_layer_get_layer
                0x000000000000088c        0xc /home/konrad/.pebble-sdk/SDKs/current/sdk-core/pebble/aplite/lib/libpebble.a(tmp7jpKUopebble.o)
                0x000000000000088c                status_bar_layer_get_layer
 .text.status_bar_layer_set_colors
                0x0000000000000898        0xc /home/konrad/.pebble-sdk/SDKs/current/sdk-core/pebble/aplite/lib/libpebble.a(tmp7jpKUopebble.o)
                0x0000000000000898                status_bar_layer_set_colors
 .text.status_bar_layer_set_separator_mode
                0x00000000000008a4        0xc /home/konrad/.pebble-sdk/SDKs/current/sdk-core/pebble/aplite/lib/libpebble.a(tmp7jpKUopebble.o)
                0x00000000000008a4                status_bar_layer_set_separator_mode
 .text.time_ms  0x00000000000008b0        0xc /home/konrad/.pebble-sdk/SDKs/current/sdk-core/pebble/aplite/lib/libpebble.a(tmp7jpKUopebble.o)
                0x00000000000008b0                time_ms
 .text.grect_inset
                0x00000000000008bc        0xc /home/konrad/.pebble-sdk/SDKs/current/sdk-core/pebble/aplite/lib/libpebble.a(tmp7jpKUopebble.o)
                0x00000000000008bc                grect_inset
 .text.gpoint_from_polar
                0x00000000000008c8        0xc /home/konrad/.pebble-sdk/SDKs/current/sdk-core/pebble/aplite/lib/libpebble.a(tmp7jpKUopebble.o)
                0x00000000000008c8                gpoint_from_polar
 .text.graphics_draw_arc
                0x00000000000008d4        0xc /home/konrad/.pebble-sdk/SDKs/current/sdk-core/pebble/aplite/lib/libpebble.a(tmp7jpKUopebble.o)
                0x00000000000008d4                graphics_draw_arc
 .text.graphics_fill_radial
                0x00000000000008e0        0xc /home/konrad/.pebble-sdk/SDKs/current/sdk-core/pebble/aplite/lib/libpebble.a(tmp7jpKUopebble.o)
                0x00000000000008e0                graphics_fill_radial
 .text.graphics_text_attributes_create
                0x00000000000008ec        0xc /home/konrad/.pebble-sdk/SDKs/current/sdk-core/pebble/aplite/lib/libpebble.a(tmp7jpKUopebble.o)
                0x00000000000008ec                graphics_text_attributes_create
 .text.graphics_text_attributes_destroy
                0x00000000000008f8        0xc /home/konrad/.pebble-sdk/SDKs/current/sdk-core/pebble/aplite/lib/libpebble.a(tmp7jpKUopebble.o)
                0x00000000000008f8                graphics_text_attributes_destroy
 .text.graphics_text_layout_get_content_size_with_attributes
                0x0000000000000904        0xc /home/konrad/.pebble-sdk/SDKs/current/sdk-core/pebble/aplite/lib/libpebble.a(tmp7jpKUopebble.o)
                0x0000000000000904                graphics_text_layout_get_content_size_with_attributes
 .text.scroll_layer_set_paging
                0x0000000000000910        0xc /home/konrad/.pebble-sdk/SDKs/current/sdk-core/pebble/aplite/lib/libpebble.a(tmp7jpKUopebble.o)
                0x0000000000000910                scroll_layer_set_paging
 .text.simply_create
                0x000000000000091c       0x60 /home/konrad/Pebble Projects/GoProJS/node_modules/pebblejs/dist/binaries/aplite/libpebblejs.a(simply.c.21.o)
                0x000000000000091c                simply_create
 .text.simply_destroy
                0x000000000000097c       0x38 /home/konrad/Pebble Projects/GoProJS/node_modules/pebblejs/dist/binaries/aplite/libpebblejs.a(simply.c.21.o)
                0x000000000000097c                simply_destroy
 .text.handle_accel_tap
                0x00000000000009b4       0x1e /home/konrad/Pebble Projects/GoProJS/node_modules/pebblejs/dist/binaries/aplite/libpebblejs.a(simply_accel.c.21.o)
 .text.send_accel_data.isra.1
                0x00000000000009d2       0x4a /home/konrad/Pebble Projects/GoProJS/node_modules/pebblejs/dist/binaries/aplite/libpebblejs.a(simply_accel.c.21.o)
 .text.handle_accel_data
                0x0000000000000a1c        0x6 /home/konrad/Pebble Projects/GoProJS/node_modules/pebblejs/dist/binaries/aplite/libpebblejs.a(simply_accel.c.21.o)
 *fill*         0x0000000000000a22        0x2 
 .text.accel_peek_timer_callback
                0x0000000000000a24       0x40 /home/konrad/Pebble Projects/GoProJS/node_modules/pebblejs/dist/binaries/aplite/libpebblejs.a(simply_accel.c.21.o)
 .text.simply_accel_handle_packet
                0x0000000000000a64       0x6c /home/konrad/Pebble Projects/GoProJS/node_modules/pebblejs/dist/binaries/aplite/libpebblejs.a(simply_accel.c.21.o)
                0x0000000000000a64                simply_accel_handle_packet
 .text.simply_accel_create
                0x0000000000000ad0       0x38 /home/konrad/Pebble Projects/GoProJS/node_modules/pebblejs/dist/binaries/aplite/libpebblejs.a(simply_accel.c.21.o)
                0x0000000000000ad0                simply_accel_create
 .text.simply_accel_destroy
                0x0000000000000b08       0x20 /home/konrad/Pebble Projects/GoProJS/node_modules/pebblejs/dist/binaries/aplite/libpebblejs.a(simply_accel.c.21.o)
                0x0000000000000b08                simply_accel_destroy
 .text.list1_remove
                0x0000000000000b28       0x32 /home/konrad/Pebble Projects/GoProJS/node_modules/pebblejs/dist/binaries/aplite/libpebblejs.a(simply_menu.c.21.o)
 .text.prv_section_filter
                0x0000000000000b5a        0xc /home/konrad/Pebble Projects/GoProJS/node_modules/pebblejs/dist/binaries/aplite/libpebblejs.a(simply_menu.c.21.o)
 .text.prv_item_filter
                0x0000000000000b66       0x1a /home/konrad/Pebble Projects/GoProJS/node_modules/pebblejs/dist/binaries/aplite/libpebblejs.a(simply_menu.c.21.o)
 .text.prv_request_item_filter
                0x0000000000000b80        0xc /home/konrad/Pebble Projects/GoProJS/node_modules/pebblejs/dist/binaries/aplite/libpebblejs.a(simply_menu.c.21.o)
 .text.prv_menu_get_num_sections_callback
                0x0000000000000b8c        0x4 /home/konrad/Pebble Projects/GoProJS/node_modules/pebblejs/dist/binaries/aplite/libpebblejs.a(simply_menu.c.21.o)
 .text.prv_free_title
                0x0000000000000b90       0x20 /home/konrad/Pebble Projects/GoProJS/node_modules/pebblejs/dist/binaries/aplite/libpebblejs.a(simply_menu.c.21.o)
 .text.prv_destroy_section
                0x0000000000000bb0       0x20 /home/konrad/Pebble Projects/GoProJS/node_modules/pebblejs/dist/binaries/aplite/libpebblejs.a(simply_menu.c.21.o)
 .text.prv_destroy_item
                0x0000000000000bd0       0x28 /home/konrad/Pebble Projects/GoProJS/node_modules/pebblejs/dist/binaries/aplite/libpebblejs.a(simply_menu.c.21.o)
 .text.prv_menu_window_unload
                0x0000000000000bf8       0x1c /home/konrad/Pebble Projects/GoProJS/node_modules/pebblejs/dist/binaries/aplite/libpebblejs.a(simply_menu.c.21.o)
 .text.prv_reload_data
                0x0000000000000c14        0xa /home/konrad/Pebble Projects/GoProJS/node_modules/pebblejs/dist/binaries/aplite/libpebblejs.a(simply_menu.c.21.o)
 .text.simply_menu_clear
                0x0000000000000c1e       0x28 /home/konrad/Pebble Projects/GoProJS/node_modules/pebblejs/dist/binaries/aplite/libpebblejs.a(simply_menu.c.21.o)
 .text.prv_menu_window_disappear
                0x0000000000000c46       0x22 /home/konrad/Pebble Projects/GoProJS/node_modules/pebblejs/dist/binaries/aplite/libpebblejs.a(simply_menu.c.21.o)
 .text.prv_menu_window_appear
                0x0000000000000c68        0xe /home/konrad/Pebble Projects/GoProJS/node_modules/pebblejs/dist/binaries/aplite/libpebblejs.a(simply_menu.c.21.o)
 .text.prv_single_click_handler
                0x0000000000000c76       0x1a /home/konrad/Pebble Projects/GoProJS/node_modules/pebblejs/dist/binaries/aplite/libpebblejs.a(simply_menu.c.21.o)
 .text.gpoint_polar
                0x0000000000000c90       0x34 /home/konrad/Pebble Projects/GoProJS/node_modules/pebblejs/dist/binaries/aplite/libpebblejs.a(simply_menu.c.21.o)
 .text.prv_mark_dirty
                0x0000000000000cc4       0x14 /home/konrad/Pebble Projects/GoProJS/node_modules/pebblejs/dist/binaries/aplite/libpebblejs.a(simply_menu.c.21.o)
 .text.strdup2  0x0000000000000cd8       0x44 /home/konrad/Pebble Projects/GoProJS/node_modules/pebblejs/dist/binaries/aplite/libpebblejs.a(simply_menu.c.21.o)
 .text.prv_menu_window_load
                0x0000000000000d1c       0xf0 /home/konrad/Pebble Projects/GoProJS/node_modules/pebblejs/dist/binaries/aplite/libpebblejs.a(simply_menu.c.21.o)
 .text.list1_find_prev.constprop.8
                0x0000000000000e0c       0x1c /home/konrad/Pebble Projects/GoProJS/node_modules/pebblejs/dist/binaries/aplite/libpebblejs.a(simply_menu.c.21.o)
 .text.refresh_spinner_timer
                0x0000000000000e28       0x2c /home/konrad/Pebble Projects/GoProJS/node_modules/pebblejs/dist/binaries/aplite/libpebblejs.a(simply_menu.c.21.o)
 .text.spinner_timer_callback
                0x0000000000000e54       0x16 /home/konrad/Pebble Projects/GoProJS/node_modules/pebblejs/dist/binaries/aplite/libpebblejs.a(simply_menu.c.21.o)
 *fill*         0x0000000000000e6a        0x2 
 .text.prv_click_config_provider
                0x0000000000000e6c       0x24 /home/konrad/Pebble Projects/GoProJS/node_modules/pebblejs/dist/binaries/aplite/libpebblejs.a(simply_menu.c.21.o)
 .text.prv_add_item
                0x0000000000000e90       0x58 /home/konrad/Pebble Projects/GoProJS/node_modules/pebblejs/dist/binaries/aplite/libpebblejs.a(simply_menu.c.21.o)
 .text.prv_get_menu_section
                0x0000000000000ee8       0x10 /home/konrad/Pebble Projects/GoProJS/node_modules/pebblejs/dist/binaries/aplite/libpebblejs.a(simply_menu.c.21.o)
 .text.prv_menu_get_num_rows_callback
                0x0000000000000ef8       0x12 /home/konrad/Pebble Projects/GoProJS/node_modules/pebblejs/dist/binaries/aplite/libpebblejs.a(simply_menu.c.21.o)
 *fill*         0x0000000000000f0a        0x2 
 .text.prv_menu_get_header_height_callback
                0x0000000000000f0c       0x24 /home/konrad/Pebble Projects/GoProJS/node_modules/pebblejs/dist/binaries/aplite/libpebblejs.a(simply_menu.c.21.o)
 .text.prv_menu_select_long_click_callback
                0x0000000000000f30       0x22 /home/konrad/Pebble Projects/GoProJS/node_modules/pebblejs/dist/binaries/aplite/libpebblejs.a(simply_menu.c.21.o)
 .text.prv_menu_select_click_callback
                0x0000000000000f52       0x22 /home/konrad/Pebble Projects/GoProJS/node_modules/pebblejs/dist/binaries/aplite/libpebblejs.a(simply_menu.c.21.o)
 .text.prv_add_section
                0x0000000000000f74       0x50 /home/konrad/Pebble Projects/GoProJS/node_modules/pebblejs/dist/binaries/aplite/libpebblejs.a(simply_menu.c.21.o)
 .text.prv_request_menu_section.part.2
                0x0000000000000fc4       0x3e /home/konrad/Pebble Projects/GoProJS/node_modules/pebblejs/dist/binaries/aplite/libpebblejs.a(simply_menu.c.21.o)
 *fill*         0x0000000000001002        0x2 
 .text.prv_menu_draw_row_callback
                0x0000000000001004      0x274 /home/konrad/Pebble Projects/GoProJS/node_modules/pebblejs/dist/binaries/aplite/libpebblejs.a(simply_menu.c.21.o)
 .text.prv_menu_draw_header_callback
                0x0000000000001278       0xc4 /home/konrad/Pebble Projects/GoProJS/node_modules/pebblejs/dist/binaries/aplite/libpebblejs.a(simply_menu.c.21.o)
 .text.simply_menu_handle_packet
                0x000000000000133c      0x1ec /home/konrad/Pebble Projects/GoProJS/node_modules/pebblejs/dist/binaries/aplite/libpebblejs.a(simply_menu.c.21.o)
                0x000000000000133c                simply_menu_handle_packet
 .text.simply_menu_create
                0x0000000000001528       0x3c /home/konrad/Pebble Projects/GoProJS/node_modules/pebblejs/dist/binaries/aplite/libpebblejs.a(simply_menu.c.21.o)
                0x0000000000001528                simply_menu_create
 .text.simply_menu_destroy
                0x0000000000001564       0x16 /home/konrad/Pebble Projects/GoProJS/node_modules/pebblejs/dist/binaries/aplite/libpebblejs.a(simply_menu.c.21.o)
                0x0000000000001564                simply_menu_destroy
 .text.list1_remove
                0x000000000000157a       0x32 /home/konrad/Pebble Projects/GoProJS/node_modules/pebblejs/dist/binaries/aplite/libpebblejs.a(simply_msg.c.21.o)
 .text.dropped_callback
                0x00000000000015ac        0x2 /home/konrad/Pebble Projects/GoProJS/node_modules/pebblejs/dist/binaries/aplite/libpebblejs.a(simply_msg.c.21.o)
 .text.sent_callback
                0x00000000000015ae        0x2 /home/konrad/Pebble Projects/GoProJS/node_modules/pebblejs/dist/binaries/aplite/libpebblejs.a(simply_msg.c.21.o)
 .text.send_msg
                0x00000000000015b0       0x30 /home/konrad/Pebble Projects/GoProJS/node_modules/pebblejs/dist/binaries/aplite/libpebblejs.a(simply_msg.c.21.o)
 .text.handle_packet
                0x00000000000015e0      0x18e /home/konrad/Pebble Projects/GoProJS/node_modules/pebblejs/dist/binaries/aplite/libpebblejs.a(simply_msg.c.21.o)
 *fill*         0x000000000000176e        0x2 
 .text.received_callback
                0x0000000000001770       0x38 /home/konrad/Pebble Projects/GoProJS/node_modules/pebblejs/dist/binaries/aplite/libpebblejs.a(simply_msg.c.21.o)
 .text.send_msg_retry
                0x00000000000017a8       0xb8 /home/konrad/Pebble Projects/GoProJS/node_modules/pebblejs/dist/binaries/aplite/libpebblejs.a(simply_msg.c.21.o)
 .text.simply_msg_has_communicated
                0x0000000000001860        0xc /home/konrad/Pebble Projects/GoProJS/node_modules/pebblejs/dist/binaries/aplite/libpebblejs.a(simply_msg.c.21.o)
                0x0000000000001860                simply_msg_has_communicated
 .text.simply_msg_show_disconnected
                0x000000000000186c       0x58 /home/konrad/Pebble Projects/GoProJS/node_modules/pebblejs/dist/binaries/aplite/libpebblejs.a(simply_msg.c.21.o)
                0x000000000000186c                simply_msg_show_disconnected
 .text.failed_callback
                0x00000000000018c4       0x18 /home/konrad/Pebble Projects/GoProJS/node_modules/pebblejs/dist/binaries/aplite/libpebblejs.a(simply_msg.c.21.o)
 .text.simply_msg_create
                0x00000000000018dc       0x6c /home/konrad/Pebble Projects/GoProJS/node_modules/pebblejs/dist/binaries/aplite/libpebblejs.a(simply_msg.c.21.o)
                0x00000000000018dc                simply_msg_create
 .text.simply_msg_destroy
                0x0000000000001948       0x1c /home/konrad/Pebble Projects/GoProJS/node_modules/pebblejs/dist/binaries/aplite/libpebblejs.a(simply_msg.c.21.o)
                0x0000000000001948                simply_msg_destroy
 .text.simply_msg_send
                0x0000000000001964        0x4 /home/konrad/Pebble Projects/GoProJS/node_modules/pebblejs/dist/binaries/aplite/libpebblejs.a(simply_msg.c.21.o)
                0x0000000000001964                simply_msg_send
 .text.simply_msg_send_packet
                0x0000000000001968       0x84 /home/konrad/Pebble Projects/GoProJS/node_modules/pebblejs/dist/binaries/aplite/libpebblejs.a(simply_msg.c.21.o)
                0x0000000000001968                simply_msg_send_packet
 .text.list1_remove
                0x00000000000019ec       0x32 /home/konrad/Pebble Projects/GoProJS/node_modules/pebblejs/dist/binaries/aplite/libpebblejs.a(simply_res.c.21.o)
 .text.destroy_image
                0x0000000000001a1e       0x22 /home/konrad/Pebble Projects/GoProJS/node_modules/pebblejs/dist/binaries/aplite/libpebblejs.a(simply_res.c.21.o)
 .text.malloc0  0x0000000000001a40       0x18 /home/konrad/Pebble Projects/GoProJS/node_modules/pebblejs/dist/binaries/aplite/libpebblejs.a(simply_res.c.21.o)
 .text.window_stack_schedule_top_window_render
                0x0000000000001a58       0x12 /home/konrad/Pebble Projects/GoProJS/node_modules/pebblejs/dist/binaries/aplite/libpebblejs.a(simply_res.c.21.o)
 .text.setup_image
                0x0000000000001a6a       0x64 /home/konrad/Pebble Projects/GoProJS/node_modules/pebblejs/dist/binaries/aplite/libpebblejs.a(simply_res.c.21.o)
 .text.create_bitmap_with_png_data
                0x0000000000001ace        0xc /home/konrad/Pebble Projects/GoProJS/node_modules/pebblejs/dist/binaries/aplite/libpebblejs.a(simply_res.c.21.o)
 .text.create_bitmap_with_id
                0x0000000000001ada       0x12 /home/konrad/Pebble Projects/GoProJS/node_modules/pebblejs/dist/binaries/aplite/libpebblejs.a(simply_res.c.21.o)
 .text.simply_res_evict_image
                0x0000000000001aec       0x1a /home/konrad/Pebble Projects/GoProJS/node_modules/pebblejs/dist/binaries/aplite/libpebblejs.a(simply_res.c.21.o)
                0x0000000000001aec                simply_res_evict_image
 .text.create_image
                0x0000000000001b06       0x48 /home/konrad/Pebble Projects/GoProJS/node_modules/pebblejs/dist/binaries/aplite/libpebblejs.a(simply_res.c.21.o)
 *fill*         0x0000000000001b4e        0x2 
 .text.simply_res_add_bundled_image
                0x0000000000001b50       0x28 /home/konrad/Pebble Projects/GoProJS/node_modules/pebblejs/dist/binaries/aplite/libpebblejs.a(simply_res.c.21.o)
                0x0000000000001b50                simply_res_add_bundled_image
 .text.simply_res_add_image
                0x0000000000001b78       0x64 /home/konrad/Pebble Projects/GoProJS/node_modules/pebblejs/dist/binaries/aplite/libpebblejs.a(simply_res.c.21.o)
                0x0000000000001b78                simply_res_add_image
 .text.simply_res_auto_image
                0x0000000000001bdc       0x42 /home/konrad/Pebble Projects/GoProJS/node_modules/pebblejs/dist/binaries/aplite/libpebblejs.a(simply_res.c.21.o)
                0x0000000000001bdc                simply_res_auto_image
 .text.simply_res_add_custom_font
                0x0000000000001c1e       0x40 /home/konrad/Pebble Projects/GoProJS/node_modules/pebblejs/dist/binaries/aplite/libpebblejs.a(simply_res.c.21.o)
                0x0000000000001c1e                simply_res_add_custom_font
 .text.simply_res_auto_font
                0x0000000000001c5e       0x2a /home/konrad/Pebble Projects/GoProJS/node_modules/pebblejs/dist/binaries/aplite/libpebblejs.a(simply_res.c.21.o)
                0x0000000000001c5e                simply_res_auto_font
 .text.simply_res_clear
                0x0000000000001c88       0x34 /home/konrad/Pebble Projects/GoProJS/node_modules/pebblejs/dist/binaries/aplite/libpebblejs.a(simply_res.c.21.o)
                0x0000000000001c88                simply_res_clear
 .text.simply_res_create
                0x0000000000001cbc       0x2a /home/konrad/Pebble Projects/GoProJS/node_modules/pebblejs/dist/binaries/aplite/libpebblejs.a(simply_res.c.21.o)
                0x0000000000001cbc                simply_res_create
 .text.simply_res_destroy
                0x0000000000001ce6       0x12 /home/konrad/Pebble Projects/GoProJS/node_modules/pebblejs/dist/binaries/aplite/libpebblejs.a(simply_res.c.21.o)
                0x0000000000001ce6                simply_res_destroy
 .text.window_load
                0x0000000000001cf8       0x24 /home/konrad/Pebble Projects/GoProJS/node_modules/pebblejs/dist/binaries/aplite/libpebblejs.a(simply_splash.c.21.o)
 .text.layer_update_callback
                0x0000000000001d1c       0x24 /home/konrad/Pebble Projects/GoProJS/node_modules/pebblejs/dist/binaries/aplite/libpebblejs.a(simply_splash.c.21.o)
                0x0000000000001d1c                layer_update_callback
 .text.simply_splash_create
                0x0000000000001d40       0x78 /home/konrad/Pebble Projects/GoProJS/node_modules/pebblejs/dist/binaries/aplite/libpebblejs.a(simply_splash.c.21.o)
                0x0000000000001d40                simply_splash_create
 .text.simply_splash_destroy
                0x0000000000001db8       0x20 /home/konrad/Pebble Projects/GoProJS/node_modules/pebblejs/dist/binaries/aplite/libpebblejs.a(simply_splash.c.21.o)
                0x0000000000001db8                simply_splash_destroy
 .text.window_disappear
                0x0000000000001dd8       0x1a /home/konrad/Pebble Projects/GoProJS/node_modules/pebblejs/dist/binaries/aplite/libpebblejs.a(simply_splash.c.21.o)
 .text.list1_remove
                0x0000000000001df2       0x32 /home/konrad/Pebble Projects/GoProJS/node_modules/pebblejs/dist/binaries/aplite/libpebblejs.a(simply_stage.c.21.o)
 .text.element_frame_getter
                0x0000000000001e24       0x10 /home/konrad/Pebble Projects/GoProJS/node_modules/pebblejs/dist/binaries/aplite/libpebblejs.a(simply_stage.c.21.o)
 .text.window_unload
                0x0000000000001e34       0x1e /home/konrad/Pebble Projects/GoProJS/node_modules/pebblejs/dist/binaries/aplite/libpebblejs.a(simply_stage.c.21.o)
 .text.destroy_animation
                0x0000000000001e52       0x24 /home/konrad/Pebble Projects/GoProJS/node_modules/pebblejs/dist/binaries/aplite/libpebblejs.a(simply_stage.c.21.o)
 *fill*         0x0000000000001e76        0x2 
 .text.simply_stage_update_ticker
                0x0000000000001e78       0x2c /home/konrad/Pebble Projects/GoProJS/node_modules/pebblejs/dist/binaries/aplite/libpebblejs.a(simply_stage.c.21.o)
 .text.simply_stage_clear
                0x0000000000001ea4       0x52 /home/konrad/Pebble Projects/GoProJS/node_modules/pebblejs/dist/binaries/aplite/libpebblejs.a(simply_stage.c.21.o)
 .text.window_disappear
                0x0000000000001ef6       0x22 /home/konrad/Pebble Projects/GoProJS/node_modules/pebblejs/dist/binaries/aplite/libpebblejs.a(simply_stage.c.21.o)
 .text.handle_tick
                0x0000000000001f18       0x12 /home/konrad/Pebble Projects/GoProJS/node_modules/pebblejs/dist/binaries/aplite/libpebblejs.a(simply_stage.c.21.o)
 .text.simply_stage_update
                0x0000000000001f2a        0xa /home/konrad/Pebble Projects/GoProJS/node_modules/pebblejs/dist/binaries/aplite/libpebblejs.a(simply_stage.c.21.o)
 .text.window_appear
                0x0000000000001f34       0x16 /home/konrad/Pebble Projects/GoProJS/node_modules/pebblejs/dist/binaries/aplite/libpebblejs.a(simply_stage.c.21.o)
 *fill*         0x0000000000001f4a        0x2 
 .text.window_load
                0x0000000000001f4c       0x68 /home/konrad/Pebble Projects/GoProJS/node_modules/pebblejs/dist/binaries/aplite/libpebblejs.a(simply_stage.c.21.o)
 .text.simply_stage_remove_element
                0x0000000000001fb4       0x24 /home/konrad/Pebble Projects/GoProJS/node_modules/pebblejs/dist/binaries/aplite/libpebblejs.a(simply_stage.c.21.o)
 .text.simply_stage_set_element_frame.isra.12
                0x0000000000001fd8       0x38 /home/konrad/Pebble Projects/GoProJS/node_modules/pebblejs/dist/binaries/aplite/libpebblejs.a(simply_stage.c.21.o)
 .text.element_frame_setter
                0x0000000000002010       0x1e /home/konrad/Pebble Projects/GoProJS/node_modules/pebblejs/dist/binaries/aplite/libpebblejs.a(simply_stage.c.21.o)
 .text.prv_draw_line_polar.constprop.15
                0x000000000000202e       0x46 /home/konrad/Pebble Projects/GoProJS/node_modules/pebblejs/dist/binaries/aplite/libpebblejs.a(simply_stage.c.21.o)
 .text.rect_element_draw.isra.6
                0x0000000000002074       0x3c /home/konrad/Pebble Projects/GoProJS/node_modules/pebblejs/dist/binaries/aplite/libpebblejs.a(simply_stage.c.21.o)
 .text.layer_update_callback
                0x00000000000020b0      0x390 /home/konrad/Pebble Projects/GoProJS/node_modules/pebblejs/dist/binaries/aplite/libpebblejs.a(simply_stage.c.21.o)
 .text.simply_stage_auto_element
                0x0000000000002440       0x84 /home/konrad/Pebble Projects/GoProJS/node_modules/pebblejs/dist/binaries/aplite/libpebblejs.a(simply_stage.c.21.o)
 .text.animation_stopped
                0x00000000000024c4       0x34 /home/konrad/Pebble Projects/GoProJS/node_modules/pebblejs/dist/binaries/aplite/libpebblejs.a(simply_stage.c.21.o)
 .text.simply_stage_handle_packet
                0x00000000000024f8      0x2e8 /home/konrad/Pebble Projects/GoProJS/node_modules/pebblejs/dist/binaries/aplite/libpebblejs.a(simply_stage.c.21.o)
                0x00000000000024f8                simply_stage_handle_packet
 .text.simply_stage_create
                0x00000000000027e0       0x38 /home/konrad/Pebble Projects/GoProJS/node_modules/pebblejs/dist/binaries/aplite/libpebblejs.a(simply_stage.c.21.o)
                0x00000000000027e0                simply_stage_create
 .text.simply_stage_destroy
                0x0000000000002818       0x16 /home/konrad/Pebble Projects/GoProJS/node_modules/pebblejs/dist/binaries/aplite/libpebblejs.a(simply_stage.c.21.o)
                0x0000000000002818                simply_stage_destroy
 .text.is_string
                0x000000000000282e       0x10 /home/konrad/Pebble Projects/GoProJS/node_modules/pebblejs/dist/binaries/aplite/libpebblejs.a(simply_ui.c.21.o)
 .text.window_unload
                0x000000000000283e       0x1e /home/konrad/Pebble Projects/GoProJS/node_modules/pebblejs/dist/binaries/aplite/libpebblejs.a(simply_ui.c.21.o)
 .text.window_disappear
                0x000000000000285c       0x1c /home/konrad/Pebble Projects/GoProJS/node_modules/pebblejs/dist/binaries/aplite/libpebblejs.a(simply_ui.c.21.o)
 .text.window_appear
                0x0000000000002878        0xe /home/konrad/Pebble Projects/GoProJS/node_modules/pebblejs/dist/binaries/aplite/libpebblejs.a(simply_ui.c.21.o)
 .text.graphics_draw_bitmap_centered
                0x0000000000002886       0x62 /home/konrad/Pebble Projects/GoProJS/node_modules/pebblejs/dist/binaries/aplite/libpebblejs.a(simply_ui.c.21.o)
 .text.mark_dirty
                0x00000000000028e8        0xa /home/konrad/Pebble Projects/GoProJS/node_modules/pebblejs/dist/binaries/aplite/libpebblejs.a(simply_ui.c.21.o)
 .text.show_welcome_text
                0x00000000000028f2       0x18 /home/konrad/Pebble Projects/GoProJS/node_modules/pebblejs/dist/binaries/aplite/libpebblejs.a(simply_ui.c.21.o)
 *fill*         0x000000000000290a        0x2 
 .text.layer_update_callback
                0x000000000000290c      0x504 /home/konrad/Pebble Projects/GoProJS/node_modules/pebblejs/dist/binaries/aplite/libpebblejs.a(simply_ui.c.21.o)
 .text.initialize_styles
                0x0000000000002e10       0xe0 /home/konrad/Pebble Projects/GoProJS/node_modules/pebblejs/dist/binaries/aplite/libpebblejs.a(simply_ui.c.21.o)
                0x0000000000002e10                initialize_styles
 .text.simply_ui_set_style
                0x0000000000002ef0       0x3c /home/konrad/Pebble Projects/GoProJS/node_modules/pebblejs/dist/binaries/aplite/libpebblejs.a(simply_ui.c.21.o)
                0x0000000000002ef0                simply_ui_set_style
 .text.window_load
                0x0000000000002f2c       0x6c /home/konrad/Pebble Projects/GoProJS/node_modules/pebblejs/dist/binaries/aplite/libpebblejs.a(simply_ui.c.21.o)
 .text.simply_ui_set_text
                0x0000000000002f98       0x74 /home/konrad/Pebble Projects/GoProJS/node_modules/pebblejs/dist/binaries/aplite/libpebblejs.a(simply_ui.c.21.o)
                0x0000000000002f98                simply_ui_set_text
 .text.simply_ui_set_text_color
                0x000000000000300c        0xc /home/konrad/Pebble Projects/GoProJS/node_modules/pebblejs/dist/binaries/aplite/libpebblejs.a(simply_ui.c.21.o)
                0x000000000000300c                simply_ui_set_text_color
 .text.simply_ui_clear
                0x0000000000003018       0x56 /home/konrad/Pebble Projects/GoProJS/node_modules/pebblejs/dist/binaries/aplite/libpebblejs.a(simply_ui.c.21.o)
                0x0000000000003018                simply_ui_clear
 .text.simply_ui_handle_packet
                0x000000000000306e       0x70 /home/konrad/Pebble Projects/GoProJS/node_modules/pebblejs/dist/binaries/aplite/libpebblejs.a(simply_ui.c.21.o)
                0x000000000000306e                simply_ui_handle_packet
 *fill*         0x00000000000030de        0x2 
 .text.simply_ui_create
                0x00000000000030e0       0x4c /home/konrad/Pebble Projects/GoProJS/node_modules/pebblejs/dist/binaries/aplite/libpebblejs.a(simply_ui.c.21.o)
                0x00000000000030e0                simply_ui_create
 .text.simply_ui_destroy
                0x000000000000312c       0x2a /home/konrad/Pebble Projects/GoProJS/node_modules/pebblejs/dist/binaries/aplite/libpebblejs.a(simply_ui.c.21.o)
                0x000000000000312c                simply_ui_destroy
 .text.wakeup_handler
                0x0000000000003156       0x1c /home/konrad/Pebble Projects/GoProJS/node_modules/pebblejs/dist/binaries/aplite/libpebblejs.a(simply_wakeup.c.21.o)
 .text.wakeup_set_timer_callback
                0x0000000000003172       0x20 /home/konrad/Pebble Projects/GoProJS/node_modules/pebblejs/dist/binaries/aplite/libpebblejs.a(simply_wakeup.c.21.o)
 *fill*         0x0000000000003192        0x2 
 .text.simply_wakeup_handle_packet
                0x0000000000003194       0xac /home/konrad/Pebble Projects/GoProJS/node_modules/pebblejs/dist/binaries/aplite/libpebblejs.a(simply_wakeup.c.21.o)
                0x0000000000003194                simply_wakeup_handle_packet
 .text.simply_wakeup_init
                0x0000000000003240        0xc /home/konrad/Pebble Projects/GoProJS/node_modules/pebblejs/dist/binaries/aplite/libpebblejs.a(simply_wakeup.c.21.o)
                0x0000000000003240                simply_wakeup_init
 .text.prv_update_layer_placement
                0x000000000000324c       0x9e /home/konrad/Pebble Projects/GoProJS/node_modules/pebblejs/dist/binaries/aplite/libpebblejs.a(simply_window.c.21.o)
 .text.simply_window_single_click_handler
                0x00000000000032ea       0x5c /home/konrad/Pebble Projects/GoProJS/node_modules/pebblejs/dist/binaries/aplite/libpebblejs.a(simply_window.c.21.o)
                0x00000000000032ea                simply_window_single_click_handler
 *fill*         0x0000000000003346        0x2 
 .text.scroll_layer_set_click_config_provider_onto_window.constprop.5
                0x0000000000003348       0x30 /home/konrad/Pebble Projects/GoProJS/node_modules/pebblejs/dist/binaries/aplite/libpebblejs.a(simply_window.c.21.o)
 .text.click_config_provider
                0x0000000000003378       0x7c /home/konrad/Pebble Projects/GoProJS/node_modules/pebblejs/dist/binaries/aplite/libpebblejs.a(simply_window.c.21.o)
 .text.long_click_handler
                0x00000000000033f4       0x32 /home/konrad/Pebble Projects/GoProJS/node_modules/pebblejs/dist/binaries/aplite/libpebblejs.a(simply_window.c.21.o)
 .text.simply_window_set_scrollable
                0x0000000000003426       0x8a /home/konrad/Pebble Projects/GoProJS/node_modules/pebblejs/dist/binaries/aplite/libpebblejs.a(simply_window.c.21.o)
                0x0000000000003426                simply_window_set_scrollable
 .text.simply_window_set_status_bar
                0x00000000000034b0       0x46 /home/konrad/Pebble Projects/GoProJS/node_modules/pebblejs/dist/binaries/aplite/libpebblejs.a(simply_window.c.21.o)
                0x00000000000034b0                simply_window_set_status_bar
 .text.simply_window_set_background_color
                0x00000000000034f6        0xe /home/konrad/Pebble Projects/GoProJS/node_modules/pebblejs/dist/binaries/aplite/libpebblejs.a(simply_window.c.21.o)
                0x00000000000034f6                simply_window_set_background_color
 .text.simply_window_set_status_bar_colors
                0x0000000000003504        0xa /home/konrad/Pebble Projects/GoProJS/node_modules/pebblejs/dist/binaries/aplite/libpebblejs.a(simply_window.c.21.o)
                0x0000000000003504                simply_window_set_status_bar_colors
 .text.simply_window_set_status_bar_separator_mode
                0x000000000000350e        0xa /home/konrad/Pebble Projects/GoProJS/node_modules/pebblejs/dist/binaries/aplite/libpebblejs.a(simply_window.c.21.o)
                0x000000000000350e                simply_window_set_status_bar_separator_mode
 .text.simply_window_set_action_bar
                0x0000000000003518       0x54 /home/konrad/Pebble Projects/GoProJS/node_modules/pebblejs/dist/binaries/aplite/libpebblejs.a(simply_window.c.21.o)
                0x0000000000003518                simply_window_set_action_bar
 .text.simply_window_set_action_bar_icon
                0x000000000000356c       0x58 /home/konrad/Pebble Projects/GoProJS/node_modules/pebblejs/dist/binaries/aplite/libpebblejs.a(simply_window.c.21.o)
                0x000000000000356c                simply_window_set_action_bar_icon
 .text.simply_window_set_action_bar_background_color
                0x00000000000035c4       0x38 /home/konrad/Pebble Projects/GoProJS/node_modules/pebblejs/dist/binaries/aplite/libpebblejs.a(simply_window.c.21.o)
                0x00000000000035c4                simply_window_set_action_bar_background_color
 .text.simply_window_action_bar_clear
                0x00000000000035fc       0x2c /home/konrad/Pebble Projects/GoProJS/node_modules/pebblejs/dist/binaries/aplite/libpebblejs.a(simply_window.c.21.o)
                0x00000000000035fc                simply_window_action_bar_clear
 .text.simply_window_preload
                0x0000000000003628       0x30 /home/konrad/Pebble Projects/GoProJS/node_modules/pebblejs/dist/binaries/aplite/libpebblejs.a(simply_window.c.21.o)
                0x0000000000003628                simply_window_preload
 .text.simply_window_load
                0x0000000000003658       0x94 /home/konrad/Pebble Projects/GoProJS/node_modules/pebblejs/dist/binaries/aplite/libpebblejs.a(simply_window.c.21.o)
                0x0000000000003658                simply_window_load
 .text.simply_window_appear
                0x00000000000036ec       0x1c /home/konrad/Pebble Projects/GoProJS/node_modules/pebblejs/dist/binaries/aplite/libpebblejs.a(simply_window.c.21.o)
                0x00000000000036ec                simply_window_appear
 .text.simply_window_disappear
                0x0000000000003708       0x1c /home/konrad/Pebble Projects/GoProJS/node_modules/pebblejs/dist/binaries/aplite/libpebblejs.a(simply_window.c.21.o)
                0x0000000000003708                simply_window_disappear
 .text.simply_window_unload
                0x0000000000003724       0x32 /home/konrad/Pebble Projects/GoProJS/node_modules/pebblejs/dist/binaries/aplite/libpebblejs.a(simply_window.c.21.o)
                0x0000000000003724                simply_window_unload
 .text.simply_window_handle_packet
                0x0000000000003756       0xbe /home/konrad/Pebble Projects/GoProJS/node_modules/pebblejs/dist/binaries/aplite/libpebblejs.a(simply_window.c.21.o)
                0x0000000000003756                simply_window_handle_packet
 .text.simply_window_init
                0x0000000000003814       0x26 /home/konrad/Pebble Projects/GoProJS/node_modules/pebblejs/dist/binaries/aplite/libpebblejs.a(simply_window.c.21.o)
                0x0000000000003814                simply_window_init
 .text.simply_window_deinit
                0x000000000000383a       0x12 /home/konrad/Pebble Projects/GoProJS/node_modules/pebblejs/dist/binaries/aplite/libpebblejs.a(simply_window.c.21.o)
                0x000000000000383a                simply_window_deinit
 .text.show_window_sdk_3.isra.4
                0x000000000000384c       0x50 /home/konrad/Pebble Projects/GoProJS/node_modules/pebblejs/dist/binaries/aplite/libpebblejs.a(simply_window_stack.c.21.o)
 .text.simply_window_stack_set_broadcast
                0x000000000000389c       0x10 /home/konrad/Pebble Projects/GoProJS/node_modules/pebblejs/dist/binaries/aplite/libpebblejs.a(simply_window_stack.c.21.o)
                0x000000000000389c                simply_window_stack_set_broadcast
 .text.simply_window_stack_get_top_window
                0x00000000000038ac       0x20 /home/konrad/Pebble Projects/GoProJS/node_modules/pebblejs/dist/binaries/aplite/libpebblejs.a(simply_window_stack.c.21.o)
                0x00000000000038ac                simply_window_stack_get_top_window
 .text.simply_window_stack_show
                0x00000000000038cc        0x4 /home/konrad/Pebble Projects/GoProJS/node_modules/pebblejs/dist/binaries/aplite/libpebblejs.a(simply_window_stack.c.21.o)
                0x00000000000038cc                simply_window_stack_show
 .text.simply_window_stack_pop
                0x00000000000038d0       0x26 /home/konrad/Pebble Projects/GoProJS/node_modules/pebblejs/dist/binaries/aplite/libpebblejs.a(simply_window_stack.c.21.o)
                0x00000000000038d0                simply_window_stack_pop
 *fill*         0x00000000000038f6        0x2 
 .text.simply_window_stack_send_show
                0x00000000000038f8       0x30 /home/konrad/Pebble Projects/GoProJS/node_modules/pebblejs/dist/binaries/aplite/libpebblejs.a(simply_window_stack.c.21.o)
                0x00000000000038f8                simply_window_stack_send_show
 .text.simply_window_stack_send_hide
                0x0000000000003928       0x30 /home/konrad/Pebble Projects/GoProJS/node_modules/pebblejs/dist/binaries/aplite/libpebblejs.a(simply_window_stack.c.21.o)
                0x0000000000003928                simply_window_stack_send_hide
 .text.simply_window_stack_back
                0x0000000000003958       0x1a /home/konrad/Pebble Projects/GoProJS/node_modules/pebblejs/dist/binaries/aplite/libpebblejs.a(simply_window_stack.c.21.o)
                0x0000000000003958                simply_window_stack_back
 .text.simply_window_stack_handle_packet
                0x0000000000003972       0x4a /home/konrad/Pebble Projects/GoProJS/node_modules/pebblejs/dist/binaries/aplite/libpebblejs.a(simply_window_stack.c.21.o)
                0x0000000000003972                simply_window_stack_handle_packet
 .text.simply_window_stack_create
                0x00000000000039bc       0x12 /home/konrad/Pebble Projects/GoProJS/node_modules/pebblejs/dist/binaries/aplite/libpebblejs.a(simply_window_stack.c.21.o)
                0x00000000000039bc                simply_window_stack_create
 .text.simply_window_stack_destroy
                0x00000000000039ce        0x8 /home/konrad/Pebble Projects/GoProJS/node_modules/pebblejs/dist/binaries/aplite/libpebblejs.a(simply_window_stack.c.21.o)
                0x00000000000039ce                simply_window_stack_destroy
 .text.__udivmoddi4
                0x00000000000039d6      0x2b8 /usr/lib/gcc/arm-none-eabi/6.2.0/armv7-m/libgcc.a(_udivmoddi4.o)
                0x00000000000039d6                __udivmoddi4
 *(.rodata)
 *(.rodata*)
 .rodata.str1.1
                0x0000000000003c8e       0x1b /home/konrad/Pebble Projects/GoProJS/node_modules/pebblejs/dist/binaries/aplite/libpebblejs.a(simply_menu.c.21.o)
                                         0x1c (size before relaxing)
 .rodata.str1.1
                0x0000000000003ca9       0x26 /home/konrad/Pebble Projects/GoProJS/node_modules/pebblejs/dist/binaries/aplite/libpebblejs.a(simply_msg.c.21.o)
 .rodata.str1.1
                0x0000000000003ccf       0x16 /home/konrad/Pebble Projects/GoProJS/node_modules/pebblejs/dist/binaries/aplite/libpebblejs.a(simply_stage.c.21.o)
 .rodata.CSWTCH.22
                0x0000000000003ce5        0x7 /home/konrad/Pebble Projects/GoProJS/node_modules/pebblejs/dist/binaries/aplite/libpebblejs.a(simply_stage.c.21.o)
 .rodata.str1.1
                0x0000000000003cec       0x7d /home/konrad/Pebble Projects/GoProJS/node_modules/pebblejs/dist/binaries/aplite/libpebblejs.a(simply_ui.c.21.o)

.glue_7         0x0000000000003d6c        0x0
 .glue_7        0x0000000000003d6c        0x0 linker stubs

.glue_7t        0x0000000000003d6c        0x0
 .glue_7t       0x0000000000003d6c        0x0 linker stubs

.vfp11_veneer   0x0000000000003d6c        0x0
 .vfp11_veneer  0x0000000000003d6c        0x0 linker stubs

.v4_bx          0x0000000000003d6c        0x0
 .v4_bx         0x0000000000003d6c        0x0 linker stubs

.init           0x0000000000003d6c        0x4
 .init          0x0000000000003d6c        0x4 /usr/lib/gcc/arm-none-eabi/6.2.0/armv7-m/crti.o
                0x0000000000003d6c                _init

.fini           0x0000000000003d70        0x4
 .fini          0x0000000000003d70        0x4 /usr/lib/gcc/arm-none-eabi/6.2.0/armv7-m/crti.o
                0x0000000000003d70                _fini

.iplt           0x0000000000003d74        0x0
 .iplt          0x0000000000003d74        0x0 /usr/lib/gcc/arm-none-eabi/6.2.0/armv7-m/crtbegin.o

.rel.dyn        0x0000000000003d74        0x0
 .rel.iplt      0x0000000000003d74        0x0 /usr/lib/gcc/arm-none-eabi/6.2.0/armv7-m/crtbegin.o
 .rel.got       0x0000000000003d74        0x0 /usr/lib/gcc/arm-none-eabi/6.2.0/armv7-m/crtbegin.o

.ARM.exidx.text.__udivmoddi4
                0x0000000000003d74        0x8
 .ARM.exidx.text.__udivmoddi4
                0x0000000000003d74        0x8 /usr/lib/gcc/arm-none-eabi/6.2.0/armv7-m/libgcc.a(_udivmoddi4.o)

.data           0x0000000000003d7c       0x57
 *(.data)
 .data          0x0000000000003d7c        0x0 /usr/lib/gcc/arm-none-eabi/6.2.0/armv7-m/crti.o
 .data          0x0000000000003d7c        0x0 /usr/lib/gcc/arm-none-eabi/6.2.0/armv7-m/crtbegin.o
 .data          0x0000000000003d7c        0x0 /usr/lib/gcc/arm-none-eabi/6.2.0/../../../../arm-none-eabi/lib/armv7-m/crt0.o
 .data          0x0000000000003d7c        0x0 src/c/GoProJS.c.33.o
 .data          0x0000000000003d7c        0x0 aplite/appinfo.auto.c.33.o
 .data          0x0000000000003d7c        0x0 aplite/src/resource_ids.auto.c.33.o
 .data          0x0000000000003d7c        0x0 src/message_keys.auto.c.33.o
 .data          0x0000000000003d7c        0x0 /home/konrad/.pebble-sdk/SDKs/current/sdk-core/pebble/aplite/lib/libpebble.a(tmp7jpKUopebble.o)
 .data          0x0000000000003d7c        0x0 /home/konrad/Pebble Projects/GoProJS/node_modules/pebblejs/dist/binaries/aplite/libpebblejs.a(simply.c.21.o)
 .data          0x0000000000003d7c        0x0 /home/konrad/Pebble Projects/GoProJS/node_modules/pebblejs/dist/binaries/aplite/libpebblejs.a(simply_accel.c.21.o)
 .data          0x0000000000003d7c        0x0 /home/konrad/Pebble Projects/GoProJS/node_modules/pebblejs/dist/binaries/aplite/libpebblejs.a(simply_menu.c.21.o)
 .data          0x0000000000003d7c        0x0 /home/konrad/Pebble Projects/GoProJS/node_modules/pebblejs/dist/binaries/aplite/libpebblejs.a(simply_msg.c.21.o)
 .data          0x0000000000003d7c        0x0 /home/konrad/Pebble Projects/GoProJS/node_modules/pebblejs/dist/binaries/aplite/libpebblejs.a(simply_res.c.21.o)
 .data          0x0000000000003d7c        0x0 /home/konrad/Pebble Projects/GoProJS/node_modules/pebblejs/dist/binaries/aplite/libpebblejs.a(simply_splash.c.21.o)
 .data          0x0000000000003d7c        0x0 /home/konrad/Pebble Projects/GoProJS/node_modules/pebblejs/dist/binaries/aplite/libpebblejs.a(simply_stage.c.21.o)
 .data          0x0000000000003d7c        0x0 /home/konrad/Pebble Projects/GoProJS/node_modules/pebblejs/dist/binaries/aplite/libpebblejs.a(simply_ui.c.21.o)
 .data          0x0000000000003d7c        0x0 /home/konrad/Pebble Projects/GoProJS/node_modules/pebblejs/dist/binaries/aplite/libpebblejs.a(simply_wakeup.c.21.o)
 .data          0x0000000000003d7c        0x0 /home/konrad/Pebble Projects/GoProJS/node_modules/pebblejs/dist/binaries/aplite/libpebblejs.a(simply_window.c.21.o)
 .data          0x0000000000003d7c        0x0 /home/konrad/Pebble Projects/GoProJS/node_modules/pebblejs/dist/binaries/aplite/libpebblejs.a(simply_window_stack.c.21.o)
 .data          0x0000000000003d7c        0x0 /usr/lib/gcc/arm-none-eabi/6.2.0/armv7-m/libgcc.a(_aeabi_ldivmod.o)
 .data          0x0000000000003d7c        0x0 /usr/lib/gcc/arm-none-eabi/6.2.0/armv7-m/libgcc.a(_udivmoddi4.o)
 .data          0x0000000000003d7c        0x0 /usr/lib/gcc/arm-none-eabi/6.2.0/armv7-m/libgcc.a(_dvmd_tls.o)
 .data          0x0000000000003d7c        0x0 /usr/lib/gcc/arm-none-eabi/6.2.0/../../../../arm-none-eabi/lib/armv7-m/libc.a(lib_a-atexit.o)
 .data          0x0000000000003d7c        0x0 /usr/lib/gcc/arm-none-eabi/6.2.0/../../../../arm-none-eabi/lib/armv7-m/libc.a(lib_a-exit.o)
 .data          0x0000000000003d7c        0x0 /usr/lib/gcc/arm-none-eabi/6.2.0/../../../../arm-none-eabi/lib/armv7-m/libc.a(lib_a-fini.o)
 .data          0x0000000000003d7c        0x0 /usr/lib/gcc/arm-none-eabi/6.2.0/../../../../arm-none-eabi/lib/armv7-m/libc.a(lib_a-impure.o)
 .data          0x0000000000003d7c        0x0 /usr/lib/gcc/arm-none-eabi/6.2.0/../../../../arm-none-eabi/lib/armv7-m/libc.a(lib_a-init.o)
 .data          0x0000000000003d7c        0x0 /usr/lib/gcc/arm-none-eabi/6.2.0/../../../../arm-none-eabi/lib/armv7-m/libc.a(lib_a-__atexit.o)
 .data          0x0000000000003d7c        0x0 /usr/lib/gcc/arm-none-eabi/6.2.0/../../../../arm-none-eabi/lib/armv7-m/libc.a(lib_a-__call_atexit.o)
 .data          0x0000000000003d7c        0x0 /usr/lib/gcc/arm-none-eabi/6.2.0/armv7-m/crtend.o
 .data          0x0000000000003d7c        0x0 /usr/lib/gcc/arm-none-eabi/6.2.0/armv7-m/crtn.o
 *(.data.*)
 .data.RESOURCE_ID_SIMPLY_IMAGE_TILE_SPLASH
                0x0000000000003d7c        0x4 aplite/src/resource_ids.auto.c.33.o
                0x0000000000003d7c                RESOURCE_ID_SIMPLY_IMAGE_TILE_SPLASH
 .data.RESOURCE_ID_SIMPLY_MONO_FONT_14
                0x0000000000003d80        0x4 aplite/src/resource_ids.auto.c.33.o
                0x0000000000003d80                RESOURCE_ID_SIMPLY_MONO_FONT_14
 .data.s_normal_palette
                0x0000000000003d84        0x2 /home/konrad/Pebble Projects/GoProJS/node_modules/pebblejs/dist/binaries/aplite/libpebblejs.a(simply_menu.c.21.o)
 *fill*         0x0000000000003d86        0x2 
 .data.rel.ro.local.s_window_handlers.8423
                0x0000000000003d88       0x10 /home/konrad/Pebble Projects/GoProJS/node_modules/pebblejs/dist/binaries/aplite/libpebblejs.a(simply_menu.c.21.o)
 .data.s_inverted_palette
                0x0000000000003d98        0x2 /home/konrad/Pebble Projects/GoProJS/node_modules/pebblejs/dist/binaries/aplite/libpebblejs.a(simply_menu.c.21.o)
 *fill*         0x0000000000003d9a        0x2 
 .data.rel.ro.local.s_window_handlers.8464
                0x0000000000003d9c       0x10 /home/konrad/Pebble Projects/GoProJS/node_modules/pebblejs/dist/binaries/aplite/libpebblejs.a(simply_stage.c.21.o)
 .data.rel.ro.implementation.8338
                0x0000000000003dac       0x14 /home/konrad/Pebble Projects/GoProJS/node_modules/pebblejs/dist/binaries/aplite/libpebblejs.a(simply_stage.c.21.o)
 .data.rel.ro.local.s_window_handlers.8213
                0x0000000000003dc0       0x10 /home/konrad/Pebble Projects/GoProJS/node_modules/pebblejs/dist/binaries/aplite/libpebblejs.a(simply_ui.c.21.o)
 .data.s_button_palette
                0x0000000000003dd0        0x2 /home/konrad/Pebble Projects/GoProJS/node_modules/pebblejs/dist/binaries/aplite/libpebblejs.a(simply_window.c.21.o)
 .data.s_broadcast_window
                0x0000000000003dd2        0x1 /home/konrad/Pebble Projects/GoProJS/node_modules/pebblejs/dist/binaries/aplite/libpebblejs.a(simply_window_stack.c.21.o)

.igot.plt       0x0000000000003dd4        0x0
 .igot.plt      0x0000000000003dd4        0x0 /usr/lib/gcc/arm-none-eabi/6.2.0/armv7-m/crtbegin.o

.got            0x0000000000003dd4        0x8
 .got           0x0000000000003dd4        0x8 /usr/lib/gcc/arm-none-eabi/6.2.0/armv7-m/crtbegin.o

.got.plt        0x0000000000003ddc        0xc
 .got.plt       0x0000000000003ddc        0xc /usr/lib/gcc/arm-none-eabi/6.2.0/armv7-m/crtbegin.o
                0x0000000000003ddc                _GLOBAL_OFFSET_TABLE_

.bss            0x0000000000003de8      0x174
 *(.bss)
 *(.bss.*)
 .bss.s_accel   0x0000000000003de8        0x4 /home/konrad/Pebble Projects/GoProJS/node_modules/pebblejs/dist/binaries/aplite/libpebblejs.a(simply_accel.c.21.o)
 .bss.s_provider.7979
                0x0000000000003dec        0x4 /home/konrad/Pebble Projects/GoProJS/node_modules/pebblejs/dist/binaries/aplite/libpebblejs.a(simply_menu.c.21.o)
 .bss.s_has_communicated
                0x0000000000003df0        0x1 /home/konrad/Pebble Projects/GoProJS/node_modules/pebblejs/dist/binaries/aplite/libpebblejs.a(simply_msg.c.21.o)
 *fill*         0x0000000000003df1        0x3 
 .bss.s_msg     0x0000000000003df4        0x4 /home/konrad/Pebble Projects/GoProJS/node_modules/pebblejs/dist/binaries/aplite/libpebblejs.a(simply_msg.c.21.o)
 .bss.time_text.8225
                0x0000000000003df8      0x100 /home/konrad/Pebble Projects/GoProJS/node_modules/pebblejs/dist/binaries/aplite/libpebblejs.a(simply_stage.c.21.o)
 .bss.STYLES    0x0000000000003ef8       0x5f /home/konrad/Pebble Projects/GoProJS/node_modules/pebblejs/dist/binaries/aplite/libpebblejs.a(simply_ui.c.21.o)
 *fill*         0x0000000000003f57        0x1 
 .bss.s_provider.7975
                0x0000000000003f58        0x4 /home/konrad/Pebble Projects/GoProJS/node_modules/pebblejs/dist/binaries/aplite/libpebblejs.a(simply_window.c.21.o)

DISCARD
 libc.a(*)
 libm.a(*)
 libgcc.a(*)
 *(.eh_frame)
OUTPUT(/home/konrad/Pebble Projects/GoProJS/build/aplite/pebble-app.elf elf32-littlearm)

.ARM.attributes
                0x0000000000000000       0x29
 .ARM.attributes
                0x0000000000000000       0x1d /usr/lib/gcc/arm-none-eabi/6.2.0/armv7-m/crti.o
 .ARM.attributes
                0x000000000000001d       0x2d /usr/lib/gcc/arm-none-eabi/6.2.0/armv7-m/crtbegin.o
 .ARM.attributes
                0x000000000000004a       0x1b /usr/lib/gcc/arm-none-eabi/6.2.0/../../../../arm-none-eabi/lib/armv7-m/crt0.o
 .ARM.attributes
                0x0000000000000065       0x33 src/c/GoProJS.c.33.o
 .ARM.attributes
                0x0000000000000098       0x33 aplite/appinfo.auto.c.33.o
 .ARM.attributes
                0x00000000000000cb       0x33 aplite/src/resource_ids.auto.c.33.o
 .ARM.attributes
                0x00000000000000fe       0x33 src/message_keys.auto.c.33.o
 .ARM.attributes
                0x0000000000000131       0x21 /home/konrad/.pebble-sdk/SDKs/current/sdk-core/pebble/aplite/lib/libpebble.a(tmp7jpKUopebble.o)
 .ARM.attributes
                0x0000000000000152       0x33 /home/konrad/Pebble Projects/GoProJS/node_modules/pebblejs/dist/binaries/aplite/libpebblejs.a(simply.c.21.o)
 .ARM.attributes
                0x0000000000000185       0x33 /home/konrad/Pebble Projects/GoProJS/node_modules/pebblejs/dist/binaries/aplite/libpebblejs.a(simply_accel.c.21.o)
 .ARM.attributes
                0x00000000000001b8       0x33 /home/konrad/Pebble Projects/GoProJS/node_modules/pebblejs/dist/binaries/aplite/libpebblejs.a(simply_menu.c.21.o)
 .ARM.attributes
                0x00000000000001eb       0x33 /home/konrad/Pebble Projects/GoProJS/node_modules/pebblejs/dist/binaries/aplite/libpebblejs.a(simply_msg.c.21.o)
 .ARM.attributes
                0x000000000000021e       0x33 /home/konrad/Pebble Projects/GoProJS/node_modules/pebblejs/dist/binaries/aplite/libpebblejs.a(simply_res.c.21.o)
 .ARM.attributes
                0x0000000000000251       0x33 /home/konrad/Pebble Projects/GoProJS/node_modules/pebblejs/dist/binaries/aplite/libpebblejs.a(simply_splash.c.21.o)
 .ARM.attributes
                0x0000000000000284       0x33 /home/konrad/Pebble Projects/GoProJS/node_modules/pebblejs/dist/binaries/aplite/libpebblejs.a(simply_stage.c.21.o)
 .ARM.attributes
                0x00000000000002b7       0x33 /home/konrad/Pebble Projects/GoProJS/node_modules/pebblejs/dist/binaries/aplite/libpebblejs.a(simply_ui.c.21.o)
 .ARM.attributes
                0x00000000000002ea       0x33 /home/konrad/Pebble Projects/GoProJS/node_modules/pebblejs/dist/binaries/aplite/libpebblejs.a(simply_wakeup.c.21.o)
 .ARM.attributes
                0x000000000000031d       0x33 /home/konrad/Pebble Projects/GoProJS/node_modules/pebblejs/dist/binaries/aplite/libpebblejs.a(simply_window.c.21.o)
 .ARM.attributes
                0x0000000000000350       0x33 /home/konrad/Pebble Projects/GoProJS/node_modules/pebblejs/dist/binaries/aplite/libpebblejs.a(simply_window_stack.c.21.o)
 .ARM.attributes
                0x0000000000000383       0x1d /usr/lib/gcc/arm-none-eabi/6.2.0/armv7-m/libgcc.a(_aeabi_ldivmod.o)
 .ARM.attributes
                0x00000000000003a0       0x2d /usr/lib/gcc/arm-none-eabi/6.2.0/armv7-m/libgcc.a(_udivmoddi4.o)
 .ARM.attributes
                0x00000000000003cd       0x1d /usr/lib/gcc/arm-none-eabi/6.2.0/armv7-m/libgcc.a(_dvmd_tls.o)
 .ARM.attributes
                0x00000000000003ea       0x2d /usr/lib/gcc/arm-none-eabi/6.2.0/../../../../arm-none-eabi/lib/armv7-m/libc.a(lib_a-atexit.o)
 .ARM.attributes
                0x0000000000000417       0x2d /usr/lib/gcc/arm-none-eabi/6.2.0/../../../../arm-none-eabi/lib/armv7-m/libc.a(lib_a-exit.o)
 .ARM.attributes
                0x0000000000000444       0x2d /usr/lib/gcc/arm-none-eabi/6.2.0/../../../../arm-none-eabi/lib/armv7-m/libc.a(lib_a-fini.o)
 .ARM.attributes
                0x0000000000000471       0x2d /usr/lib/gcc/arm-none-eabi/6.2.0/../../../../arm-none-eabi/lib/armv7-m/libc.a(lib_a-impure.o)
 .ARM.attributes
                0x000000000000049e       0x2d /usr/lib/gcc/arm-none-eabi/6.2.0/../../../../arm-none-eabi/lib/armv7-m/libc.a(lib_a-init.o)
 .ARM.attributes
                0x00000000000004cb       0x2d /usr/lib/gcc/arm-none-eabi/6.2.0/../../../../arm-none-eabi/lib/armv7-m/libc.a(lib_a-__atexit.o)
 .ARM.attributes
                0x00000000000004f8       0x2d /usr/lib/gcc/arm-none-eabi/6.2.0/../../../../arm-none-eabi/lib/armv7-m/libc.a(lib_a-__call_atexit.o)
 .ARM.attributes
                0x0000000000000525       0x2d /usr/lib/gcc/arm-none-eabi/6.2.0/armv7-m/crtend.o
 .ARM.attributes
                0x0000000000000552       0x1d /usr/lib/gcc/arm-none-eabi/6.2.0/armv7-m/crtn.o

.comment        0x0000000000000000       0x6b
 .comment       0x0000000000000000       0x1d src/c/GoProJS.c.33.o
                                         0x1e (size before relaxing)
 .comment       0x000000000000001d       0x1e aplite/appinfo.auto.c.33.o
 .comment       0x000000000000001d       0x1e aplite/src/resource_ids.auto.c.33.o
 .comment       0x000000000000001d       0x1e src/message_keys.auto.c.33.o
 .comment       0x000000000000001d       0x4e /home/konrad/Pebble Projects/GoProJS/node_modules/pebblejs/dist/binaries/aplite/libpebblejs.a(simply.c.21.o)
                                         0x4f (size before relaxing)
 .comment       0x000000000000006b       0x4f /home/konrad/Pebble Projects/GoProJS/node_modules/pebblejs/dist/binaries/aplite/libpebblejs.a(simply_accel.c.21.o)
 .comment       0x000000000000006b       0x4f /home/konrad/Pebble Projects/GoProJS/node_modules/pebblejs/dist/binaries/aplite/libpebblejs.a(simply_menu.c.21.o)
 .comment       0x000000000000006b       0x4f /home/konrad/Pebble Projects/GoProJS/node_modules/pebblejs/dist/binaries/aplite/libpebblejs.a(simply_msg.c.21.o)
 .comment       0x000000000000006b       0x4f /home/konrad/Pebble Projects/GoProJS/node_modules/pebblejs/dist/binaries/aplite/libpebblejs.a(simply_res.c.21.o)
 .comment       0x000000000000006b       0x4f /home/konrad/Pebble Projects/GoProJS/node_modules/pebblejs/dist/binaries/aplite/libpebblejs.a(simply_splash.c.21.o)
 .comment       0x000000000000006b       0x4f /home/konrad/Pebble Projects/GoProJS/node_modules/pebblejs/dist/binaries/aplite/libpebblejs.a(simply_stage.c.21.o)
 .comment       0x000000000000006b       0x4f /home/konrad/Pebble Projects/GoProJS/node_modules/pebblejs/dist/binaries/aplite/libpebblejs.a(simply_ui.c.21.o)
 .comment       0x000000000000006b       0x4f /home/konrad/Pebble Projects/GoProJS/node_modules/pebblejs/dist/binaries/aplite/libpebblejs.a(simply_wakeup.c.21.o)